7.ip-51-255-51.eu - - [27/Sep/2016:01:37:09 +0300] "GET /cinemaTicket/hall/46959 HTTP/1.0" 404 6043 "-" "Mozilla/5.0 (compatible; MJ12bot/v1.4.5; http://www.majestic12.co.uk/bot.php?+)"
7.ip-51-255-51.eu - - [27/Sep/2016:01:37:10 +0300] "GET /cinemaTicket/hall/46964 HTTP/1.0" 404 6043 "-" "Mozilla/5.0 (compatible; MJ12bot/v1.4.5; http://www.majestic12.co.uk/bot.php?+)"
7.ip-51-255-51.eu - - [27/Sep/2016:01:37:12 +0300] "GET /cinemaTicket/hall/46966 HTTP/1.0" 404 6043 "-" "Mozilla/5.0 (compatible; MJ12bot/v1.4.5; http://www.majestic12.co.uk/bot.php?+)"
7.ip-51-255-51.eu - - [27/Sep/2016:01:37:13 +0300] "GET /cinemaTicket/hall/46967 HTTP/1.0" 404 6043 "-" "Mozilla/5.0 (compatible; MJ12bot/v1.4.5; http://www.majestic12.co.uk/bot.php?+)"
7.ip-51-255-51.eu - - [27/Sep/2016:01:37:15 +0300] "GET /cinemaTicket/hall/46968 HTTP/1.0" 404 6043 "-" "Mozilla/5.0 (compatible; MJ12bot/v1.4.5; http://www.majestic12.co.uk/bot.php?+)"
7.ip-51-255-51.eu - - [27/Sep/2016:01:37:16 +0300] "GET /cinemaTicket/hall/46976 HTTP/1.0" 404 6043 "-" "Mozilla/5.0 (compatible; MJ12bot/v1.4.5; http://www.majestic12.co.uk/bot.php?+)"
7.ip-51-255-51.eu - - [27/Sep/2016:01:37:18 +0300] "GET /cinemaTicket/hall/48192 HTTP/1.0" 404 6043 "-" "Mozilla/5.0 (compatible; MJ12bot/v1.4.5; http://www.majestic12.co.uk/bot.php?+)"
7.ip-51-255-51.eu - - [27/Sep/2016:01:37:19 +0300] "GET /cinemaTicket/hall/48193 HTTP/1.0" 404 6043 "-" "Mozilla/5.0 (compatible; MJ12bot/v1.4.5; http://www.majestic12.co.uk/bot.php?+)"
7.ip-51-255-51.eu - - [27/Sep/2016:01:37:21 +0300] "GET /cinemaTicket/hall/48206 HTTP/1.0" 404 6043 "-" "Mozilla/5.0 (compatible; MJ12bot/v1.4.5; http://www.majestic12.co.uk/bot.php?+)"
7.ip-51-255-51.eu - - [27/Sep/2016:01:37:22 +0300] "GET /cinemaTicket/hall/48207 HTTP/1.0" 404 6043 "-" "Mozilla/5.0 (compatible; MJ12bot/v1.4.5; http://www.majestic12.co.uk/bot.php?+)"
7.ip-51-255-51.eu - - [27/Sep/2016:01:37:24 +0300] "GET /cinemaTicket/hall/48208 HTTP/1.0" 404 6043 "-" "Mozilla/5.0 (compatible; MJ12bot/v1.4.5; http://www.majestic12.co.uk/bot.php?+)"
7.ip-51-255-51.eu - - [27/Sep/2016:01:37:25 +0300] "GET /cinemaTicket/hall/48209 HTTP/1.0" 404 6043 "-" "Mozilla/5.0 (compatible; MJ12bot/v1.4.5; http://www.majestic12.co.uk/bot.php?+)"
7.ip-51-255-51.eu - - [27/Sep/2016:01:37:27 +0300] "GET /cinemaTicket/hall/48210 HTTP/1.0" 404 6043 "-" "Mozilla/5.0 (compatible; MJ12bot/v1.4.5; http://www.majestic12.co.uk/bot.php?+)"
7.ip-51-255-51.eu - - [27/Sep/2016:01:37:28 +0300] "GET /cinemaTicket/hall/48211 HTTP/1.0" 404 6043 "-" "Mozilla/5.0 (compatible; MJ12bot/v1.4.5; http://www.majestic12.co.uk/bot.php?+)"
7.ip-51-255-51.eu - - [27/Sep/2016:01:37:30 +0300] "GET /cinemaTicket/hall/48212 HTTP/1.0" 404 6043 "-" "Mozilla/5.0 (compatible; MJ12bot/v1.4.5; http://www.majestic12.co.uk/bot.php?+)"
7.ip-51-255-51.eu - - [27/Sep/2016:01:37:31 +0300] "GET /cinemaTicket/hall/48213 HTTP/1.0" 404 6043 "-" "Mozilla/5.0 (compatible; MJ12bot/v1.4.5; http://www.majestic12.co.uk/bot.php?+)"
7.ip-51-255-51.eu - - [27/Sep/2016:01:37:33 +0300] "GET /cinemaTicket/showtimes/list/date/03.08.2016 HTTP/1.0" 200 8501 "-" "Mozilla/5.0 (compatible; MJ12bot/v1.4.5; http://www.majestic12.co.uk/bot.php?+)"
7.ip-51-255-51.eu - - [27/Sep/2016:01:37:34 +0300] "GET /cinemaTicket/showtimes/list/date/07.09.2016 HTTP/1.0" 200 8501 "-" "Mozilla/5.0 (compatible; MJ12bot/v1.4.5; http://www.majestic12.co.uk/bot.php?+)"
7.ip-51-255-51.eu - - [27/Sep/2016:01:37:36 +0300] "GET /cinemaTicket/showtimes/list/date/12.09.2016 HTTP/1.0" 200 8502 "-" "Mozilla/5.0 (compatible; MJ12bot/v1.4.5; http://www.majestic12.co.uk/bot.php?+)"
7.ip-51-255-51.eu - - [27/Sep/2016:01:37:37 +0300] "GET /cinemaTicket/showtimes/list/date/13.09.2016 HTTP/1.0" 200 8502 "-" "Mozilla/5.0 (compatible; MJ12bot/v1.4.5; http://www.majestic12.co.uk/bot.php?+)"
7.ip-51-255-51.eu - - [27/Sep/2016:01:37:39 +0300] "GET /cinemaTicket/showtimes/list/date/14.09.2016 HTTP/1.0" 200 8502 "-" "Mozilla/5.0 (compatible; MJ12bot/v1.4.5; http://www.majestic12.co.uk/bot.php?+)"
host126.net176-62-76.bs-telecom.net - - [27/Sep/2016:01:38:01 +0300] "GET /favicon.ico HTTP/1.0" 404 6043 "-" "Mozilla/5.0 (Windows NT 10.0; WOW64) AppleWebKit/537.36 (KHTML, like Gecko) Chrome/52.0.2743.116 YaBrowser/16.9.1.1131 (dfl2nc9ks) Yowser/2.5 Safari/537.36"
host126.net176-62-76.bs-telecom.net - - [27/Sep/2016:01:39:01 +0300] "GET /favicon.ico HTTP/1.0" 404 6043 "-" "Mozilla/5.0 (Windows NT 10.0; WOW64) AppleWebKit/537.36 (KHTML, like Gecko) Chrome/52.0.2743.116 YaBrowser/16.9.1.1131 (dfl2nc9ks) Yowser/2.5 Safari/537.36"
host126.net176-62-76.bs-telecom.net - - [27/Sep/2016:01:40:01 +0300] "GET /favicon.ico HTTP/1.0" 404 6043 "-" "Mozilla/5.0 (Windows NT 10.0; WOW64) AppleWebKit/537.36 (KHTML, like Gecko) Chrome/52.0.2743.116 YaBrowser/16.9.1.1131 (dfl2nc9ks) Yowser/2.5 Safari/537.36"
host126.net176-62-76.bs-telecom.net - - [27/Sep/2016:01:41:01 +0300] "GET /favicon.ico HTTP/1.0" 404 6043 "-" "Mozilla/5.0 (Windows NT 10.0; WOW64) AppleWebKit/537.36 (KHTML, like Gecko) Chrome/52.0.2743.116 YaBrowser/16.9.1.1131 (dfl2nc9ks) Yowser/2.5 Safari/537.36"
spider-178-154-149-7.yandex.com - - [27/Sep/2016:01:41:10 +0300] "GET /cinema/film/454 HTTP/1.0" 200 7768 "-" "Mozilla/5.0 (compatible; YandexBot/3.0; +http://yandex.com/bots)"
host126.net176-62-76.bs-telecom.net - - [27/Sep/2016:01:42:01 +0300] "GET /favicon.ico HTTP/1.0" 404 6043 "-" "Mozilla/5.0 (Windows NT 10.0; WOW64) AppleWebKit/537.36 (KHTML, like Gecko) Chrome/52.0.2743.116 YaBrowser/16.9.1.1131 (dfl2nc9ks) Yowser/2.5 Safari/537.36"
msnbot-207-46-13-69.search.msn.com - - [27/Sep/2016:01:42:02 +0300] "GET /cinemaTicket/showtimes/list/date/08.04.2015 HTTP/1.0" 200 8501 "-" "Mozilla/5.0 (compatible; bingbot/2.0; +http://www.bing.com/bingbot.htm)"
host126.net176-62-76.bs-telecom.net - - [27/Sep/2016:01:43:01 +0300] "GET /favicon.ico HTTP/1.0" 404 6043 "-" "Mozilla/5.0 (Windows NT 10.0; WOW64) AppleWebKit/537.36 (KHTML, like Gecko) Chrome/52.0.2743.116 YaBrowser/16.9.1.1131 (dfl2nc9ks) Yowser/2.5 Safari/537.36"
host126.net176-62-76.bs-telecom.net - - [27/Sep/2016:01:44:01 +0300] "GET /favicon.ico HTTP/1.0" 404 6043 "-" "Mozilla/5.0 (Windows NT 10.0; WOW64) AppleWebKit/537.36 (KHTML, like Gecko) Chrome/52.0.2743.116 YaBrowser/16.9.1.1131 (dfl2nc9ks) Yowser/2.5 Safari/537.36"
host126.net176-62-76.bs-telecom.net - - [27/Sep/2016:01:45:01 +0300] "GET /favicon.ico HTTP/1.0" 404 6043 "-" "Mozilla/5.0 (Windows NT 10.0; WOW64) AppleWebKit/537.36 (KHTML, like Gecko) Chrome/52.0.2743.116 YaBrowser/16.9.1.1131 (dfl2nc9ks) Yowser/2.5 Safari/537.36"
host126.net176-62-76.bs-telecom.net - - [27/Sep/2016:01:46:01 +0300] "GET /favicon.ico HTTP/1.0" 404 6043 "-" "Mozilla/5.0 (Windows NT 10.0; WOW64) AppleWebKit/537.36 (KHTML, like Gecko) Chrome/52.0.2743.116 YaBrowser/16.9.1.1131 (dfl2nc9ks) Yowser/2.5 Safari/537.36"
217.69.134.148 - - [27/Sep/2016:01:46:33 +0300] "GET /news/news/read/url/prodazha-biletov-onlajn HTTP/1.0" 403 633 "-" "Mozilla/5.0 (compatible; Linux x86_64; Mail.RU_Bot/Fast/2.0; +http://go.mail.ru/help/robots)"
crawl-66-249-66-129.googlebot.com - - [27/Sep/2016:01:46:34 +0300] "GET /cinemaTicket/hall/48416 HTTP/1.0" 404 6043 "-" "Mozilla/5.0 (compatible; Googlebot/2.1; +http://www.google.com/bot.html)"
62-210-94-38.rev.poneytelecom.eu - - [27/Sep/2016:01:46:50 +0300] "GET / HTTP/1.0" 200 11522 "http://mail.ru/" "Mozilla/5.0 (Windows NT 10.0; WOW64) AppleWebKit/537.36 (KHTML, like Gecko) Chrome/50.0.2661.102 Safari/537.36"
host126.net176-62-76.bs-telecom.net - - [27/Sep/2016:01:47:01 +0300] "GET /favicon.ico HTTP/1.0" 404 6043 "-" "Mozilla/5.0 (Windows NT 10.0; WOW64) AppleWebKit/537.36 (KHTML, like Gecko) Chrome/52.0.2743.116 YaBrowser/16.9.1.1131 (dfl2nc9ks) Yowser/2.5 Safari/537.36"
host126.net176-62-76.bs-telecom.net - - [27/Sep/2016:01:48:01 +0300] "GET /favicon.ico HTTP/1.0" 404 6043 "-" "Mozilla/5.0 (Windows NT 10.0; WOW64) AppleWebKit/537.36 (KHTML, like Gecko) Chrome/52.0.2743.116 YaBrowser/16.9.1.1131 (dfl2nc9ks) Yowser/2.5 Safari/537.36"
spider-178-154-149-7.yandex.com - - [27/Sep/2016:01:48:37 +0300] "GET /cinema/soon HTTP/1.0" 200 8534 "-" "Mozilla/5.0 (compatible; YandexAccessibilityBot/3.0; +http://yandex.com/bots)"
host126.net176-62-76.bs-telecom.net - - [27/Sep/2016:01:49:01 +0300] "GET /favicon.ico HTTP/1.0" 404 6043 "-" "Mozilla/5.0 (Windows NT 10.0; WOW64) AppleWebKit/537.36 (KHTML, like Gecko) Chrome/52.0.2743.116 YaBrowser/16.9.1.1131 (dfl2nc9ks) Yowser/2.5 Safari/537.36"
host126.net176-62-76.bs-telecom.net - - [27/Sep/2016:01:50:01 +0300] "GET /favicon.ico HTTP/1.0" 404 6043 "-" "Mozilla/5.0 (Windows NT 10.0; WOW64) AppleWebKit/537.36 (KHTML, like Gecko) Chrome/52.0.2743.116 YaBrowser/16.9.1.1131 (dfl2nc9ks) Yowser/2.5 Safari/537.36"
31.173.80.97 - - [27/Sep/2016:01:50:23 +0300] "GET /user/login HTTP/1.0" 200 10236 "http://yandex.ru/clck/jsredir?from=yandex.ru%3Bsearch%3Bweb%3B%3B&text=&etext=1190.adenlPtCGYyo0LbRaUMstnx44_vJXpucjmeMkgi1Pwwwb2WaE7otP9Z6FE3LrPaM.f8e2697f2aa018311cd7704537b5e36df3864c72&uuid=&state=_BLhILn4SxNIvvL0W45KSic66uCIg23qh8iRG98qeIXmeppkgUc0YGv9iZwKiy-E54GYiollMFA&data=UlNrNmk5WktYejR0eWJFYk1LdmtxbEh6cGhfMWZWTWVzMzl0SXU5bjNkbXk1cHBsSkp6MDZrNF9fRVRVOGRaN1YwUGhsdDBoVDJsQTV3M3VnSTZjYTlvSlpyRTRadmRqenJpTjNad0NNejBJSTBPLVd5aTZZWjhMLXBJS205emE&b64e=2&sign=0edfde7ae21432af7411dcfa674033b2&keyno=0&cst=AiuY0DBWFJ7IXge4WdYJQaYgAYq7JarrVYbRGJ5G8b5BP1hiIvdT1dDGAhkzau0DOH_-t9ILr7WCCoXe-E0pwR723I6EFjLXqgq3yPQ5jbJ-VNYWFN4NyuCunkHxroynzBVJdPLmx8PFO0IT2vpJyF_JxFZlyZXD&ref=orjY4mGPRjk5boDnW0uvlrrd71vZw9kp5uQozpMtKCVwjJVQHb9Cs5jF9Pvl8Ywb5xfPclOyUHDpbOXRLrDMizzLxT4Nm4q6RorwN8iooBhp4xYDwfXtjKPOqOF9orKq&l10n=ru&cts=1474930014789&mc=5.44233935115" "Opera/9.80 (J2ME/MIDP; Opera Mini/5.1.22296/28.2725; U; ru) Presto/2.8.119 Version/11.10"
crawl-66-249-66-129.googlebot.com - - [27/Sep/2016:01:50:51 +0300] "GET /cinemaTicket/showtimes HTTP/1.0" 200 26678 "-" "Mozilla/5.0 (compatible; Googlebot/2.1; +http://www.google.com/bot.html)"
host126.net176-62-76.bs-telecom.net - - [27/Sep/2016:01:51:01 +0300] "GET /favicon.ico HTTP/1.0" 404 6043 "-" "Mozilla/5.0 (Windows NT 10.0; WOW64) AppleWebKit/537.36 (KHTML, like Gecko) Chrome/52.0.2743.116 YaBrowser/16.9.1.1131 (dfl2nc9ks) Yowser/2.5 Safari/537.36"
crawl-66-249-66-186.googlebot.com - - [27/Sep/2016:01:51:33 +0300] "GET /cinemaTicket/hall/48642 HTTP/1.0" 200 39415 "-" "Mozilla/5.0 (compatible; Googlebot/2.1; +http://www.google.com/bot.html)"
crawl-66-249-66-186.googlebot.com - - [27/Sep/2016:01:51:35 +0300] "GET /cinemaTicket/hall/48646 HTTP/1.0" 200 38411 "-" "Mozilla/5.0 (compatible; Googlebot/2.1; +http://www.google.com/bot.html)"
crawl-66-249-66-186.googlebot.com - - [27/Sep/2016:01:51:37 +0300] "GET /cinemaTicket/hall/48630 HTTP/1.0" 200 24176 "-" "Mozilla/5.0 (compatible; Googlebot/2.1; +http://www.google.com/bot.html)"
crawl-66-249-66-186.googlebot.com - - [27/Sep/2016:01:51:39 +0300] "GET /cinemaTicket/hall/48648 HTTP/1.0" 200 27062 "-" "Mozilla/5.0 (compatible; Googlebot/2.1; +http://www.google.com/bot.html)"
crawl-66-249-66-186.googlebot.com - - [27/Sep/2016:01:51:40 +0300] "GET /cinemaTicket/hall/48637 HTTP/1.0" 200 27062 "-" "Mozilla/5.0 (compatible; Googlebot/2.1; +http://www.google.com/bot.html)"
crawl-66-249-66-186.googlebot.com - - [27/Sep/2016:01:51:43 +0300] "GET /cinemaTicket/hall/48636 HTTP/1.0" 200 27098 "-" "Mozilla/5.0 (compatible; Googlebot/2.1; +http://www.google.com/bot.html)"
crawl-66-249-66-186.googlebot.com - - [27/Sep/2016:01:51:45 +0300] "GET /cinemaTicket/hall/48645 HTTP/1.0" 200 39381 "-" "Mozilla/5.0 (compatible; Googlebot/2.1; +http://www.google.com/bot.html)"
crawl-66-249-66-186.googlebot.com - - [27/Sep/2016:01:51:46 +0300] "GET /cinemaTicket/hall/48633 HTTP/1.0" 200 23289 "-" "Mozilla/5.0 (compatible; Googlebot/2.1; +http://www.google.com/bot.html)"
crawl-66-249-66-186.googlebot.com - - [27/Sep/2016:01:51:48 +0300] "GET /cinemaTicket/hall/48626 HTTP/1.0" 200 24192 "-" "Mozilla/5.0 (compatible; Googlebot/2.1; +http://www.google.com/bot.html)"
crawl-66-249-66-186.googlebot.com - - [27/Sep/2016:01:51:49 +0300] "GET /cinemaTicket/hall/48627 HTTP/1.0" 200 24130 "-" "Mozilla/5.0 (compatible; Googlebot/2.1; +http://www.google.com/bot.html)"
crawl-66-249-66-186.googlebot.com - - [27/Sep/2016:01:51:51 +0300] "GET /cinemaTicket/hall/48638 HTTP/1.0" 200 27054 "-" "Mozilla/5.0 (compatible; Googlebot/2.1; +http://www.google.com/bot.html)"
crawl-66-249-66-186.googlebot.com - - [27/Sep/2016:01:51:53 +0300] "GET /cinemaTicket/hall/48641 HTTP/1.0" 200 24134 "-" "Mozilla/5.0 (compatible; Googlebot/2.1; +http://www.google.com/bot.html)"
crawl-66-249-66-186.googlebot.com - - [27/Sep/2016:01:51:54 +0300] "GET /cinemaTicket/hall/48647 HTTP/1.0" 200 24192 "-" "Mozilla/5.0 (compatible; Googlebot/2.1; +http://www.google.com/bot.html)"
crawl-66-249-66-186.googlebot.com - - [27/Sep/2016:01:51:57 +0300] "GET /cinemaTicket/hall/48628 HTTP/1.0" 200 27076 "-" "Mozilla/5.0 (compatible; Googlebot/2.1; +http://www.google.com/bot.html)"
crawl-66-249-66-186.googlebot.com - - [27/Sep/2016:01:51:58 +0300] "GET /cinemaTicket/hall/48625 HTTP/1.0" 200 24192 "-" "Mozilla/5.0 (compatible; Googlebot/2.1; +http://www.google.com/bot.html)"
crawl-66-249-66-186.googlebot.com - - [27/Sep/2016:01:52:00 +0300] "GET /cinemaTicket/hall/48635 HTTP/1.0" 200 27142 "-" "Mozilla/5.0 (compatible; Googlebot/2.1; +http://www.google.com/bot.html)"
host126.net176-62-76.bs-telecom.net - - [27/Sep/2016:01:52:01 +0300] "GET /favicon.ico HTTP/1.0" 404 6043 "-" "Mozilla/5.0 (Windows NT 10.0; WOW64) AppleWebKit/537.36 (KHTML, like Gecko) Chrome/52.0.2743.116 YaBrowser/16.9.1.1131 (dfl2nc9ks) Yowser/2.5 Safari/537.36"
crawl-66-249-66-186.googlebot.com - - [27/Sep/2016:01:52:03 +0300] "GET /cinemaTicket/hall/48643 HTTP/1.0" 200 39356 "-" "Mozilla/5.0 (compatible; Googlebot/2.1; +http://www.google.com/bot.html)"
crawl-66-249-66-186.googlebot.com - - [27/Sep/2016:01:52:04 +0300] "GET /cinemaTicket/hall/48631 HTTP/1.0" 200 24152 "-" "Mozilla/5.0 (compatible; Googlebot/2.1; +http://www.google.com/bot.html)"
crawl-66-249-66-186.googlebot.com - - [27/Sep/2016:01:52:06 +0300] "GET /cinemaTicket/hall/48644 HTTP/1.0" 200 39411 "-" "Mozilla/5.0 (compatible; Googlebot/2.1; +http://www.google.com/bot.html)"
crawl-66-249-66-186.googlebot.com - - [27/Sep/2016:01:52:07 +0300] "GET /cinemaTicket/hall/48629 HTTP/1.0" 200 39435 "-" "Mozilla/5.0 (compatible; Googlebot/2.1; +http://www.google.com/bot.html)"
crawl-66-249-66-186.googlebot.com - - [27/Sep/2016:01:52:10 +0300] "GET /cinemaTicket/hall/48634 HTTP/1.0" 200 27098 "-" "Mozilla/5.0 (compatible; Googlebot/2.1; +http://www.google.com/bot.html)"
crawl-66-249-66-186.googlebot.com - - [27/Sep/2016:01:52:13 +0300] "GET /cinemaTicket/hall/48649 HTTP/1.0" 200 39381 "-" "Mozilla/5.0 (compatible; Googlebot/2.1; +http://www.google.com/bot.html)"
crawl-66-249-66-186.googlebot.com - - [27/Sep/2016:01:52:16 +0300] "GET /cinemaTicket/hall/48632 HTTP/1.0" 200 26244 "-" "Mozilla/5.0 (compatible; Googlebot/2.1; +http://www.google.com/bot.html)"
crawl-66-249-66-186.googlebot.com - - [27/Sep/2016:01:52:17 +0300] "GET /cinemaTicket/hall/48639 HTTP/1.0" 200 39381 "-" "Mozilla/5.0 (compatible; Googlebot/2.1; +http://www.google.com/bot.html)"
crawl-66-249-66-186.googlebot.com - - [27/Sep/2016:01:52:19 +0300] "GET /cinemaTicket/hall/48640 HTTP/1.0" 200 39494 "-" "Mozilla/5.0 (compatible; Googlebot/2.1; +http://www.google.com/bot.html)"
crawl-66-249-66-186.googlebot.com - - [27/Sep/2016:01:52:23 +0300] "GET /cinemaTicket/showtimes/list/date/30.09.2016 HTTP/1.0" 200 25269 "-" "Mozilla/5.0 (compatible; Googlebot/2.1; +http://www.google.com/bot.html)"
crawl-66-249-66-186.googlebot.com - - [27/Sep/2016:01:52:26 +0300] "GET /cinemaTicket/showtimes/list/date/01.10.2016 HTTP/1.0" 200 25269 "-" "Mozilla/5.0 (compatible; Googlebot/2.1; +http://www.google.com/bot.html)"
crawl-66-249-66-186.googlebot.com - - [27/Sep/2016:01:52:28 +0300] "GET /cinemaTicket/showtimes/list/date/29.09.2016 HTTP/1.0" 200 24720 "-" "Mozilla/5.0 (compatible; Googlebot/2.1; +http://www.google.com/bot.html)"
crawl-66-249-66-186.googlebot.com - - [27/Sep/2016:01:52:31 +0300] "GET /cinemaTicket/showtimes/list/date/02.10.2016 HTTP/1.0" 200 24720 "-" "Mozilla/5.0 (compatible; Googlebot/2.1; +http://www.google.com/bot.html)"
host126.net176-62-76.bs-telecom.net - - [27/Sep/2016:01:53:01 +0300] "GET /favicon.ico HTTP/1.0" 404 6043 "-" "Mozilla/5.0 (Windows NT 10.0; WOW64) AppleWebKit/537.36 (KHTML, like Gecko) Chrome/52.0.2743.116 YaBrowser/16.9.1.1131 (dfl2nc9ks) Yowser/2.5 Safari/537.36"
host126.net176-62-76.bs-telecom.net - - [27/Sep/2016:01:54:01 +0300] "GET /favicon.ico HTTP/1.0" 404 6043 "-" "Mozilla/5.0 (Windows NT 10.0; WOW64) AppleWebKit/537.36 (KHTML, like Gecko) Chrome/52.0.2743.116 YaBrowser/16.9.1.1131 (dfl2nc9ks) Yowser/2.5 Safari/537.36"
host126.net176-62-76.bs-telecom.net - - [27/Sep/2016:01:55:01 +0300] "GET /favicon.ico HTTP/1.0" 404 6043 "-" "Mozilla/5.0 (Windows NT 10.0; WOW64) AppleWebKit/537.36 (KHTML, like Gecko) Chrome/52.0.2743.116 YaBrowser/16.9.1.1131 (dfl2nc9ks) Yowser/2.5 Safari/537.36"
host126.net176-62-76.bs-telecom.net - - [27/Sep/2016:01:56:02 +0300] "GET /favicon.ico HTTP/1.0" 404 6043 "-" "Mozilla/5.0 (Windows NT 10.0; WOW64) AppleWebKit/537.36 (KHTML, like Gecko) Chrome/52.0.2743.116 YaBrowser/16.9.1.1131 (dfl2nc9ks) Yowser/2.5 Safari/537.36"
host126.net176-62-76.bs-telecom.net - - [27/Sep/2016:01:57:01 +0300] "GET /favicon.ico HTTP/1.0" 404 6043 "-" "Mozilla/5.0 (Windows NT 10.0; WOW64) AppleWebKit/537.36 (KHTML, like Gecko) Chrome/52.0.2743.116 YaBrowser/16.9.1.1131 (dfl2nc9ks) Yowser/2.5 Safari/537.36"
host126.net176-62-76.bs-telecom.net - - [27/Sep/2016:01:58:01 +0300] "GET /favicon.ico HTTP/1.0" 404 6043 "-" "Mozilla/5.0 (Windows NT 10.0; WOW64) AppleWebKit/537.36 (KHTML, like Gecko) Chrome/52.0.2743.116 YaBrowser/16.9.1.1131 (dfl2nc9ks) Yowser/2.5 Safari/537.36"
ip-176-193-196-24.bb.netbynet.ru - - [27/Sep/2016:01:58:35 +0300] "GET / HTTP/1.0" 200 11522 "http://yandex.ru/clck/jsredir?from=yandex.ru%3Bsearch%3Bweb%3B%3B&text=&etext=1190.Wh7uAOh5UjffQJn6emDMgTavpuZoCb_obiBII5MDFH-A-2jIByFApdWheaRG_pLd.f7a853a0fd91b6d33c4d19cde49aab1f176fdaea&uuid=&state=_BLhILn4SxNIvvL0W45KSic66uCIg23qh8iRG98qeIXmeppkgUc0YGHEttDsYq_w3pSJtejupWg&data=UlNrNmk5WktYejR0eWJFYk1LdmtxbEh6cGhfMWZWTWVzMzl0SXU5bjNkbXk1cHBsSkp6MDZnS3BsckpTSlBIWHhhdlU0VVNjdXA0Zm9EUHl2NUY1aTN0cXRDU2VfY0F5Ri05SVREZXhfYTg&b64e=2&sign=1fb67f7cb00aa8d37eff6187947069d6&keyno=0&cst=AiuY0DBWFJ7IXge4WdYJQe3IrxbPWIv4_dt-tiXdPvx8fCiTOeIYuTk33NwYLjxzepjpae86S7d7Arg4_HRg79G3RwIy1ax0mSqATwW7H4P2bgTOrCrroOxC7iflUJC-r2nUqxXymGAJjGGQrD0iYRD9O_dq_dlZ&ref=orjY4mGPRjk5boDnW0uvlrrd71vZw9kp5uQozpMtKCXboeqr305aICDx52HBL0_GM5HbKmIV6kU-OQbDJO1koS1DmqkMfSPN3siZ5BhoioXyoiLFVgvy8c5_hZ616Kdr&l10n=ru&cts=1474930047237&mc=6.28374962918" "Mozilla/4.0 (compatible; MSIE 8.0; Windows NT 5.1; Trident/4.0; GTB7.5)"
ip-176-193-196-24.bb.netbynet.ru - - [27/Sep/2016:01:58:38 +0300] "GET /flash/baner.swf HTTP/1.0" 200 5330 "http://www.kristall-kino.ru/" "Mozilla/4.0 (compatible; MSIE 8.0; Windows NT 5.1; Trident/4.0; GTB7.5)"
host126.net176-62-76.bs-telecom.net - - [27/Sep/2016:01:59:01 +0300] "GET /favicon.ico HTTP/1.0" 404 6043 "-" "Mozilla/5.0 (Windows NT 10.0; WOW64) AppleWebKit/537.36 (KHTML, like Gecko) Chrome/52.0.2743.116 YaBrowser/16.9.1.1131 (dfl2nc9ks) Yowser/2.5 Safari/537.36"
host-91-105-139-3.bbcustomer.zsttk.net - - [27/Sep/2016:01:59:21 +0300] "GET /cinemaTicket/showtimes HTTP/1.0" 200 26678 "-" "Mozilla/5.0 (Linux; Android 4.2.2; ZTE V808 Build/JDQ39) AppleWebKit/537.36 (KHTML, like Gecko) Chrome/51.0.2704.81 Mobile Safari/537.36"
host-91-105-139-3.bbcustomer.zsttk.net - - [27/Sep/2016:01:59:53 +0300] "GET /cinemaTicket/showtimes/list/date/28.09.2016 HTTP/1.0" 200 26678 "http://kristall-kino.ru/cinemaTicket/showtimes" "Mozilla/5.0 (Linux; Android 4.2.2; ZTE V808 Build/JDQ39) AppleWebKit/537.36 (KHTML, like Gecko) Chrome/51.0.2704.81 Mobile Safari/537.36"
host126.net176-62-76.bs-telecom.net - - [27/Sep/2016:02:00:01 +0300] "GET /favicon.ico HTTP/1.0" 404 6043 "-" "Mozilla/5.0 (Windows NT 10.0; WOW64) AppleWebKit/537.36 (KHTML, like Gecko) Chrome/52.0.2743.116 YaBrowser/16.9.1.1131 (dfl2nc9ks) Yowser/2.5 Safari/537.36"
91.105.139.3 - - [27/Sep/2016:02:00:05 +0300] "GET /cinemaTicket/showtimes/list/date/29.09.2016 HTTP/1.0" 200 24720 "http://kristall-kino.ru/cinemaTicket/showtimes/list/date/28.09.2016" "Mozilla/5.0 (Linux; Android 4.2.2; ZTE V808 Build/JDQ39) AppleWebKit/537.36 (KHTML, like Gecko) Chrome/51.0.2704.81 Mobile Safari/537.36"
91.105.139.3 - - [27/Sep/2016:02:00:13 +0300] "GET /cinemaTicket/hall/48700 HTTP/1.0" 200 38609 "http://kristall-kino.ru/cinemaTicket/showtimes/list/date/29.09.2016" "Mozilla/5.0 (Linux; Android 4.2.2; ZTE V808 Build/JDQ39) AppleWebKit/537.36 (KHTML, like Gecko) Chrome/51.0.2704.81 Mobile Safari/537.36"
91.105.139.3 - - [27/Sep/2016:02:00:20 +0300] "GET /cinemaTicket/hall/48701 HTTP/1.0" 200 39365 "http://kristall-kino.ru/cinemaTicket/showtimes/list/date/29.09.2016" "Mozilla/5.0 (Linux; Android 4.2.2; ZTE V808 Build/JDQ39) AppleWebKit/537.36 (KHTML, like Gecko) Chrome/51.0.2704.81 Mobile Safari/537.36"
91.105.139.3 - - [27/Sep/2016:02:00:27 +0300] "GET /cinemaTicket/hall/48702 HTTP/1.0" 200 39375 "http://kristall-kino.ru/cinemaTicket/showtimes/list/date/29.09.2016" "Mozilla/5.0 (Linux; Android 4.2.2; ZTE V808 Build/JDQ39) AppleWebKit/537.36 (KHTML, like Gecko) Chrome/51.0.2704.81 Mobile Safari/537.36"
91.105.139.3 - - [27/Sep/2016:02:00:34 +0300] "GET /cinemaTicket/hall/48703 HTTP/1.0" 200 39365 "http://kristall-kino.ru/cinemaTicket/showtimes/list/date/29.09.2016" "Mozilla/5.0 (Linux; Android 4.2.2; ZTE V808 Build/JDQ39) AppleWebKit/537.36 (KHTML, like Gecko) Chrome/51.0.2704.81 Mobile Safari/537.36"
91.105.139.3 - - [27/Sep/2016:02:00:44 +0300] "GET /cinemaTicket/hall/48704 HTTP/1.0" 200 39365 "http://kristall-kino.ru/cinemaTicket/showtimes/list/date/29.09.2016" "Mozilla/5.0 (Linux; Android 4.2.2; ZTE V808 Build/JDQ39) AppleWebKit/537.36 (KHTML, like Gecko) Chrome/51.0.2704.81 Mobile Safari/537.36"
91.105.139.3 - - [27/Sep/2016:02:00:51 +0300] "GET /cinemaTicket/hall/48705 HTTP/1.0" 200 39365 "http://kristall-kino.ru/cinemaTicket/showtimes/list/date/29.09.2016" "Mozilla/5.0 (Linux; Android 4.2.2; ZTE V808 Build/JDQ39) AppleWebKit/537.36 (KHTML, like Gecko) Chrome/51.0.2704.81 Mobile Safari/537.36"
91.105.139.3 - - [27/Sep/2016:02:00:58 +0300] "GET /cinemaTicket/hall/48706 HTTP/1.0" 200 39365 "http://kristall-kino.ru/cinemaTicket/showtimes/list/date/29.09.2016" "Mozilla/5.0 (Linux; Android 4.2.2; ZTE V808 Build/JDQ39) AppleWebKit/537.36 (KHTML, like Gecko) Chrome/51.0.2704.81 Mobile Safari/537.36"
176.62.76.126 - - [27/Sep/2016:02:01:01 +0300] "GET /favicon.ico HTTP/1.0" 404 6043 "-" "Mozilla/5.0 (Windows NT 10.0; WOW64) AppleWebKit/537.36 (KHTML, like Gecko) Chrome/52.0.2743.116 YaBrowser/16.9.1.1131 (dfl2nc9ks) Yowser/2.5 Safari/537.36"
91.105.139.3 - - [27/Sep/2016:02:01:04 +0300] "GET /cinemaTicket/hall/48707 HTTP/1.0" 200 39365 "http://kristall-kino.ru/cinemaTicket/showtimes/list/date/29.09.2016" "Mozilla/5.0 (Linux; Android 4.2.2; ZTE V808 Build/JDQ39) AppleWebKit/537.36 (KHTML, like Gecko) Chrome/51.0.2704.81 Mobile Safari/537.36"
91.105.139.3 - - [27/Sep/2016:02:01:11 +0300] "GET /cinemaTicket/hall/48696 HTTP/1.0" 200 26210 "http://kristall-kino.ru/cinemaTicket/showtimes/list/date/29.09.2016" "Mozilla/5.0 (Linux; Android 4.2.2; ZTE V808 Build/JDQ39) AppleWebKit/537.36 (KHTML, like Gecko) Chrome/51.0.2704.81 Mobile Safari/537.36"
91.105.139.3 - - [27/Sep/2016:02:01:17 +0300] "GET /cinemaTicket/hall/48694 HTTP/1.0" 200 27078 "http://kristall-kino.ru/cinemaTicket/showtimes/list/date/29.09.2016" "Mozilla/5.0 (Linux; Android 4.2.2; ZTE V808 Build/JDQ39) AppleWebKit/537.36 (KHTML, like Gecko) Chrome/51.0.2704.81 Mobile Safari/537.36"
91.105.139.3 - - [27/Sep/2016:02:01:22 +0300] "GET /cinemaTicket/hall/48689 HTTP/1.0" 200 27078 "http://kristall-kino.ru/cinemaTicket/showtimes/list/date/29.09.2016" "Mozilla/5.0 (Linux; Android 4.2.2; ZTE V808 Build/JDQ39) AppleWebKit/537.36 (KHTML, like Gecko) Chrome/51.0.2704.81 Mobile Safari/537.36"
91.105.139.3 - - [27/Sep/2016:02:01:33 +0300] "GET /cinemaTicket/hall/48708 HTTP/1.0" 200 23444 "http://kristall-kino.ru/cinemaTicket/showtimes/list/date/29.09.2016" "Mozilla/5.0 (Linux; Android 4.2.2; ZTE V808 Build/JDQ39) AppleWebKit/537.36 (KHTML, like Gecko) Chrome/51.0.2704.81 Mobile Safari/537.36"
91.105.139.3 - - [27/Sep/2016:02:01:39 +0300] "GET /cinemaTicket/hall/48709 HTTP/1.0" 200 27120 "http://kristall-kino.ru/cinemaTicket/showtimes/list/date/29.09.2016" "Mozilla/5.0 (Linux; Android 4.2.2; ZTE V808 Build/JDQ39) AppleWebKit/537.36 (KHTML, like Gecko) Chrome/51.0.2704.81 Mobile Safari/537.36"
91.105.139.3 - - [27/Sep/2016:02:01:46 +0300] "GET /cinemaTicket/hall/48710 HTTP/1.0" 200 24200 "http://kristall-kino.ru/cinemaTicket/showtimes/list/date/29.09.2016" "Mozilla/5.0 (Linux; Android 4.2.2; ZTE V808 Build/JDQ39) AppleWebKit/537.36 (KHTML, like Gecko) Chrome/51.0.2704.81 Mobile Safari/537.36"
91.105.139.3 - - [27/Sep/2016:02:01:52 +0300] "GET /cinemaTicket/hall/48712 HTTP/1.0" 200 24200 "http://kristall-kino.ru/cinemaTicket/showtimes/list/date/29.09.2016" "Mozilla/5.0 (Linux; Android 4.2.2; ZTE V808 Build/JDQ39) AppleWebKit/537.36 (KHTML, like Gecko) Chrome/51.0.2704.81 Mobile Safari/537.36"
91.105.139.3 - - [27/Sep/2016:02:01:58 +0300] "GET /cinemaTicket/hall/48713 HTTP/1.0" 200 27120 "http://kristall-kino.ru/cinemaTicket/showtimes/list/date/29.09.2016" "Mozilla/5.0 (Linux; Android 4.2.2; ZTE V808 Build/JDQ39) AppleWebKit/537.36 (KHTML, like Gecko) Chrome/51.0.2704.81 Mobile Safari/537.36"
176.62.76.126 - - [27/Sep/2016:02:02:01 +0300] "GET /favicon.ico HTTP/1.0" 404 6043 "-" "Mozilla/5.0 (Windows NT 10.0; WOW64) AppleWebKit/537.36 (KHTML, like Gecko) Chrome/52.0.2743.116 YaBrowser/16.9.1.1131 (dfl2nc9ks) Yowser/2.5 Safari/537.36"
91.105.139.3 - - [27/Sep/2016:02:02:04 +0300] "GET /cinemaTicket/hall/48678 HTTP/1.0" 200 27054 "http://kristall-kino.ru/cinemaTicket/showtimes/list/date/29.09.2016" "Mozilla/5.0 (Linux; Android 4.2.2; ZTE V808 Build/JDQ39) AppleWebKit/537.36 (KHTML, like Gecko) Chrome/51.0.2704.81 Mobile Safari/537.36"
91.105.139.3 - - [27/Sep/2016:02:02:10 +0300] "GET /cinemaTicket/hall/48685 HTTP/1.0" 200 27054 "http://kristall-kino.ru/cinemaTicket/showtimes/list/date/29.09.2016" "Mozilla/5.0 (Linux; Android 4.2.2; ZTE V808 Build/JDQ39) AppleWebKit/537.36 (KHTML, like Gecko) Chrome/51.0.2704.81 Mobile Safari/537.36"
91.105.139.3 - - [27/Sep/2016:02:02:18 +0300] "GET /cinemaTicket/hall/48711 HTTP/1.0" 200 24150 "http://kristall-kino.ru/cinemaTicket/showtimes/list/date/29.09.2016" "Mozilla/5.0 (Linux; Android 4.2.2; ZTE V808 Build/JDQ39) AppleWebKit/537.36 (KHTML, like Gecko) Chrome/51.0.2704.81 Mobile Safari/537.36"
91.105.139.3 - - [27/Sep/2016:02:02:23 +0300] "GET /cinemaTicket/hall/48681 HTTP/1.0" 200 24150 "http://kristall-kino.ru/cinemaTicket/showtimes/list/date/29.09.2016" "Mozilla/5.0 (Linux; Android 4.2.2; ZTE V808 Build/JDQ39) AppleWebKit/537.36 (KHTML, like Gecko) Chrome/51.0.2704.81 Mobile Safari/537.36"
91.105.139.3 - - [27/Sep/2016:02:02:30 +0300] "GET /cinemaTicket/hall/48688 HTTP/1.0" 200 24150 "http://kristall-kino.ru/cinemaTicket/showtimes/list/date/29.09.2016" "Mozilla/5.0 (Linux; Android 4.2.2; ZTE V808 Build/JDQ39) AppleWebKit/537.36 (KHTML, like Gecko) Chrome/51.0.2704.81 Mobile Safari/537.36"
91.105.139.3 - - [27/Sep/2016:02:02:38 +0300] "GET /cinemaTicket/hall/48676 HTTP/1.0" 200 24192 "http://kristall-kino.ru/cinemaTicket/showtimes/list/date/29.09.2016" "Mozilla/5.0 (Linux; Android 4.2.2; ZTE V808 Build/JDQ39) AppleWebKit/537.36 (KHTML, like Gecko) Chrome/51.0.2704.81 Mobile Safari/537.36"
91.105.139.3 - - [27/Sep/2016:02:02:44 +0300] "GET /cinemaTicket/hall/48679 HTTP/1.0" 200 27112 "http://kristall-kino.ru/cinemaTicket/showtimes/list/date/29.09.2016" "Mozilla/5.0 (Linux; Android 4.2.2; ZTE V808 Build/JDQ39) AppleWebKit/537.36 (KHTML, like Gecko) Chrome/51.0.2704.81 Mobile Safari/537.36"
91.105.139.3 - - [27/Sep/2016:02:02:51 +0300] "GET /cinemaTicket/hall/48687 HTTP/1.0" 200 24142 "http://kristall-kino.ru/cinemaTicket/showtimes/list/date/29.09.2016" "Mozilla/5.0 (Linux; Android 4.2.2; ZTE V808 Build/JDQ39) AppleWebKit/537.36 (KHTML, like Gecko) Chrome/51.0.2704.81 Mobile Safari/537.36"
176.62.76.126 - - [27/Sep/2016:02:03:01 +0300] "GET /favicon.ico HTTP/1.0" 404 6043 "-" "Mozilla/5.0 (Windows NT 10.0; WOW64) AppleWebKit/537.36 (KHTML, like Gecko) Chrome/52.0.2743.116 YaBrowser/16.9.1.1131 (dfl2nc9ks) Yowser/2.5 Safari/537.36"
91.105.139.3 - - [27/Sep/2016:02:03:32 +0300] "GET /cinemaTicket/showtimes/list/date/30.09.2016 HTTP/1.0" 200 25269 "http://kristall-kino.ru/cinemaTicket/showtimes/list/date/29.09.2016" "Mozilla/5.0 (Linux; Android 4.2.2; ZTE V808 Build/JDQ39) AppleWebKit/537.36 (KHTML, like Gecko) Chrome/51.0.2704.81 Mobile Safari/537.36"
176.62.76.126 - - [27/Sep/2016:02:04:01 +0300] "GET /favicon.ico HTTP/1.0" 404 6043 "-" "Mozilla/5.0 (Windows NT 10.0; WOW64) AppleWebKit/537.36 (KHTML, like Gecko) Chrome/52.0.2743.116 YaBrowser/16.9.1.1131 (dfl2nc9ks) Yowser/2.5 Safari/537.36"
178.154.149.7 - - [27/Sep/2016:02:04:17 +0300] "GET /cinema/film/798 HTTP/1.0" 200 8369 "-" "Mozilla/5.0 (compatible; YandexBot/3.0; +http://yandex.com/bots)"
207.46.13.69 - - [27/Sep/2016:02:04:29 +0300] "GET /cinemaTicket/hall/48441 HTTP/1.0" 404 6043 "-" "Mozilla/5.0 (compatible; bingbot/2.0; +http://www.bing.com/bingbot.htm)"
178.154.149.7 - - [27/Sep/2016:02:04:30 +0300] "GET /QYelQ/ HTTP/1.0" 404 6043 "-" "Mozilla/5.0 (compatible; YandexBot/3.0; +http://yandex.com/bots)"
178.154.149.7 - - [27/Sep/2016:02:04:34 +0300] "GET /pages/zaly HTTP/1.0" 200 7754 "-" "Mozilla/5.0 (compatible; YandexBot/3.0; +http://yandex.com/bots)"
178.154.149.7 - - [27/Sep/2016:02:04:44 +0300] "GET /pages/aktsii HTTP/1.0" 200 11115 "-" "Mozilla/5.0 (compatible; YandexBot/3.0; +http://yandex.com/bots)"
157.55.39.32 - - [27/Sep/2016:02:04:45 +0300] "GET /cinemaTicket/hall/48450 HTTP/1.0" 404 6043 "-" "Mozilla/5.0 (compatible; bingbot/2.0; +http://www.bing.com/bingbot.htm)"
178.154.149.7 - - [27/Sep/2016:02:04:48 +0300] "GET /XllNZ/cinemaTicket/showtimes HTTP/1.0" 404 6043 "-" "Mozilla/5.0 (compatible; YandexBot/3.0; +http://yandex.com/bots)"
176.62.76.126 - - [27/Sep/2016:02:05:01 +0300] "GET /favicon.ico HTTP/1.0" 404 6043 "-" "Mozilla/5.0 (Windows NT 10.0; WOW64) AppleWebKit/537.36 (KHTML, like Gecko) Chrome/52.0.2743.116 YaBrowser/16.9.1.1131 (dfl2nc9ks) Yowser/2.5 Safari/537.36"
176.62.76.126 - - [27/Sep/2016:02:06:01 +0300] "GET /favicon.ico HTTP/1.0" 404 6043 "-" "Mozilla/5.0 (Windows NT 10.0; WOW64) AppleWebKit/537.36 (KHTML, like Gecko) Chrome/52.0.2743.116 YaBrowser/16.9.1.1131 (dfl2nc9ks) Yowser/2.5 Safari/537.36"
66.249.66.189 - - [27/Sep/2016:02:06:39 +0300] "GET /cinema/film/771 HTTP/1.0" 200 7879 "-" "Mozilla/5.0 (compatible; Googlebot/2.1; +http://www.google.com/bot.html)"
176.62.76.126 - - [27/Sep/2016:02:07:01 +0300] "GET /favicon.ico HTTP/1.0" 404 6043 "-" "Mozilla/5.0 (Windows NT 10.0; WOW64) AppleWebKit/537.36 (KHTML, like Gecko) Chrome/52.0.2743.116 YaBrowser/16.9.1.1131 (dfl2nc9ks) Yowser/2.5 Safari/537.36"
176.62.76.126 - - [27/Sep/2016:02:08:01 +0300] "GET /favicon.ico HTTP/1.0" 404 6043 "-" "Mozilla/5.0 (Windows NT 10.0; WOW64) AppleWebKit/537.36 (KHTML, like Gecko) Chrome/52.0.2743.116 YaBrowser/16.9.1.1131 (dfl2nc9ks) Yowser/2.5 Safari/537.36"
176.62.76.126 - - [27/Sep/2016:02:09:01 +0300] "GET /favicon.ico HTTP/1.0" 404 6043 "-" "Mozilla/5.0 (Windows NT 10.0; WOW64) AppleWebKit/537.36 (KHTML, like Gecko) Chrome/52.0.2743.116 YaBrowser/16.9.1.1131 (dfl2nc9ks) Yowser/2.5 Safari/537.36"
176.62.76.126 - - [27/Sep/2016:02:10:01 +0300] "GET /favicon.ico HTTP/1.0" 404 6043 "-" "Mozilla/5.0 (Windows NT 10.0; WOW64) AppleWebKit/537.36 (KHTML, like Gecko) Chrome/52.0.2743.116 YaBrowser/16.9.1.1131 (dfl2nc9ks) Yowser/2.5 Safari/537.36"
176.62.76.126 - - [27/Sep/2016:02:11:01 +0300] "GET /favicon.ico HTTP/1.0" 404 6043 "-" "Mozilla/5.0 (Windows NT 10.0; WOW64) AppleWebKit/537.36 (KHTML, like Gecko) Chrome/52.0.2743.116 YaBrowser/16.9.1.1131 (dfl2nc9ks) Yowser/2.5 Safari/537.36"
176.62.76.126 - - [27/Sep/2016:02:12:01 +0300] "GET /favicon.ico HTTP/1.0" 404 6043 "-" "Mozilla/5.0 (Windows NT 10.0; WOW64) AppleWebKit/537.36 (KHTML, like Gecko) Chrome/52.0.2743.116 YaBrowser/16.9.1.1131 (dfl2nc9ks) Yowser/2.5 Safari/537.36"
176.62.76.126 - - [27/Sep/2016:02:13:01 +0300] "GET /favicon.ico HTTP/1.0" 404 6043 "-" "Mozilla/5.0 (Windows NT 10.0; WOW64) AppleWebKit/537.36 (KHTML, like Gecko) Chrome/52.0.2743.116 YaBrowser/16.9.1.1131 (dfl2nc9ks) Yowser/2.5 Safari/537.36"
176.62.76.126 - - [27/Sep/2016:02:14:01 +0300] "GET /favicon.ico HTTP/1.0" 404 6043 "-" "Mozilla/5.0 (Windows NT 10.0; WOW64) AppleWebKit/537.36 (KHTML, like Gecko) Chrome/52.0.2743.116 YaBrowser/16.9.1.1131 (dfl2nc9ks) Yowser/2.5 Safari/537.36"
176.62.76.126 - - [27/Sep/2016:02:15:01 +0300] "GET /favicon.ico HTTP/1.0" 404 6043 "-" "Mozilla/5.0 (Windows NT 10.0; WOW64) AppleWebKit/537.36 (KHTML, like Gecko) Chrome/52.0.2743.116 YaBrowser/16.9.1.1131 (dfl2nc9ks) Yowser/2.5 Safari/537.36"
176.62.76.126 - - [27/Sep/2016:02:16:01 +0300] "GET /favicon.ico HTTP/1.0" 404 6043 "-" "Mozilla/5.0 (Windows NT 10.0; WOW64) AppleWebKit/537.36 (KHTML, like Gecko) Chrome/52.0.2743.116 YaBrowser/16.9.1.1131 (dfl2nc9ks) Yowser/2.5 Safari/537.36"
176.62.76.126 - - [27/Sep/2016:02:17:01 +0300] "GET /favicon.ico HTTP/1.0" 404 6043 "-" "Mozilla/5.0 (Windows NT 10.0; WOW64) AppleWebKit/537.36 (KHTML, like Gecko) Chrome/52.0.2743.116 YaBrowser/16.9.1.1131 (dfl2nc9ks) Yowser/2.5 Safari/537.36"
176.62.76.126 - - [27/Sep/2016:02:18:01 +0300] "GET /favicon.ico HTTP/1.0" 404 6043 "-" "Mozilla/5.0 (Windows NT 10.0; WOW64) AppleWebKit/537.36 (KHTML, like Gecko) Chrome/52.0.2743.116 YaBrowser/16.9.1.1131 (dfl2nc9ks) Yowser/2.5 Safari/537.36"
176.62.76.126 - - [27/Sep/2016:02:19:01 +0300] "GET /favicon.ico HTTP/1.0" 404 6043 "-" "Mozilla/5.0 (Windows NT 10.0; WOW64) AppleWebKit/537.36 (KHTML, like Gecko) Chrome/52.0.2743.116 YaBrowser/16.9.1.1131 (dfl2nc9ks) Yowser/2.5 Safari/537.36"
188.232.224.55 - - [27/Sep/2016:02:19:51 +0300] "GET / HTTP/1.0" 200 11522 "-" "Mozilla/5.0 (iPhone; CPU iPhone OS 10_0_1 like Mac OS X) AppleWebKit/602.1.50 (KHTML, like Gecko) Version/10.0 Mobile/14A403 Safari/602.1"
176.62.76.126 - - [27/Sep/2016:02:20:01 +0300] "GET /favicon.ico HTTP/1.0" 404 6043 "-" "Mozilla/5.0 (Windows NT 10.0; WOW64) AppleWebKit/537.36 (KHTML, like Gecko) Chrome/52.0.2743.116 YaBrowser/16.9.1.1131 (dfl2nc9ks) Yowser/2.5 Safari/537.36"
176.62.76.126 - - [27/Sep/2016:02:21:01 +0300] "GET /favicon.ico HTTP/1.0" 404 6043 "-" "Mozilla/5.0 (Windows NT 10.0; WOW64) AppleWebKit/537.36 (KHTML, like Gecko) Chrome/52.0.2743.116 YaBrowser/16.9.1.1131 (dfl2nc9ks) Yowser/2.5 Safari/537.36"
66.249.66.129 - - [27/Sep/2016:02:21:11 +0300] "GET /cinemaTicket/hall/48559 HTTP/1.0" 404 6043 "-" "Mozilla/5.0 (Linux; Android 6.0.1; Nexus 5X Build/MMB29P) AppleWebKit/537.36 (KHTML, like Gecko) Chrome/41.0.2272.96 Mobile Safari/537.36 (compatible; Googlebot/2.1; +http://www.google.com/bot.html)"
93.158.152.58 - - [27/Sep/2016:02:21:57 +0300] "GET /cinemaTicket/hall/46743 HTTP/1.0" 404 6043 "-" "Mozilla/5.0 (compatible; YandexBot/3.0; +http://yandex.com/bots)"
176.62.76.126 - - [27/Sep/2016:02:22:01 +0300] "GET /favicon.ico HTTP/1.0" 404 6043 "-" "Mozilla/5.0 (Windows NT 10.0; WOW64) AppleWebKit/537.36 (KHTML, like Gecko) Chrome/52.0.2743.116 YaBrowser/16.9.1.1131 (dfl2nc9ks) Yowser/2.5 Safari/537.36"
176.62.76.126 - - [27/Sep/2016:02:23:01 +0300] "GET /favicon.ico HTTP/1.0" 404 6043 "-" "Mozilla/5.0 (Windows NT 10.0; WOW64) AppleWebKit/537.36 (KHTML, like Gecko) Chrome/52.0.2743.116 YaBrowser/16.9.1.1131 (dfl2nc9ks) Yowser/2.5 Safari/537.36"
176.62.76.126 - - [27/Sep/2016:02:24:01 +0300] "GET /favicon.ico HTTP/1.0" 404 6043 "-" "Mozilla/5.0 (Windows NT 10.0; WOW64) AppleWebKit/537.36 (KHTML, like Gecko) Chrome/52.0.2743.116 YaBrowser/16.9.1.1131 (dfl2nc9ks) Yowser/2.5 Safari/537.36"
176.62.76.126 - - [27/Sep/2016:02:25:01 +0300] "GET /favicon.ico HTTP/1.0" 404 6043 "-" "Mozilla/5.0 (Windows NT 10.0; WOW64) AppleWebKit/537.36 (KHTML, like Gecko) Chrome/52.0.2743.116 YaBrowser/16.9.1.1131 (dfl2nc9ks) Yowser/2.5 Safari/537.36"
178.154.149.7 - - [27/Sep/2016:02:25:43 +0300] "GET /pages/kontakty HTTP/1.0" 200 6647 "-" "Mozilla/5.0 (compatible; YandexBot/3.0; +http://yandex.com/bots)"
176.62.76.126 - - [27/Sep/2016:02:26:01 +0300] "GET /favicon.ico HTTP/1.0" 404 6043 "-" "Mozilla/5.0 (Windows NT 10.0; WOW64) AppleWebKit/537.36 (KHTML, like Gecko) Chrome/52.0.2743.116 YaBrowser/16.9.1.1131 (dfl2nc9ks) Yowser/2.5 Safari/537.36"
66.249.66.26 - - [27/Sep/2016:02:27:00 +0300] "GET /cinemaTicket/hall/47400 HTTP/1.0" 404 6043 "-" "Mozilla/5.0 (compatible; Googlebot/2.1; +http://www.google.com/bot.html)"
176.62.76.126 - - [27/Sep/2016:02:27:01 +0300] "GET /favicon.ico HTTP/1.0" 404 6043 "-" "Mozilla/5.0 (Windows NT 10.0; WOW64) AppleWebKit/537.36 (KHTML, like Gecko) Chrome/52.0.2743.116 YaBrowser/16.9.1.1131 (dfl2nc9ks) Yowser/2.5 Safari/537.36"
93.158.152.58 - - [27/Sep/2016:02:27:48 +0300] "GET /cinema/film/172 HTTP/1.0" 200 7948 "-" "Mozilla/5.0 (compatible; YandexBot/3.0; +http://yandex.com/bots)"
176.62.76.126 - - [27/Sep/2016:02:28:01 +0300] "GET /favicon.ico HTTP/1.0" 404 6043 "-" "Mozilla/5.0 (Windows NT 10.0; WOW64) AppleWebKit/537.36 (KHTML, like Gecko) Chrome/52.0.2743.116 YaBrowser/16.9.1.1131 (dfl2nc9ks) Yowser/2.5 Safari/537.36"
176.62.76.126 - - [27/Sep/2016:02:29:01 +0300] "GET /favicon.ico HTTP/1.0" 404 6043 "-" "Mozilla/5.0 (Windows NT 10.0; WOW64) AppleWebKit/537.36 (KHTML, like Gecko) Chrome/52.0.2743.116 YaBrowser/16.9.1.1131 (dfl2nc9ks) Yowser/2.5 Safari/537.36"
176.62.76.126 - - [27/Sep/2016:02:30:02 +0300] "GET /favicon.ico HTTP/1.0" 404 6043 "-" "Mozilla/5.0 (Windows NT 10.0; WOW64) AppleWebKit/537.36 (KHTML, like Gecko) Chrome/52.0.2743.116 YaBrowser/16.9.1.1131 (dfl2nc9ks) Yowser/2.5 Safari/537.36"
141.8.184.21 - - [27/Sep/2016:02:30:50 +0300] "GET /cinemaTicket/hall/48688 HTTP/1.0" 200 24150 "-" "Mozilla/5.0 (compatible; YandexBot/3.0; +http://yandex.com/bots)"
176.62.76.126 - - [27/Sep/2016:02:31:01 +0300] "GET /favicon.ico HTTP/1.0" 404 6043 "-" "Mozilla/5.0 (Windows NT 10.0; WOW64) AppleWebKit/537.36 (KHTML, like Gecko) Chrome/52.0.2743.116 YaBrowser/16.9.1.1131 (dfl2nc9ks) Yowser/2.5 Safari/537.36"
176.62.76.126 - - [27/Sep/2016:02:32:01 +0300] "GET /favicon.ico HTTP/1.0" 404 6043 "-" "Mozilla/5.0 (Windows NT 10.0; WOW64) AppleWebKit/537.36 (KHTML, like Gecko) Chrome/52.0.2743.116 YaBrowser/16.9.1.1131 (dfl2nc9ks) Yowser/2.5 Safari/537.36"
176.62.76.126 - - [27/Sep/2016:02:33:01 +0300] "GET /favicon.ico HTTP/1.0" 404 6043 "-" "Mozilla/5.0 (Windows NT 10.0; WOW64) AppleWebKit/537.36 (KHTML, like Gecko) Chrome/52.0.2743.116 YaBrowser/16.9.1.1131 (dfl2nc9ks) Yowser/2.5 Safari/537.36"
176.62.76.126 - - [27/Sep/2016:02:34:01 +0300] "GET /favicon.ico HTTP/1.0" 404 6043 "-" "Mozilla/5.0 (Windows NT 10.0; WOW64) AppleWebKit/537.36 (KHTML, like Gecko) Chrome/52.0.2743.116 YaBrowser/16.9.1.1131 (dfl2nc9ks) Yowser/2.5 Safari/537.36"
176.62.76.126 - - [27/Sep/2016:02:35:01 +0300] "GET /favicon.ico HTTP/1.0" 404 6043 "-" "Mozilla/5.0 (Windows NT 10.0; WOW64) AppleWebKit/537.36 (KHTML, like Gecko) Chrome/52.0.2743.116 YaBrowser/16.9.1.1131 (dfl2nc9ks) Yowser/2.5 Safari/537.36"
40.77.167.26 - - [27/Sep/2016:02:35:47 +0300] "GET /cinemaTicket/hall/48455 HTTP/1.0" 404 6043 "-" "Mozilla/5.0 (compatible; bingbot/2.0; +http://www.bing.com/bingbot.htm)"
176.62.76.126 - - [27/Sep/2016:02:36:01 +0300] "GET /favicon.ico HTTP/1.0" 404 6043 "-" "Mozilla/5.0 (Windows NT 10.0; WOW64) AppleWebKit/537.36 (KHTML, like Gecko) Chrome/52.0.2743.116 YaBrowser/16.9.1.1131 (dfl2nc9ks) Yowser/2.5 Safari/537.36"
176.62.76.126 - - [27/Sep/2016:02:37:01 +0300] "GET /favicon.ico HTTP/1.0" 404 6043 "-" "Mozilla/5.0 (Windows NT 10.0; WOW64) AppleWebKit/537.36 (KHTML, like Gecko) Chrome/52.0.2743.116 YaBrowser/16.9.1.1131 (dfl2nc9ks) Yowser/2.5 Safari/537.36"
176.62.76.126 - - [27/Sep/2016:02:38:01 +0300] "GET /favicon.ico HTTP/1.0" 404 6043 "-" "Mozilla/5.0 (Windows NT 10.0; WOW64) AppleWebKit/537.36 (KHTML, like Gecko) Chrome/52.0.2743.116 YaBrowser/16.9.1.1131 (dfl2nc9ks) Yowser/2.5 Safari/537.36"
176.62.76.126 - - [27/Sep/2016:02:39:01 +0300] "GET /favicon.ico HTTP/1.0" 404 6043 "-" "Mozilla/5.0 (Windows NT 10.0; WOW64) AppleWebKit/537.36 (KHTML, like Gecko) Chrome/52.0.2743.116 YaBrowser/16.9.1.1131 (dfl2nc9ks) Yowser/2.5 Safari/537.36"
176.62.76.126 - - [27/Sep/2016:02:40:01 +0300] "GET /favicon.ico HTTP/1.0" 404 6043 "-" "Mozilla/5.0 (Windows NT 10.0; WOW64) AppleWebKit/537.36 (KHTML, like Gecko) Chrome/52.0.2743.116 YaBrowser/16.9.1.1131 (dfl2nc9ks) Yowser/2.5 Safari/537.36"
176.62.76.126 - - [27/Sep/2016:02:41:01 +0300] "GET /favicon.ico HTTP/1.0" 404 6043 "-" "Mozilla/5.0 (Windows NT 10.0; WOW64) AppleWebKit/537.36 (KHTML, like Gecko) Chrome/52.0.2743.116 YaBrowser/16.9.1.1131 (dfl2nc9ks) Yowser/2.5 Safari/537.36"
176.62.76.126 - - [27/Sep/2016:02:42:01 +0300] "GET /favicon.ico HTTP/1.0" 404 6043 "-" "Mozilla/5.0 (Windows NT 10.0; WOW64) AppleWebKit/537.36 (KHTML, like Gecko) Chrome/52.0.2743.116 YaBrowser/16.9.1.1131 (dfl2nc9ks) Yowser/2.5 Safari/537.36"
176.62.76.126 - - [27/Sep/2016:02:43:01 +0300] "GET /favicon.ico HTTP/1.0" 404 6043 "-" "Mozilla/5.0 (Windows NT 10.0; WOW64) AppleWebKit/537.36 (KHTML, like Gecko) Chrome/52.0.2743.116 YaBrowser/16.9.1.1131 (dfl2nc9ks) Yowser/2.5 Safari/537.36"
176.62.76.126 - - [27/Sep/2016:02:44:01 +0300] "GET /favicon.ico HTTP/1.0" 404 6043 "-" "Mozilla/5.0 (Windows NT 10.0; WOW64) AppleWebKit/537.36 (KHTML, like Gecko) Chrome/52.0.2743.116 YaBrowser/16.9.1.1131 (dfl2nc9ks) Yowser/2.5 Safari/537.36"
40.77.167.26 - - [27/Sep/2016:02:44:58 +0300] "GET /cinema/film/372 HTTP/1.0" 200 8602 "-" "Mozilla/5.0 (compatible; bingbot/2.0; +http://www.bing.com/bingbot.htm)"
176.62.76.126 - - [27/Sep/2016:02:45:01 +0300] "GET /favicon.ico HTTP/1.0" 404 6043 "-" "Mozilla/5.0 (Windows NT 10.0; WOW64) AppleWebKit/537.36 (KHTML, like Gecko) Chrome/52.0.2743.116 YaBrowser/16.9.1.1131 (dfl2nc9ks) Yowser/2.5 Safari/537.36"
176.62.76.126 - - [27/Sep/2016:02:46:01 +0300] "GET /favicon.ico HTTP/1.0" 404 6043 "-" "Mozilla/5.0 (Windows NT 10.0; WOW64) AppleWebKit/537.36 (KHTML, like Gecko) Chrome/52.0.2743.116 YaBrowser/16.9.1.1131 (dfl2nc9ks) Yowser/2.5 Safari/537.36"
176.62.76.126 - - [27/Sep/2016:02:47:01 +0300] "GET /favicon.ico HTTP/1.0" 404 6043 "-" "Mozilla/5.0 (Windows NT 10.0; WOW64) AppleWebKit/537.36 (KHTML, like Gecko) Chrome/52.0.2743.116 YaBrowser/16.9.1.1131 (dfl2nc9ks) Yowser/2.5 Safari/537.36"
40.77.167.26 - - [27/Sep/2016:02:47:42 +0300] "GET /flash/baner.swf HTTP/1.0" 304 - "-" "Mozilla/5.0 (compatible; bingbot/2.0; +http://www.bing.com/bingbot.htm)"
176.62.76.126 - - [27/Sep/2016:02:48:01 +0300] "GET /favicon.ico HTTP/1.0" 404 6043 "-" "Mozilla/5.0 (Windows NT 10.0; WOW64) AppleWebKit/537.36 (KHTML, like Gecko) Chrome/52.0.2743.116 YaBrowser/16.9.1.1131 (dfl2nc9ks) Yowser/2.5 Safari/537.36"
66.249.66.189 - - [27/Sep/2016:02:48:31 +0300] "GET /cinemaTicket/showtimes HTTP/1.0" 200 26678 "-" "Mozilla/5.0 (compatible; Googlebot/2.1; +http://www.google.com/bot.html)"
176.62.76.126 - - [27/Sep/2016:02:49:01 +0300] "GET /favicon.ico HTTP/1.0" 404 6043 "-" "Mozilla/5.0 (Windows NT 10.0; WOW64) AppleWebKit/537.36 (KHTML, like Gecko) Chrome/52.0.2743.116 YaBrowser/16.9.1.1131 (dfl2nc9ks) Yowser/2.5 Safari/537.36"
188.255.25.100 - - [27/Sep/2016:02:49:18 +0300] "GET /cinema/film/785 HTTP/1.0" 200 9507 "http://yandex.ru/clck/jsredir?from=yandex.ru%3Bsearch%3Bweb%3B%3B&text=&etext=1190.48cH6Vwv3uyQKkX9ghSdqZzc5XV6bKjsI8rrVjx87jtUUsuUfndBLCn8C8M-lOwt.0c246b204b4a70118dde9f59d1c1ac02132c9d03&uuid=&state=_BLhILn4SxNIvvL0W45KSic66uCIg23qh8iRG98qeIXmeppkgUc0YMIVJNtoWDTa6Ctl47TPu5I&data=UlNrNmk5WktYejR0eWJFYk1LdmtxcXhiNmZ6OVFSa2x2bURfdHdjdVhRa1EwVTM4cllaY2JXWWw3ODVibXZ5R0hWMVNQMENxbUpBTjJCTGxRN3dPVWcwWU9JR2Z4OHBFSl8wZzJOUHZtVXQxcEgxY2pzOUtod18xOWgzc083NGM&b64e=2&sign=2d56f0ec9ce4cfeb4ed51ebf101c0cd0&keyno=0&cst=AiuY0DBWFJ7IXge4WdYJQXbYQp9t5VF60ypFWXeweFCmh20vDDIpsVihpUoYDPW7Yx8xC2rNUm33FSERUX0TgMLzePErncIeUkkAYArs2xbuAZZmB-Na7k-GpS-dTf9QXyplJeq1V8FjbMBqRXNwPfItar6sH7Qf&ref=orjY4mGPRjk5boDnW0uvlrrd71vZw9kp5uQozpMtKCVz9TJ3Mp6Dkfor0B0VTikbR1prdaDMQ0MN1UK5UB6zSvSYvJ-6-BvqiyLg4dhnZXYjY9jqbF3GvO4Sdj9rodLl&l10n=ru&cts=1474932443797&mc=4.82477427677" "Mozilla/5.0 (Windows NT 6.1) AppleWebKit/537.36 (KHTML, like Gecko) Chrome/31.0.1650.57 Safari/537.36"
176.62.76.126 - - [27/Sep/2016:02:50:01 +0300] "GET /favicon.ico HTTP/1.0" 404 6043 "-" "Mozilla/5.0 (Windows NT 10.0; WOW64) AppleWebKit/537.36 (KHTML, like Gecko) Chrome/52.0.2743.116 YaBrowser/16.9.1.1131 (dfl2nc9ks) Yowser/2.5 Safari/537.36"
207.46.13.69 - - [27/Sep/2016:02:50:24 +0300] "GET /cinemaTicket/hall/48468 HTTP/1.0" 404 6043 "-" "Mozilla/5.0 (compatible; bingbot/2.0; +http://www.bing.com/bingbot.htm)"
176.62.76.126 - - [27/Sep/2016:02:51:01 +0300] "GET /favicon.ico HTTP/1.0" 404 6043 "-" "Mozilla/5.0 (Windows NT 10.0; WOW64) AppleWebKit/537.36 (KHTML, like Gecko) Chrome/52.0.2743.116 YaBrowser/16.9.1.1131 (dfl2nc9ks) Yowser/2.5 Safari/537.36"
176.62.76.126 - - [27/Sep/2016:02:52:01 +0300] "GET /favicon.ico HTTP/1.0" 404 6043 "-" "Mozilla/5.0 (Windows NT 10.0; WOW64) AppleWebKit/537.36 (KHTML, like Gecko) Chrome/52.0.2743.116 YaBrowser/16.9.1.1131 (dfl2nc9ks) Yowser/2.5 Safari/537.36"
176.62.76.126 - - [27/Sep/2016:02:53:01 +0300] "GET /favicon.ico HTTP/1.0" 404 6043 "-" "Mozilla/5.0 (Windows NT 10.0; WOW64) AppleWebKit/537.36 (KHTML, like Gecko) Chrome/52.0.2743.116 YaBrowser/16.9.1.1131 (dfl2nc9ks) Yowser/2.5 Safari/537.36"
176.62.76.126 - - [27/Sep/2016:02:54:01 +0300] "GET /favicon.ico HTTP/1.0" 404 6043 "-" "Mozilla/5.0 (Windows NT 10.0; WOW64) AppleWebKit/537.36 (KHTML, like Gecko) Chrome/52.0.2743.116 YaBrowser/16.9.1.1131 (dfl2nc9ks) Yowser/2.5 Safari/537.36"
176.62.76.126 - - [27/Sep/2016:02:55:01 +0300] "GET /favicon.ico HTTP/1.0" 404 6043 "-" "Mozilla/5.0 (Windows NT 10.0; WOW64) AppleWebKit/537.36 (KHTML, like Gecko) Chrome/52.0.2743.116 YaBrowser/16.9.1.1131 (dfl2nc9ks) Yowser/2.5 Safari/537.36"
176.62.76.126 - - [27/Sep/2016:02:56:01 +0300] "GET /favicon.ico HTTP/1.0" 404 6043 "-" "Mozilla/5.0 (Windows NT 10.0; WOW64) AppleWebKit/537.36 (KHTML, like Gecko) Chrome/52.0.2743.116 YaBrowser/16.9.1.1131 (dfl2nc9ks) Yowser/2.5 Safari/537.36"
176.62.76.126 - - [27/Sep/2016:02:57:02 +0300] "GET /favicon.ico HTTP/1.0" 404 6043 "-" "Mozilla/5.0 (Windows NT 10.0; WOW64) AppleWebKit/537.36 (KHTML, like Gecko) Chrome/52.0.2743.116 YaBrowser/16.9.1.1131 (dfl2nc9ks) Yowser/2.5 Safari/537.36"
176.62.76.126 - - [27/Sep/2016:02:58:01 +0300] "GET /favicon.ico HTTP/1.0" 404 6043 "-" "Mozilla/5.0 (Windows NT 10.0; WOW64) AppleWebKit/537.36 (KHTML, like Gecko) Chrome/52.0.2743.116 YaBrowser/16.9.1.1131 (dfl2nc9ks) Yowser/2.5 Safari/537.36"
176.62.76.126 - - [27/Sep/2016:02:59:01 +0300] "GET /favicon.ico HTTP/1.0" 404 6043 "-" "Mozilla/5.0 (Windows NT 10.0; WOW64) AppleWebKit/537.36 (KHTML, like Gecko) Chrome/52.0.2743.116 YaBrowser/16.9.1.1131 (dfl2nc9ks) Yowser/2.5 Safari/537.36"
176.62.76.126 - - [27/Sep/2016:03:00:01 +0300] "GET /favicon.ico HTTP/1.0" 404 6043 "-" "Mozilla/5.0 (Windows NT 10.0; WOW64) AppleWebKit/537.36 (KHTML, like Gecko) Chrome/52.0.2743.116 YaBrowser/16.9.1.1131 (dfl2nc9ks) Yowser/2.5 Safari/537.36"
141.0.12.34 - - [27/Sep/2016:03:00:17 +0300] "GET /images/favicon.ico HTTP/1.0" 200 1150 "-" "Opera/9.80 (Android; Opera Mini/7.6.40234/37.8923; U; ru) Presto/2.12.423 Version/12.16"
176.62.76.126 - - [27/Sep/2016:03:01:01 +0300] "GET /favicon.ico HTTP/1.0" 404 6043 "-" "Mozilla/5.0 (Windows NT 10.0; WOW64) AppleWebKit/537.36 (KHTML, like Gecko) Chrome/52.0.2743.116 YaBrowser/16.9.1.1131 (dfl2nc9ks) Yowser/2.5 Safari/537.36"
188.244.32.146 - - [27/Sep/2016:03:01:55 +0300] "GET /cinemaTicket/showtimes/list/date/30.06.2016 HTTP/1.0" 200 8502 "http://yandex.ru/clck/jsredir?from=yandex.ru%3Bsearch%3Bweb%3B%3B&text=&etext=1190.NwFrBBjLapzZ16lM0xoe_2X_Yg6K2h1f8PsDwzRZFlb9ZH6rr1IM7gXezibqzfUo.85aba7d5b965c07d405a3caf501c70a511d490ea&uuid=&state=_BLhILn4SxNIvvL0W45KSic66uCIg23qh8iRG98qeIXmeppkgUc0YGv9iZwKiy-E54GYiollMFA&data=UlNrNmk5WktYejR0eWJFYk1LdmtxbEh6cGhfMWZWTWVzMzl0SXU5bjNkbXk1cHBsSkp6MDZvT0ZVcjdjOE9tQUlZYWt4NVNZeUtGeEVSQnVvNWZmbllYRnF2bHBfZ2xHYTlGTFV3N3lxMlR1cGVUQWpZM19qOC1KbWMzTkhyYTFnNENiRTMxd0EwVGJQTFBNTHR3YnV0bW95anAwbkF6N3A0dkotcVo2SnZBcUNrZzBRSkZTbXc&b64e=2&sign=dbb7f704ee5b8e6a9c2b61612b28b0d2&keyno=0&cst=AiuY0DBWFJ7IXge4WdYJQXbYQp9t5VF69Vs-KV_X82qMaq4WMpkMKlXhFSthVd0y4P4jeDL00sVm-RdenPd7u8ZlLYycONjNePjFfdlJOl8WBoFhxPm16BkiPV57Xnvn1H9uiTqJkwu6ALGc9aYPpoa5BJD71FPC&ref=orjY4mGPRjk5boDnW0uvlrrd71vZw9kp5uQozpMtKCUrYE_V40103lbrY862iFHPFNSnHvEGfudJR168v37mJ4qGN7kTk9cjZBtAmLTfF2evcqdKCxSu5uGUm36TAyrY&l10n=ru&cts=1474933383155&mc=4.6634075635" "Mozilla/4.0 (compatible; MSIE 8.0; Windows NT 5.1; Trident/4.0; .NET CLR 2.0.50727; .NET CLR 3.0.4506.2152; .NET CLR 3.5.30729)"
176.62.76.126 - - [27/Sep/2016:03:02:01 +0300] "GET /favicon.ico HTTP/1.0" 404 6043 "-" "Mozilla/5.0 (Windows NT 10.0; WOW64) AppleWebKit/537.36 (KHTML, like Gecko) Chrome/52.0.2743.116 YaBrowser/16.9.1.1131 (dfl2nc9ks) Yowser/2.5 Safari/537.36"
188.244.32.146 - - [27/Sep/2016:03:02:03 +0300] "GET /flash/baner.swf HTTP/1.0" 200 5330 "http://www.kristall-kino.ru/cinemaTicket/showtimes/list/date/30.06.2016" "Mozilla/4.0 (compatible; MSIE 8.0; Windows NT 5.1; Trident/4.0; .NET CLR 2.0.50727; .NET CLR 3.0.4506.2152; .NET CLR 3.5.30729)"
141.8.184.21 - - [27/Sep/2016:03:02:41 +0300] "GET /cinemaTicket/hall/48704 HTTP/1.0" 200 39365 "-" "Mozilla/5.0 (compatible; YandexBot/3.0; +http://yandex.com/bots)"
93.158.152.58 - - [27/Sep/2016:03:02:44 +0300] "GET /cinemaTicket/hall/48604 HTTP/1.0" 404 6043 "-" "Mozilla/5.0 (compatible; YandexBot/3.0; +http://yandex.com/bots)"
