95.189.159.72 - - [27/Sep/2016:03:57:00 +0300] "GET /favicon.ico HTTP/1.0" 404 6043 "-" "Mozilla/5.0 (Windows NT 6.1; WOW64) AppleWebKit/537.36 (KHTML, like Gecko) Chrome/52.0.2743.116 YaBrowser/16.9.1.1131 Yowser/2.5 Safari/537.36"
176.62.76.126 - - [27/Sep/2016:03:57:01 +0300] "GET /favicon.ico HTTP/1.0" 404 6043 "-" "Mozilla/5.0 (Windows NT 10.0; WOW64) AppleWebKit/537.36 (KHTML, like Gecko) Chrome/52.0.2743.116 YaBrowser/16.9.1.1131 (dfl2nc9ks) Yowser/2.5 Safari/537.36"
95.189.159.72 - - [27/Sep/2016:03:58:00 +0300] "GET /favicon.ico HTTP/1.0" 404 6043 "-" "Mozilla/5.0 (Windows NT 6.1; WOW64) AppleWebKit/537.36 (KHTML, like Gecko) Chrome/52.0.2743.116 YaBrowser/16.9.1.1131 Yowser/2.5 Safari/537.36"
176.62.76.126 - - [27/Sep/2016:03:58:01 +0300] "GET /favicon.ico HTTP/1.0" 404 6043 "-" "Mozilla/5.0 (Windows NT 10.0; WOW64) AppleWebKit/537.36 (KHTML, like Gecko) Chrome/52.0.2743.116 YaBrowser/16.9.1.1131 (dfl2nc9ks) Yowser/2.5 Safari/537.36"
178.154.149.7 - - [27/Sep/2016:03:58:19 +0300] "GET /cinemaTicket/showtimes/list/date/01.10.2016 HTTP/1.0" 200 25269 "-" "Mozilla/5.0 (compatible; YandexBot/3.0; +http://yandex.com/bots)"
178.154.149.7 - - [27/Sep/2016:03:58:22 +0300] "GET /XllNZ/cinemaTicket/showtimes HTTP/1.0" 404 6043 "-" "Mozilla/5.0 (compatible; YandexBot/3.0; +http://yandex.com/bots)"
66.249.66.129 - - [27/Sep/2016:03:58:50 +0300] "GET /cinemaTicket/hall/48639 HTTP/1.0" 200 39381 "-" "Mozilla/5.0 (compatible; Googlebot/2.1; +http://www.google.com/bot.html)"
95.189.159.72 - - [27/Sep/2016:03:59:00 +0300] "GET /favicon.ico HTTP/1.0" 404 6043 "-" "Mozilla/5.0 (Windows NT 6.1; WOW64) AppleWebKit/537.36 (KHTML, like Gecko) Chrome/52.0.2743.116 YaBrowser/16.9.1.1131 Yowser/2.5 Safari/537.36"
176.62.76.126 - - [27/Sep/2016:03:59:01 +0300] "GET /favicon.ico HTTP/1.0" 404 6043 "-" "Mozilla/5.0 (Windows NT 10.0; WOW64) AppleWebKit/537.36 (KHTML, like Gecko) Chrome/52.0.2743.116 YaBrowser/16.9.1.1131 (dfl2nc9ks) Yowser/2.5 Safari/537.36"
66.249.66.129 - - [27/Sep/2016:03:59:06 +0300] "GET /cinemaTicket/hall/48444 HTTP/1.0" 404 6043 "-" "Mozilla/5.0 (Linux; Android 6.0.1; Nexus 5X Build/MMB29P) AppleWebKit/537.36 (KHTML, like Gecko) Chrome/41.0.2272.96 Mobile Safari/537.36 (compatible; Googlebot/2.1; +http://www.google.com/bot.html)"
95.189.159.72 - - [27/Sep/2016:04:00:00 +0300] "GET /favicon.ico HTTP/1.0" 404 6043 "-" "Mozilla/5.0 (Windows NT 6.1; WOW64) AppleWebKit/537.36 (KHTML, like Gecko) Chrome/52.0.2743.116 YaBrowser/16.9.1.1131 Yowser/2.5 Safari/537.36"
176.62.76.126 - - [27/Sep/2016:04:00:01 +0300] "GET /favicon.ico HTTP/1.0" 404 6043 "-" "Mozilla/5.0 (Windows NT 10.0; WOW64) AppleWebKit/537.36 (KHTML, like Gecko) Chrome/52.0.2743.116 YaBrowser/16.9.1.1131 (dfl2nc9ks) Yowser/2.5 Safari/537.36"
95.189.159.72 - - [27/Sep/2016:04:01:00 +0300] "GET /favicon.ico HTTP/1.0" 404 6043 "-" "Mozilla/5.0 (Windows NT 6.1; WOW64) AppleWebKit/537.36 (KHTML, like Gecko) Chrome/52.0.2743.116 YaBrowser/16.9.1.1131 Yowser/2.5 Safari/537.36"
176.62.76.126 - - [27/Sep/2016:04:01:01 +0300] "GET /favicon.ico HTTP/1.0" 403 633 "-" "Mozilla/5.0 (Windows NT 10.0; WOW64) AppleWebKit/537.36 (KHTML, like Gecko) Chrome/52.0.2743.116 YaBrowser/16.9.1.1131 (dfl2nc9ks) Yowser/2.5 Safari/537.36"
95.189.159.72 - - [27/Sep/2016:04:02:00 +0300] "GET /favicon.ico HTTP/1.0" 404 6043 "-" "Mozilla/5.0 (Windows NT 6.1; WOW64) AppleWebKit/537.36 (KHTML, like Gecko) Chrome/52.0.2743.116 YaBrowser/16.9.1.1131 Yowser/2.5 Safari/537.36"
176.62.76.126 - - [27/Sep/2016:04:02:01 +0300] "GET /favicon.ico HTTP/1.0" 403 633 "-" "Mozilla/5.0 (Windows NT 10.0; WOW64) AppleWebKit/537.36 (KHTML, like Gecko) Chrome/52.0.2743.116 YaBrowser/16.9.1.1131 (dfl2nc9ks) Yowser/2.5 Safari/537.36"
188.232.170.28 - - [27/Sep/2016:04:02:15 +0300] "GET / HTTP/1.0" 200 11522 "-" "Mozilla/5.0 (Linux; Android 6.0.1; SAMSUNG SM-J500H Build/MMB29M) AppleWebKit/537.36 (KHTML, like Gecko) SamsungBrowser/4.0 Chrome/44.0.2403.133 Mobile Safari/537.36"
93.158.152.58 - - [27/Sep/2016:04:02:16 +0300] "GET /cinemaTicket/hall/48626 HTTP/1.0" 200 24192 "-" "Mozilla/5.0 (compatible; YandexBot/3.0; +http://yandex.com/bots)"
95.189.159.72 - - [27/Sep/2016:04:03:00 +0300] "GET /favicon.ico HTTP/1.0" 404 6043 "-" "Mozilla/5.0 (Windows NT 6.1; WOW64) AppleWebKit/537.36 (KHTML, like Gecko) Chrome/52.0.2743.116 YaBrowser/16.9.1.1131 Yowser/2.5 Safari/537.36"
176.62.76.126 - - [27/Sep/2016:04:03:01 +0300] "GET /favicon.ico HTTP/1.0" 403 633 "-" "Mozilla/5.0 (Windows NT 10.0; WOW64) AppleWebKit/537.36 (KHTML, like Gecko) Chrome/52.0.2743.116 YaBrowser/16.9.1.1131 (dfl2nc9ks) Yowser/2.5 Safari/537.36"
31.173.241.65 - - [27/Sep/2016:04:03:50 +0300] "GET / HTTP/1.0" 200 11522 "https://www.google.ru/" "Mozilla/5.0 (Linux; Android 6.0.1; HTC One_E8 dual sim Build/MMB29M) AppleWebKit/537.36 (KHTML, like Gecko) Chrome/52.0.2743.98 Mobile Safari/537.36"
95.189.159.72 - - [27/Sep/2016:04:04:00 +0300] "GET /favicon.ico HTTP/1.0" 404 6043 "-" "Mozilla/5.0 (Windows NT 6.1; WOW64) AppleWebKit/537.36 (KHTML, like Gecko) Chrome/52.0.2743.116 YaBrowser/16.9.1.1131 Yowser/2.5 Safari/537.36"
52.178.39.37 - - [27/Sep/2016:04:04:00 +0300] "GET /cinemaTicket/showtimes HTTP/1.0" 200 26678 "-" "Mozilla/5.0 (X11; Linux x86_64; rv:30.0) Gecko/20100101 Firefox/30.0"
52.178.39.37 - - [27/Sep/2016:04:04:00 +0300] "GET /images/favicon.ico HTTP/1.0" 200 1150 "-" "Mozilla/5.0 (X11; Linux x86_64; rv:30.0) Gecko/20100101 Firefox/30.0"
52.178.39.37 - - [27/Sep/2016:04:04:00 +0300] "GET /images/favicon.ico HTTP/1.0" 200 1150 "-" "Mozilla/5.0 (X11; Linux x86_64; rv:30.0) Gecko/20100101 Firefox/30.0"
52.178.39.37 - - [27/Sep/2016:04:04:01 +0300] "GET /flash/baner.swf HTTP/1.0" 200 5330 "http://kristall-kino.ru/cinemaTicket/showtimes" "Mozilla/5.0 (X11; Linux x86_64; rv:30.0) Gecko/20100101 Firefox/30.0"
176.62.76.126 - - [27/Sep/2016:04:04:01 +0300] "GET /favicon.ico HTTP/1.0" 403 633 "-" "Mozilla/5.0 (Windows NT 10.0; WOW64) AppleWebKit/537.36 (KHTML, like Gecko) Chrome/52.0.2743.116 YaBrowser/16.9.1.1131 (dfl2nc9ks) Yowser/2.5 Safari/537.36"
52.178.39.37 - - [27/Sep/2016:04:04:02 +0300] "GET /images/favicon.ico HTTP/1.0" 200 1150 "-" "Mozilla/5.0 (X11; Linux x86_64; rv:30.0) Gecko/20100101 Firefox/30.0"
52.178.39.37 - - [27/Sep/2016:04:04:02 +0300] "GET /flash/baner.swf HTTP/1.0" 200 5330 "http://kristall-kino.ru/cinemaTicket/showtimes" "Mozilla/5.0 (X11; Linux x86_64; rv:30.0) Gecko/20100101 Firefox/30.0"
95.189.159.72 - - [27/Sep/2016:04:05:00 +0300] "GET /favicon.ico HTTP/1.0" 404 6043 "-" "Mozilla/5.0 (Windows NT 6.1; WOW64) AppleWebKit/537.36 (KHTML, like Gecko) Chrome/52.0.2743.116 YaBrowser/16.9.1.1131 Yowser/2.5 Safari/537.36"
176.62.76.126 - - [27/Sep/2016:04:05:01 +0300] "GET /favicon.ico HTTP/1.0" 403 633 "-" "Mozilla/5.0 (Windows NT 10.0; WOW64) AppleWebKit/537.36 (KHTML, like Gecko) Chrome/52.0.2743.116 YaBrowser/16.9.1.1131 (dfl2nc9ks) Yowser/2.5 Safari/537.36"
95.189.159.72 - - [27/Sep/2016:04:06:00 +0300] "GET /favicon.ico HTTP/1.0" 404 6043 "-" "Mozilla/5.0 (Windows NT 6.1; WOW64) AppleWebKit/537.36 (KHTML, like Gecko) Chrome/52.0.2743.116 YaBrowser/16.9.1.1131 Yowser/2.5 Safari/537.36"
176.62.76.126 - - [27/Sep/2016:04:06:01 +0300] "GET /favicon.ico HTTP/1.0" 403 633 "-" "Mozilla/5.0 (Windows NT 10.0; WOW64) AppleWebKit/537.36 (KHTML, like Gecko) Chrome/52.0.2743.116 YaBrowser/16.9.1.1131 (dfl2nc9ks) Yowser/2.5 Safari/537.36"
176.62.76.126 - - [27/Sep/2016:04:07:01 +0300] "GET /favicon.ico HTTP/1.0" 403 633 "-" "Mozilla/5.0 (Windows NT 10.0; WOW64) AppleWebKit/537.36 (KHTML, like Gecko) Chrome/52.0.2743.116 YaBrowser/16.9.1.1131 (dfl2nc9ks) Yowser/2.5 Safari/537.36"
176.62.76.126 - - [27/Sep/2016:04:08:01 +0300] "GET /favicon.ico HTTP/1.0" 403 633 "-" "Mozilla/5.0 (Windows NT 10.0; WOW64) AppleWebKit/537.36 (KHTML, like Gecko) Chrome/52.0.2743.116 YaBrowser/16.9.1.1131 (dfl2nc9ks) Yowser/2.5 Safari/537.36"
46.233.226.69 - - [27/Sep/2016:04:08:34 +0300] "GET /cinemaTicket/showtimes HTTP/1.0" 200 26678 "-" "Mozilla/5.0 (Linux; U; Android 4.2.2; en-US; Ritmix RMP-505 Build/JDQ39) AppleWebKit/534.30 (KHTML, like Gecko) Version/4.0 UCBrowser/10.0.2.523 U3/0.8.0 Mobile Safari/534.30"
46.233.226.69 - - [27/Sep/2016:04:08:40 +0300] "GET /images/favicon.ico HTTP/1.0" 200 1150 "http://www.kristall-kino.ru/cinemaTicket/showtimes" "Mozilla/5.0 (Linux; U; Android 4.2.2; en-US; Ritmix RMP-505 Build/JDQ39) AppleWebKit/534.30 (KHTML, like Gecko) Version/4.0 UCBrowser/10.0.2.523 U3/0.8.0 Mobile Safari/534.30"
176.62.76.126 - - [27/Sep/2016:04:09:01 +0300] "GET /favicon.ico HTTP/1.0" 403 633 "-" "Mozilla/5.0 (Windows NT 10.0; WOW64) AppleWebKit/537.36 (KHTML, like Gecko) Chrome/52.0.2743.116 YaBrowser/16.9.1.1131 (dfl2nc9ks) Yowser/2.5 Safari/537.36"
176.62.76.126 - - [27/Sep/2016:04:10:02 +0300] "GET /favicon.ico HTTP/1.0" 403 633 "-" "Mozilla/5.0 (Windows NT 10.0; WOW64) AppleWebKit/537.36 (KHTML, like Gecko) Chrome/52.0.2743.116 YaBrowser/16.9.1.1131 (dfl2nc9ks) Yowser/2.5 Safari/537.36"
188.232.203.213 - - [27/Sep/2016:04:10:50 +0300] "GET / HTTP/1.0" 200 11522 "-" "Mozilla/5.0 (Linux; Android 4.2.2; Lenovo B6000-F Build/JDQ39) AppleWebKit/537.36 (KHTML, like Gecko) Chrome/53.0.2785.124 Safari/537.36"
178.154.149.7 - - [27/Sep/2016:04:11:01 +0300] "GET /QYelQ/ HTTP/1.0" 404 6043 "-" "Mozilla/5.0 (compatible; YandexBot/3.0; +http://yandex.com/bots)"
176.62.76.126 - - [27/Sep/2016:04:11:01 +0300] "GET /favicon.ico HTTP/1.0" 403 633 "-" "Mozilla/5.0 (Windows NT 10.0; WOW64) AppleWebKit/537.36 (KHTML, like Gecko) Chrome/52.0.2743.116 YaBrowser/16.9.1.1131 (dfl2nc9ks) Yowser/2.5 Safari/537.36"
63.142.244.73 - - [27/Sep/2016:04:11:03 +0300] "GET / HTTP/1.0" 200 11522 "-" "Mozilla/5.0 (Windows NT 6.3; WOW64) AppleWebKit/537.36 (KHTML, like Gecko) Chrome/34.0.1847.137 Safari/537.36"
176.62.76.126 - - [27/Sep/2016:04:12:02 +0300] "GET /favicon.ico HTTP/1.0" 403 633 "-" "Mozilla/5.0 (Windows NT 10.0; WOW64) AppleWebKit/537.36 (KHTML, like Gecko) Chrome/52.0.2743.116 YaBrowser/16.9.1.1131 (dfl2nc9ks) Yowser/2.5 Safari/537.36"
109.120.13.54 - - [27/Sep/2016:04:12:04 +0300] "GET / HTTP/1.0" 200 11522 "http://yandex.ru/clck/jsredir?from=yandex.ru%3Bsearch%2Fpad%2F%3Bweb%3B%3B&text=&etext=1190.azegJ1k9MyzTgGe02AOaPfJQYu3xi7_zmmqCnxajgdkGFxoztwlvcR_Rgba4UrGV.bae70ef09b98948e736653e3ec2d2f62f3826326&uuid=&state=PEtFfuTeVD5kpHnK9lio9QkU1tHIaqSGmpn3NHuF9Zj6Zigwt1v0L_s0wCyGSAqoRkKgIikwrCSHb4Dq4jXBopAeRzm7KvCYAzsm_n0symgfwwo_Zczug25ehTMBkCGp9yh53Lyex08&data=UlNrNmk5WktYejR0eWJFYk1LdmtxbEh6cGhfMWZWTWVzMzl0SXU5bjNkbXk1cHBsSkp6MDZnS3BsckpTSlBIWEp3Y0l3T3Y3bk9HV3FzSURtTWtfVVBJTGJuNFlvdnRoR1VNWFZDS1kzUms&b64e=2&sign=7e9af0841bb8d4c55b0fd4b96276dde7&keyno=0&cst=AiuY0DBWFJ7q0qcCggtsKfHM2byTvhoEBp4sIASFgLXxIQWUJL6ryxbF2h4Xhlq9zgAifRGZCT3aP71ecrirDMWfQ9b5AAgIqFUHzvrkaqQcszlelPaQ5rlp6q-YNT98ogC6Sch0EeGCp1ryd5ZqEPDCnxXSXp80osnjOpE6sf_pENy1l-NgM6DR1JXb27CbciQVA6jXRVDoLy8sqKSxdNw7gLRd9pfDW3jIuZqpezimknBqXC7gd-Dk-6u4ZsLIbrppPge7GCLxeC_TdPKlDcGhtWSlPKhIF6A1SSV90tHulSgJzT9-plITuswlueCGzESqUIn4fEs&ref=orjY4mGPRjk5boDnW0uvlrrd71vZw9kpAKCRFxv1axcieMARN_aj1IY-UD8KU8znP3b2BDo0fRVPwn47tjjSPwV-NwSDLOCI_HN9RyxWPlhWitjEckpMVProssISy-gYOYpFYtKMnbcFfXn-J7yW3KFZ1Od5-0s9OuGJN8VnpcnX8ylE1uYXD26arcJo2nYH5DUbkXT6yWo5UmxmtB5ZHg&l10n=ru&cts=1474938723384" "Mozilla/5.0 (Linux; Android 5.1.1; Orion R68G Build/LMY49F) AppleWebKit/537.36 (KHTML, like Gecko) Chrome/50.0.2661.102 YaBrowser/16.6.0.8810.01 Safari/537.36"
109.120.13.54 - - [27/Sep/2016:04:12:08 +0300] "GET /images/favicon.ico HTTP/1.0" 200 1150 "http://www.kristall-kino.ru/" "Mozilla/5.0 (Linux; Android 5.1.1; Orion R68G Build/LMY49F) AppleWebKit/537.36 (KHTML, like Gecko) Chrome/50.0.2661.102 YaBrowser/16.6.0.8810.01 Safari/537.36"
178.74.78.198 - - [27/Sep/2016:04:12:14 +0300] "GET / HTTP/1.0" 200 11522 "-" "Mozilla/5.0 (Linux; Android 4.2.1; X-tremer Build/JOP40D) AppleWebKit/537.36 (KHTML, like Gecko) Chrome/51.0.2704.106 YaBrowser/16.7.1.2924.00 Mobile Safari/537.36"
178.74.78.198 - - [27/Sep/2016:04:12:25 +0300] "GET /cinema/film/788 HTTP/1.0" 200 8313 "http://www.kristall-kino.ru/" "Mozilla/5.0 (Linux; Android 4.2.1; X-tremer Build/JOP40D) AppleWebKit/537.36 (KHTML, like Gecko) Chrome/51.0.2704.106 YaBrowser/16.7.1.2924.00 Mobile Safari/537.36"
109.120.13.54 - - [27/Sep/2016:04:12:39 +0300] "GET /cinema/film/785 HTTP/1.0" 200 9511 "http://www.kristall-kino.ru/" "Mozilla/5.0 (Linux; Android 5.1.1; Orion R68G Build/LMY49F) AppleWebKit/537.36 (KHTML, like Gecko) Chrome/50.0.2661.102 YaBrowser/16.6.0.8810.01 Safari/537.36"
109.120.13.54 - - [27/Sep/2016:04:12:45 +0300] "GET / HTTP/1.0" 200 11522 "http://yandex.ru/clck/jsredir?from=yandex.ru%3Bsearch%2Fpad%2F%3Bweb%3B%3B&text=&etext=1190.azegJ1k9MyzTgGe02AOaPfJQYu3xi7_zmmqCnxajgdkGFxoztwlvcR_Rgba4UrGV.bae70ef09b98948e736653e3ec2d2f62f3826326&uuid=&state=PEtFfuTeVD5kpHnK9lio9QkU1tHIaqSGmpn3NHuF9Zj6Zigwt1v0L_s0wCyGSAqoRkKgIikwrCSHb4Dq4jXBopAeRzm7KvCYAzsm_n0symgfwwo_Zczug25ehTMBkCGp9yh53Lyex08&data=UlNrNmk5WktYejR0eWJFYk1LdmtxbEh6cGhfMWZWTWVzMzl0SXU5bjNkbXk1cHBsSkp6MDZnS3BsckpTSlBIWEp3Y0l3T3Y3bk9HV3FzSURtTWtfVVBJTGJuNFlvdnRoR1VNWFZDS1kzUms&b64e=2&sign=7e9af0841bb8d4c55b0fd4b96276dde7&keyno=0&cst=AiuY0DBWFJ7q0qcCggtsKfHM2byTvhoEBp4sIASFgLXxIQWUJL6ryxbF2h4Xhlq9zgAifRGZCT3aP71ecrirDMWfQ9b5AAgIqFUHzvrkaqQcszlelPaQ5rlp6q-YNT98ogC6Sch0EeGCp1ryd5ZqEPDCnxXSXp80osnjOpE6sf_pENy1l-NgM6DR1JXb27CbciQVA6jXRVDoLy8sqKSxdNw7gLRd9pfDW3jIuZqpezimknBqXC7gd-Dk-6u4ZsLIbrppPge7GCLxeC_TdPKlDcGhtWSlPKhIF6A1SSV90tHulSgJzT9-plITuswlueCGzESqUIn4fEs&ref=orjY4mGPRjk5boDnW0uvlrrd71vZw9kpAKCRFxv1axcieMARN_aj1IY-UD8KU8znP3b2BDo0fRVPwn47tjjSPwV-NwSDLOCI_HN9RyxWPlhWitjEckpMVProssISy-gYOYpFYtKMnbcFfXn-J7yW3KFZ1Od5-0s9OuGJN8VnpcnX8ylE1uYXD26arcJo2nYH5DUbkXT6yWo5UmxmtB5ZHg&l10n=ru&cts=1474938723384" "Mozilla/5.0 (Linux; Android 5.1.1; Orion R68G Build/LMY49F) AppleWebKit/537.36 (KHTML, like Gecko) Chrome/50.0.2661.102 YaBrowser/16.6.0.8810.01 Safari/537.36"
178.74.78.198 - - [27/Sep/2016:04:12:54 +0300] "GET / HTTP/1.0" 200 11522 "-" "Mozilla/5.0 (Linux; Android 4.2.1; X-tremer Build/JOP40D) AppleWebKit/537.36 (KHTML, like Gecko) Chrome/51.0.2704.106 YaBrowser/16.7.1.2924.00 Mobile Safari/537.36"
176.62.76.126 - - [27/Sep/2016:04:13:01 +0300] "GET /favicon.ico HTTP/1.0" 403 633 "-" "Mozilla/5.0 (Windows NT 10.0; WOW64) AppleWebKit/537.36 (KHTML, like Gecko) Chrome/52.0.2743.116 YaBrowser/16.9.1.1131 (dfl2nc9ks) Yowser/2.5 Safari/537.36"
178.74.78.198 - - [27/Sep/2016:04:13:13 +0300] "GET /cinemaTicket/showtimes HTTP/1.0" 200 26678 "http://www.kristall-kino.ru/" "Mozilla/5.0 (Linux; Android 4.2.1; X-tremer Build/JOP40D) AppleWebKit/537.36 (KHTML, like Gecko) Chrome/51.0.2704.106 YaBrowser/16.7.1.2924.00 Mobile Safari/537.36"
176.62.76.126 - - [27/Sep/2016:04:14:02 +0300] "GET /favicon.ico HTTP/1.0" 403 633 "-" "Mozilla/5.0 (Windows NT 10.0; WOW64) AppleWebKit/537.36 (KHTML, like Gecko) Chrome/52.0.2743.116 YaBrowser/16.9.1.1131 (dfl2nc9ks) Yowser/2.5 Safari/537.36"
109.120.13.54 - - [27/Sep/2016:04:14:08 +0300] "GET /cinema/film/788 HTTP/1.0" 200 8313 "http://www.kristall-kino.ru/" "Mozilla/5.0 (Linux; Android 5.1.1; Orion R68G Build/LMY49F) AppleWebKit/537.36 (KHTML, like Gecko) Chrome/50.0.2661.102 YaBrowser/16.6.0.8810.01 Safari/537.36"
109.120.13.54 - - [27/Sep/2016:04:14:25 +0300] "GET /cinemaTicket/hall/48647 HTTP/1.0" 200 24192 "http://www.kristall-kino.ru/cinema/film/788" "Mozilla/5.0 (Linux; Android 5.1.1; Orion R68G Build/LMY49F) AppleWebKit/537.36 (KHTML, like Gecko) Chrome/50.0.2661.102 YaBrowser/16.6.0.8810.01 Safari/537.36"
109.120.13.54 - - [27/Sep/2016:04:14:30 +0300] "GET /cinema/film/788 HTTP/1.0" 200 8313 "http://www.kristall-kino.ru/" "Mozilla/5.0 (Linux; Android 5.1.1; Orion R68G Build/LMY49F) AppleWebKit/537.36 (KHTML, like Gecko) Chrome/50.0.2661.102 YaBrowser/16.6.0.8810.01 Safari/537.36"
109.120.13.54 - - [27/Sep/2016:04:14:43 +0300] "GET / HTTP/1.0" 200 11522 "http://yandex.ru/clck/jsredir?from=yandex.ru%3Bsearch%2Fpad%2F%3Bweb%3B%3B&text=&etext=1190.azegJ1k9MyzTgGe02AOaPfJQYu3xi7_zmmqCnxajgdkGFxoztwlvcR_Rgba4UrGV.bae70ef09b98948e736653e3ec2d2f62f3826326&uuid=&state=PEtFfuTeVD5kpHnK9lio9QkU1tHIaqSGmpn3NHuF9Zj6Zigwt1v0L_s0wCyGSAqoRkKgIikwrCSHb4Dq4jXBopAeRzm7KvCYAzsm_n0symgfwwo_Zczug25ehTMBkCGp9yh53Lyex08&data=UlNrNmk5WktYejR0eWJFYk1LdmtxbEh6cGhfMWZWTWVzMzl0SXU5bjNkbXk1cHBsSkp6MDZnS3BsckpTSlBIWEp3Y0l3T3Y3bk9HV3FzSURtTWtfVVBJTGJuNFlvdnRoR1VNWFZDS1kzUms&b64e=2&sign=7e9af0841bb8d4c55b0fd4b96276dde7&keyno=0&cst=AiuY0DBWFJ7q0qcCggtsKfHM2byTvhoEBp4sIASFgLXxIQWUJL6ryxbF2h4Xhlq9zgAifRGZCT3aP71ecrirDMWfQ9b5AAgIqFUHzvrkaqQcszlelPaQ5rlp6q-YNT98ogC6Sch0EeGCp1ryd5ZqEPDCnxXSXp80osnjOpE6sf_pENy1l-NgM6DR1JXb27CbciQVA6jXRVDoLy8sqKSxdNw7gLRd9pfDW3jIuZqpezimknBqXC7gd-Dk-6u4ZsLIbrppPge7GCLxeC_TdPKlDcGhtWSlPKhIF6A1SSV90tHulSgJzT9-plITuswlueCGzESqUIn4fEs&ref=orjY4mGPRjk5boDnW0uvlrrd71vZw9kpAKCRFxv1axcieMARN_aj1IY-UD8KU8znP3b2BDo0fRVPwn47tjjSPwV-NwSDLOCI_HN9RyxWPlhWitjEckpMVProssISy-gYOYpFYtKMnbcFfXn-J7yW3KFZ1Od5-0s9OuGJN8VnpcnX8ylE1uYXD26arcJo2nYH5DUbkXT6yWo5UmxmtB5ZHg&l10n=ru&cts=1474938883127" "Mozilla/5.0 (Linux; Android 5.1.1; Orion R68G Build/LMY49F) AppleWebKit/537.36 (KHTML, like Gecko) Chrome/50.0.2661.102 YaBrowser/16.6.0.8810.01 Safari/537.36"
176.62.76.126 - - [27/Sep/2016:04:15:01 +0300] "GET /favicon.ico HTTP/1.0" 403 633 "-" "Mozilla/5.0 (Windows NT 10.0; WOW64) AppleWebKit/537.36 (KHTML, like Gecko) Chrome/52.0.2743.116 YaBrowser/16.9.1.1131 (dfl2nc9ks) Yowser/2.5 Safari/537.36"
176.59.139.96 - - [27/Sep/2016:04:15:27 +0300] "GET /cinemaTicket/hall/47623 HTTP/1.0" 404 6043 "http://kristall-kino.ru/cinema/film/767" "Mozilla/5.0 (Linux; Android 5.1; IRON Build/LMY47D) AppleWebKit/537.36 (KHTML, like Gecko) Version/4.0 Chrome/39.0.0.0 Mobile Safari/537.36"
176.62.76.126 - - [27/Sep/2016:04:16:01 +0300] "GET /favicon.ico HTTP/1.0" 403 633 "-" "Mozilla/5.0 (Windows NT 10.0; WOW64) AppleWebKit/537.36 (KHTML, like Gecko) Chrome/52.0.2743.116 YaBrowser/16.9.1.1131 (dfl2nc9ks) Yowser/2.5 Safari/537.36"
176.62.76.126 - - [27/Sep/2016:04:17:01 +0300] "GET /favicon.ico HTTP/1.0" 403 633 "-" "Mozilla/5.0 (Windows NT 10.0; WOW64) AppleWebKit/537.36 (KHTML, like Gecko) Chrome/52.0.2743.116 YaBrowser/16.9.1.1131 (dfl2nc9ks) Yowser/2.5 Safari/537.36"
188.232.122.45 - - [27/Sep/2016:04:17:08 +0300] "GET / HTTP/1.0" 200 11522 "-" "Mozilla/5.0 (Linux; U; Android 4.2.2; zh-cn; Lenovo S650/S100) AppleWebKit/534.30 (KHTML, like Gecko) Version/4.0 Mobile Safari/534.30"
188.232.122.45 - - [27/Sep/2016:04:17:13 +0300] "GET /images/favicon.ico HTTP/1.0" 200 1150 "http://kristall-kino.ru/" "Mozilla/5.0 (Linux; U; Android 4.2.2; zh-cn; Lenovo S650/S100) AppleWebKit/534.30 (KHTML, like Gecko) Version/4.0 Mobile Safari/534.30"
188.232.122.45 - - [27/Sep/2016:04:17:40 +0300] "GET /cinema/soon HTTP/1.0" 200 8534 "http://kristall-kino.ru/" "Mozilla/5.0 (Linux; U; Android 4.2.2; zh-cn; Lenovo S650/S100) AppleWebKit/534.30 (KHTML, like Gecko) Version/4.0 Mobile Safari/534.30"
188.232.122.45 - - [27/Sep/2016:04:17:52 +0300] "GET /cinema/film/800 HTTP/1.0" 200 8339 "http://kristall-kino.ru/cinema/soon" "Mozilla/5.0 (Linux; U; Android 4.2.2; zh-cn; Lenovo S650/S100) AppleWebKit/534.30 (KHTML, like Gecko) Version/4.0 Mobile Safari/534.30"
188.232.122.45 - - [27/Sep/2016:04:18:18 +0300] "GET /cinema/soon HTTP/1.0" 200 8534 "http://kristall-kino.ru/" "Mozilla/5.0 (Linux; U; Android 4.2.2; zh-cn; Lenovo S650/S100) AppleWebKit/534.30 (KHTML, like Gecko) Version/4.0 Mobile Safari/534.30"
188.232.122.45 - - [27/Sep/2016:04:18:23 +0300] "GET /cinema/film/799 HTTP/1.0" 200 8753 "http://kristall-kino.ru/cinema/soon" "Mozilla/5.0 (Linux; U; Android 4.2.2; zh-cn; Lenovo S650/S100) AppleWebKit/534.30 (KHTML, like Gecko) Version/4.0 Mobile Safari/534.30"
188.232.122.45 - - [27/Sep/2016:04:18:40 +0300] "GET /cinema/soon HTTP/1.0" 200 8534 "http://kristall-kino.ru/" "Mozilla/5.0 (Linux; U; Android 4.2.2; zh-cn; Lenovo S650/S100) AppleWebKit/534.30 (KHTML, like Gecko) Version/4.0 Mobile Safari/534.30"
188.232.122.45 - - [27/Sep/2016:04:18:42 +0300] "GET /cinema/film/799 HTTP/1.0" 200 8753 "http://kristall-kino.ru/cinema/soon" "Mozilla/5.0 (Linux; U; Android 4.2.2; zh-cn; Lenovo S650/S100) AppleWebKit/534.30 (KHTML, like Gecko) Version/4.0 Mobile Safari/534.30"
188.232.122.45 - - [27/Sep/2016:04:18:49 +0300] "GET /cinema/soon HTTP/1.0" 200 8534 "http://kristall-kino.ru/" "Mozilla/5.0 (Linux; U; Android 4.2.2; zh-cn; Lenovo S650/S100) AppleWebKit/534.30 (KHTML, like Gecko) Version/4.0 Mobile Safari/534.30"
188.232.122.45 - - [27/Sep/2016:04:18:53 +0300] "GET / HTTP/1.0" 200 11522 "-" "Mozilla/5.0 (Linux; U; Android 4.2.2; zh-cn; Lenovo S650/S100) AppleWebKit/534.30 (KHTML, like Gecko) Version/4.0 Mobile Safari/534.30"
109.120.53.23 - - [27/Sep/2016:04:19:53 +0300] "GET /favicon.ico HTTP/1.0" 404 6043 "-" "Mozilla/5.0 (Windows NT 10.0; WOW64) AppleWebKit/537.36 (KHTML, like Gecko) Chrome/52.0.2743.116 YaBrowser/16.9.1.1131 Yowser/2.5 Safari/537.36"
109.120.53.23 - - [27/Sep/2016:04:20:50 +0300] "GET /favicon.ico HTTP/1.0" 404 6043 "-" "Mozilla/5.0 (Windows NT 10.0; WOW64) AppleWebKit/537.36 (KHTML, like Gecko) Chrome/52.0.2743.116 YaBrowser/16.9.1.1131 Yowser/2.5 Safari/537.36"
92.255.190.157 - - [27/Sep/2016:04:20:55 +0300] "GET / HTTP/1.0" 200 11522 "-" "Mozilla/5.0 (Windows NT 6.3; WOW64; rv:49.0) Gecko/20100101 Firefox/49.0"
92.255.190.157 - - [27/Sep/2016:04:20:58 +0300] "GET /images/favicon.ico HTTP/1.0" 200 1150 "-" "Mozilla/5.0 (Windows NT 6.3; WOW64; rv:49.0) Gecko/20100101 Firefox/49.0"
66.102.9.146 - - [27/Sep/2016:04:21:22 +0300] "GET / HTTP/1.0" 200 11522 "-" "Mozilla/5.0 (X11; Linux x86_64) AppleWebKit/537.36 (KHTML, like Gecko) Chrome/49.0.2623.75 Safari/537.36 Google Favicon"
66.102.9.144 - - [27/Sep/2016:04:21:23 +0300] "GET /images/favicon.ico HTTP/1.0" 200 1150 "-" "Mozilla/5.0 (X11; Linux x86_64) AppleWebKit/537.36 (KHTML, like Gecko) Chrome/49.0.2623.75 Safari/537.36 Google Favicon"
109.120.53.23 - - [27/Sep/2016:04:21:50 +0300] "GET /favicon.ico HTTP/1.0" 404 6043 "-" "Mozilla/5.0 (Windows NT 10.0; WOW64) AppleWebKit/537.36 (KHTML, like Gecko) Chrome/52.0.2743.116 YaBrowser/16.9.1.1131 Yowser/2.5 Safari/537.36"
207.46.13.69 - - [27/Sep/2016:04:22:41 +0300] "GET /cinema/film/677 HTTP/1.0" 200 8816 "-" "Mozilla/5.0 (compatible; bingbot/2.0; +http://www.bing.com/bingbot.htm)"
109.120.53.23 - - [27/Sep/2016:04:22:51 +0300] "GET /favicon.ico HTTP/1.0" 404 6043 "-" "Mozilla/5.0 (Windows NT 10.0; WOW64) AppleWebKit/537.36 (KHTML, like Gecko) Chrome/52.0.2743.116 YaBrowser/16.9.1.1131 Yowser/2.5 Safari/537.36"
66.249.66.129 - - [27/Sep/2016:04:23:34 +0300] "GET /cinemaTicket/hall/48438 HTTP/1.0" 404 6043 "-" "Mozilla/5.0 (Linux; Android 6.0.1; Nexus 5X Build/MMB29P) AppleWebKit/537.36 (KHTML, like Gecko) Chrome/41.0.2272.96 Mobile Safari/537.36 (compatible; Googlebot/2.1; +http://www.google.com/bot.html)"
109.120.53.23 - - [27/Sep/2016:04:23:51 +0300] "GET /favicon.ico HTTP/1.0" 404 6043 "-" "Mozilla/5.0 (Windows NT 10.0; WOW64) AppleWebKit/537.36 (KHTML, like Gecko) Chrome/52.0.2743.116 YaBrowser/16.9.1.1131 Yowser/2.5 Safari/537.36"
82.145.222.229 - - [27/Sep/2016:04:24:16 +0300] "GET /images/favicon.ico HTTP/1.0" 200 1150 "-" "Opera/9.80 (Series 60; Opera Mini/7.1.32444/37.8923; U; ru) Presto/2.12.423 Version/12.16"
109.120.53.23 - - [27/Sep/2016:04:24:51 +0300] "GET /favicon.ico HTTP/1.0" 404 6043 "-" "Mozilla/5.0 (Windows NT 10.0; WOW64) AppleWebKit/537.36 (KHTML, like Gecko) Chrome/52.0.2743.116 YaBrowser/16.9.1.1131 Yowser/2.5 Safari/537.36"
109.120.53.23 - - [27/Sep/2016:04:25:51 +0300] "GET /favicon.ico HTTP/1.0" 404 6043 "-" "Mozilla/5.0 (Windows NT 10.0; WOW64) AppleWebKit/537.36 (KHTML, like Gecko) Chrome/52.0.2743.116 YaBrowser/16.9.1.1131 Yowser/2.5 Safari/537.36"
109.120.53.23 - - [27/Sep/2016:04:26:50 +0300] "GET /favicon.ico HTTP/1.0" 404 6043 "-" "Mozilla/5.0 (Windows NT 10.0; WOW64) AppleWebKit/537.36 (KHTML, like Gecko) Chrome/52.0.2743.116 YaBrowser/16.9.1.1131 Yowser/2.5 Safari/537.36"
109.120.53.23 - - [27/Sep/2016:04:27:50 +0300] "GET /favicon.ico HTTP/1.0" 404 6043 "-" "Mozilla/5.0 (Windows NT 10.0; WOW64) AppleWebKit/537.36 (KHTML, like Gecko) Chrome/52.0.2743.116 YaBrowser/16.9.1.1131 Yowser/2.5 Safari/537.36"
93.158.152.202 - - [27/Sep/2016:04:28:44 +0300] "GET /cinema/film/765 HTTP/1.0" 200 7765 "-" "Mozilla/5.0 (compatible; YandexBot/3.0; +http://yandex.com/bots)"
109.120.53.23 - - [27/Sep/2016:04:28:50 +0300] "GET /favicon.ico HTTP/1.0" 404 6043 "-" "Mozilla/5.0 (Windows NT 10.0; WOW64) AppleWebKit/537.36 (KHTML, like Gecko) Chrome/52.0.2743.116 YaBrowser/16.9.1.1131 Yowser/2.5 Safari/537.36"
mtphantom01i.yandex.ru - - [27/Sep/2016:04:29:10 +0300] "GET / HTTP/1.0" 200 43662 "-" "Mozilla/5.0 (compatible; YandexMetrika/2.0; +http://yandex.com/bots)"
109.120.53.23 - - [27/Sep/2016:04:29:50 +0300] "GET /favicon.ico HTTP/1.0" 404 6043 "-" "Mozilla/5.0 (Windows NT 10.0; WOW64) AppleWebKit/537.36 (KHTML, like Gecko) Chrome/52.0.2743.116 YaBrowser/16.9.1.1131 Yowser/2.5 Safari/537.36"
109.120.53.23 - - [27/Sep/2016:04:30:50 +0300] "GET /favicon.ico HTTP/1.0" 404 6043 "-" "Mozilla/5.0 (Windows NT 10.0; WOW64) AppleWebKit/537.36 (KHTML, like Gecko) Chrome/52.0.2743.116 YaBrowser/16.9.1.1131 Yowser/2.5 Safari/537.36"
178.154.149.7 - - [27/Sep/2016:04:31:40 +0300] "GET /cinemaTicket/hall/48464 HTTP/1.0" 404 6043 "-" "Mozilla/5.0 (compatible; YandexBot/3.0; +http://yandex.com/bots)"
109.120.53.23 - - [27/Sep/2016:04:31:50 +0300] "GET /favicon.ico HTTP/1.0" 404 6043 "-" "Mozilla/5.0 (Windows NT 10.0; WOW64) AppleWebKit/537.36 (KHTML, like Gecko) Chrome/52.0.2743.116 YaBrowser/16.9.1.1131 Yowser/2.5 Safari/537.36"
66.102.9.146 - - [27/Sep/2016:04:32:31 +0300] "GET / HTTP/1.0" 200 11522 "-" "Mozilla/5.0 (Linux; Android 5.1; T72HM3G Build/LMY47I) AppleWebKit/537.36 (KHTML, like Gecko) Chrome/47.0.2526.83 Safari/537.36"
66.102.9.148 - - [27/Sep/2016:04:32:37 +0300] "GET /images/favicon.ico HTTP/1.0" 200 1150 "http://kristall-kino.ru/" "Mozilla/5.0 (Linux; Android 5.1; T72HM3G Build/LMY47I) AppleWebKit/537.36 (KHTML, like Gecko) Chrome/47.0.2526.83 Safari/537.36"
109.120.53.23 - - [27/Sep/2016:04:32:50 +0300] "GET /favicon.ico HTTP/1.0" 404 6043 "-" "Mozilla/5.0 (Windows NT 10.0; WOW64) AppleWebKit/537.36 (KHTML, like Gecko) Chrome/52.0.2743.116 YaBrowser/16.9.1.1131 Yowser/2.5 Safari/537.36"
66.102.9.144 - - [27/Sep/2016:04:33:17 +0300] "GET /cinema/film/785 HTTP/1.0" 200 9507 "http://kristall-kino.ru/" "Mozilla/5.0 (Linux; Android 5.1; T72HM3G Build/LMY47I) AppleWebKit/537.36 (KHTML, like Gecko) Chrome/47.0.2526.83 Safari/537.36"
178.154.149.7 - - [27/Sep/2016:04:33:46 +0300] "GET /cinema/film/449 HTTP/1.0" 200 8341 "-" "Mozilla/5.0 (compatible; YandexBot/3.0; +http://yandex.com/bots)"
109.120.53.23 - - [27/Sep/2016:04:33:50 +0300] "GET /favicon.ico HTTP/1.0" 404 6043 "-" "Mozilla/5.0 (Windows NT 10.0; WOW64) AppleWebKit/537.36 (KHTML, like Gecko) Chrome/52.0.2743.116 YaBrowser/16.9.1.1131 Yowser/2.5 Safari/537.36"
66.102.9.146 - - [27/Sep/2016:04:33:54 +0300] "GET / HTTP/1.0" 200 11522 "-" "Mozilla/5.0 (Linux; Android 5.1; T72HM3G Build/LMY47I) AppleWebKit/537.36 (KHTML, like Gecko) Chrome/47.0.2526.83 Safari/537.36"
66.102.9.144 - - [27/Sep/2016:04:33:58 +0300] "GET /cinema/film/786 HTTP/1.0" 200 9091 "http://kristall-kino.ru/" "Mozilla/5.0 (Linux; Android 5.1; T72HM3G Build/LMY47I) AppleWebKit/537.36 (KHTML, like Gecko) Chrome/47.0.2526.83 Safari/537.36"
66.102.9.144 - - [27/Sep/2016:04:34:15 +0300] "GET /cinemaTicket/hall/48628 HTTP/1.0" 200 27076 "http://kristall-kino.ru/cinema/film/786" "Mozilla/5.0 (Linux; Android 5.1; T72HM3G Build/LMY47I) AppleWebKit/537.36 (KHTML, like Gecko) Chrome/47.0.2526.83 Safari/537.36"
109.120.53.23 - - [27/Sep/2016:04:34:50 +0300] "GET /favicon.ico HTTP/1.0" 404 6043 "-" "Mozilla/5.0 (Windows NT 10.0; WOW64) AppleWebKit/537.36 (KHTML, like Gecko) Chrome/52.0.2743.116 YaBrowser/16.9.1.1131 Yowser/2.5 Safari/537.36"
178.154.149.7 - - [27/Sep/2016:04:35:35 +0300] "GET /news/read/prodazha-biletov-onlajn HTTP/1.0" 200 5886 "-" "Mozilla/5.0 (compatible; YandexBot/3.0; +http://yandex.com/bots)"
66.249.66.189 - - [27/Sep/2016:04:35:46 +0300] "GET /cinemaTicket/hall/48383 HTTP/1.0" 404 6043 "-" "Mozilla/5.0 (Linux; Android 6.0.1; Nexus 5X Build/MMB29P) AppleWebKit/537.36 (KHTML, like Gecko) Chrome/41.0.2272.96 Mobile Safari/537.36 (compatible; Googlebot/2.1; +http://www.google.com/bot.html)"
109.120.53.23 - - [27/Sep/2016:04:35:50 +0300] "GET /favicon.ico HTTP/1.0" 404 6043 "-" "Mozilla/5.0 (Windows NT 10.0; WOW64) AppleWebKit/537.36 (KHTML, like Gecko) Chrome/52.0.2743.116 YaBrowser/16.9.1.1131 Yowser/2.5 Safari/537.36"
178.154.149.7 - - [27/Sep/2016:04:35:51 +0300] "GET /cinemaTicket/hall/48519 HTTP/1.0" 404 6043 "-" "Mozilla/5.0 (compatible; YandexBot/3.0; +http://yandex.com/bots)"
109.120.53.23 - - [27/Sep/2016:04:36:50 +0300] "GET /favicon.ico HTTP/1.0" 404 6043 "-" "Mozilla/5.0 (Windows NT 10.0; WOW64) AppleWebKit/537.36 (KHTML, like Gecko) Chrome/52.0.2743.116 YaBrowser/16.9.1.1131 Yowser/2.5 Safari/537.36"
213.87.224.134 - - [27/Sep/2016:04:37:40 +0300] "GET /cinemaTicket/showtimes/list/date/27.09.2016 HTTP/1.0" 200 26678 "http://kristall-kino.ru/cinemaTicket/showtimes" "Mozilla/5.0 (Linux; Android 5.0; ZTE T320 Build/LRX21M; wv) AppleWebKit/537.36 (KHTML, like Gecko) Version/4.0 Chrome/48.0.2564.106 Mobile Safari/537.36"
104.194.196.238 - - [27/Sep/2016:04:37:42 +0300] "GET /cinema/film/733 HTTP/1.0" 200 7873 "-" "Mozilla/5.0 (Windows; U; Windows NT 6.1; en-US; rv:1.9.2.13) Gecko/20101203 Firefox/3.6.13"
213.87.224.134 - - [27/Sep/2016:04:37:50 +0300] "GET /cinemaTicket/hall/48631 HTTP/1.0" 200 24173 "http://kristall-kino.ru/cinemaTicket/showtimes/list/date/27.09.2016" "Mozilla/5.0 (Linux; Android 5.0; ZTE T320 Build/LRX21M; wv) AppleWebKit/537.36 (KHTML, like Gecko) Version/4.0 Chrome/48.0.2564.106 Mobile Safari/537.36"
109.120.53.23 - - [27/Sep/2016:04:37:50 +0300] "GET /favicon.ico HTTP/1.0" 404 6043 "-" "Mozilla/5.0 (Windows NT 10.0; WOW64) AppleWebKit/537.36 (KHTML, like Gecko) Chrome/52.0.2743.116 YaBrowser/16.9.1.1131 Yowser/2.5 Safari/537.36"
109.120.5.179 - - [27/Sep/2016:04:38:26 +0300] "GET / HTTP/1.0" 200 11522 "https://www.google.ru/" "Mozilla/5.0 (Linux; Android 5.0.2; SM-A300F Build/LRX22G) AppleWebKit/537.36 (KHTML, like Gecko) Chrome/53.0.2785.124 Mobile Safari/537.36"
109.120.5.179 - - [27/Sep/2016:04:38:29 +0300] "GET /images/favicon.ico HTTP/1.0" 200 1150 "http://kristall-kino.ru/" "Mozilla/5.0 (Linux; Android 5.0.2; SM-A300F Build/LRX22G) AppleWebKit/537.36 (KHTML, like Gecko) Chrome/53.0.2785.124 Mobile Safari/537.36"
109.120.5.179 - - [27/Sep/2016:04:38:36 +0300] "GET /cinemaTicket/showtimes HTTP/1.0" 200 26678 "http://kristall-kino.ru/" "Mozilla/5.0 (Linux; Android 5.0.2; SM-A300F Build/LRX22G) AppleWebKit/537.36 (KHTML, like Gecko) Chrome/53.0.2785.124 Mobile Safari/537.36"
109.120.5.179 - - [27/Sep/2016:04:38:44 +0300] "GET /cinemaTicket/showtimes/list/date/02.10.2016 HTTP/1.0" 200 24720 "http://kristall-kino.ru/cinemaTicket/showtimes" "Mozilla/5.0 (Linux; Android 5.0.2; SM-A300F Build/LRX22G) AppleWebKit/537.36 (KHTML, like Gecko) Chrome/53.0.2785.124 Mobile Safari/537.36"
109.120.53.23 - - [27/Sep/2016:04:38:50 +0300] "GET /favicon.ico HTTP/1.0" 404 6043 "-" "Mozilla/5.0 (Windows NT 10.0; WOW64) AppleWebKit/537.36 (KHTML, like Gecko) Chrome/52.0.2743.116 YaBrowser/16.9.1.1131 Yowser/2.5 Safari/537.36"
109.120.5.179 - - [27/Sep/2016:04:38:56 +0300] "GET /cinemaTicket/showtimes/list/date/01.10.2016 HTTP/1.0" 200 25269 "http://kristall-kino.ru/cinemaTicket/showtimes/list/date/02.10.2016" "Mozilla/5.0 (Linux; Android 5.0.2; SM-A300F Build/LRX22G) AppleWebKit/537.36 (KHTML, like Gecko) Chrome/53.0.2785.124 Mobile Safari/537.36"
109.120.5.179 - - [27/Sep/2016:04:39:04 +0300] "GET /cinemaTicket/showtimes/list/date/30.09.2016 HTTP/1.0" 200 25269 "http://kristall-kino.ru/cinemaTicket/showtimes/list/date/01.10.2016" "Mozilla/5.0 (Linux; Android 5.0.2; SM-A300F Build/LRX22G) AppleWebKit/537.36 (KHTML, like Gecko) Chrome/53.0.2785.124 Mobile Safari/537.36"
109.120.5.179 - - [27/Sep/2016:04:39:14 +0300] "GET /cinemaTicket/showtimes/list/date/29.09.2016 HTTP/1.0" 200 24720 "http://kristall-kino.ru/cinemaTicket/showtimes/list/date/30.09.2016" "Mozilla/5.0 (Linux; Android 5.0.2; SM-A300F Build/LRX22G) AppleWebKit/537.36 (KHTML, like Gecko) Chrome/53.0.2785.124 Mobile Safari/537.36"
109.120.5.179 - - [27/Sep/2016:04:39:21 +0300] "GET /cinemaTicket/showtimes/list/date/28.09.2016 HTTP/1.0" 200 26678 "http://kristall-kino.ru/cinemaTicket/showtimes/list/date/29.09.2016" "Mozilla/5.0 (Linux; Android 5.0.2; SM-A300F Build/LRX22G) AppleWebKit/537.36 (KHTML, like Gecko) Chrome/53.0.2785.124 Mobile Safari/537.36"
109.120.5.179 - - [27/Sep/2016:04:39:25 +0300] "GET /cinemaTicket/showtimes/list/date/29.09.2016 HTTP/1.0" 200 24720 "http://kristall-kino.ru/cinemaTicket/showtimes/list/date/28.09.2016" "Mozilla/5.0 (Linux; Android 5.0.2; SM-A300F Build/LRX22G) AppleWebKit/537.36 (KHTML, like Gecko) Chrome/53.0.2785.124 Mobile Safari/537.36"
109.120.5.179 - - [27/Sep/2016:04:39:34 +0300] "GET /cinemaTicket/showtimes/list/date/27.09.2016 HTTP/1.0" 200 26678 "http://kristall-kino.ru/cinemaTicket/showtimes/list/date/29.09.2016" "Mozilla/5.0 (Linux; Android 5.0.2; SM-A300F Build/LRX22G) AppleWebKit/537.36 (KHTML, like Gecko) Chrome/53.0.2785.124 Mobile Safari/537.36"
109.120.53.23 - - [27/Sep/2016:04:39:50 +0300] "GET /favicon.ico HTTP/1.0" 404 6043 "-" "Mozilla/5.0 (Windows NT 10.0; WOW64) AppleWebKit/537.36 (KHTML, like Gecko) Chrome/52.0.2743.116 YaBrowser/16.9.1.1131 Yowser/2.5 Safari/537.36"
109.120.53.23 - - [27/Sep/2016:04:40:50 +0300] "GET /favicon.ico HTTP/1.0" 404 6043 "-" "Mozilla/5.0 (Windows NT 10.0; WOW64) AppleWebKit/537.36 (KHTML, like Gecko) Chrome/52.0.2743.116 YaBrowser/16.9.1.1131 Yowser/2.5 Safari/537.36"
188.232.173.214 - - [27/Sep/2016:04:41:12 +0300] "GET / HTTP/1.0" 200 11522 "-" "Mozilla/5.0 (iPhone; CPU iPhone OS 10_0_1 like Mac OS X) AppleWebKit/602.1.50 (KHTML, like Gecko) Version/10.0 Mobile/14A403 Safari/602.1"
109.120.53.23 - - [27/Sep/2016:04:41:50 +0300] "GET /favicon.ico HTTP/1.0" 404 6043 "-" "Mozilla/5.0 (Windows NT 10.0; WOW64) AppleWebKit/537.36 (KHTML, like Gecko) Chrome/52.0.2743.116 YaBrowser/16.9.1.1131 Yowser/2.5 Safari/537.36"
188.232.188.98 - - [27/Sep/2016:04:42:48 +0300] "GET / HTTP/1.0" 200 11522 "-" "Mozilla/5.0 (compatible; MSIE 10.0; Windows NT 6.1; Win64; x64; Trident/6.0)"
109.120.53.23 - - [27/Sep/2016:04:42:50 +0300] "GET /favicon.ico HTTP/1.0" 404 6043 "-" "Mozilla/5.0 (Windows NT 10.0; WOW64) AppleWebKit/537.36 (KHTML, like Gecko) Chrome/52.0.2743.116 YaBrowser/16.9.1.1131 Yowser/2.5 Safari/537.36"
109.120.53.23 - - [27/Sep/2016:04:43:50 +0300] "GET /favicon.ico HTTP/1.0" 404 6043 "-" "Mozilla/5.0 (Windows NT 10.0; WOW64) AppleWebKit/537.36 (KHTML, like Gecko) Chrome/52.0.2743.116 YaBrowser/16.9.1.1131 Yowser/2.5 Safari/537.36"
109.120.53.23 - - [27/Sep/2016:04:44:50 +0300] "GET /favicon.ico HTTP/1.0" 404 6043 "-" "Mozilla/5.0 (Windows NT 10.0; WOW64) AppleWebKit/537.36 (KHTML, like Gecko) Chrome/52.0.2743.116 YaBrowser/16.9.1.1131 Yowser/2.5 Safari/537.36"
109.120.53.23 - - [27/Sep/2016:04:45:50 +0300] "GET /favicon.ico HTTP/1.0" 404 6043 "-" "Mozilla/5.0 (Windows NT 10.0; WOW64) AppleWebKit/537.36 (KHTML, like Gecko) Chrome/52.0.2743.116 YaBrowser/16.9.1.1131 Yowser/2.5 Safari/537.36"
109.120.53.23 - - [27/Sep/2016:04:46:50 +0300] "GET /favicon.ico HTTP/1.0" 404 6043 "-" "Mozilla/5.0 (Windows NT 10.0; WOW64) AppleWebKit/537.36 (KHTML, like Gecko) Chrome/52.0.2743.116 YaBrowser/16.9.1.1131 Yowser/2.5 Safari/537.36"
109.120.53.23 - - [27/Sep/2016:04:47:50 +0300] "GET /favicon.ico HTTP/1.0" 404 6043 "-" "Mozilla/5.0 (Windows NT 10.0; WOW64) AppleWebKit/537.36 (KHTML, like Gecko) Chrome/52.0.2743.116 YaBrowser/16.9.1.1131 Yowser/2.5 Safari/537.36"
109.120.53.23 - - [27/Sep/2016:04:48:50 +0300] "GET /favicon.ico HTTP/1.0" 404 6043 "-" "Mozilla/5.0 (Windows NT 10.0; WOW64) AppleWebKit/537.36 (KHTML, like Gecko) Chrome/52.0.2743.116 YaBrowser/16.9.1.1131 Yowser/2.5 Safari/537.36"
109.120.53.23 - - [27/Sep/2016:04:49:50 +0300] "GET /favicon.ico HTTP/1.0" 404 6043 "-" "Mozilla/5.0 (Windows NT 10.0; WOW64) AppleWebKit/537.36 (KHTML, like Gecko) Chrome/52.0.2743.116 YaBrowser/16.9.1.1131 Yowser/2.5 Safari/537.36"
109.120.53.23 - - [27/Sep/2016:04:50:50 +0300] "GET /favicon.ico HTTP/1.0" 404 6043 "-" "Mozilla/5.0 (Windows NT 10.0; WOW64) AppleWebKit/537.36 (KHTML, like Gecko) Chrome/52.0.2743.116 YaBrowser/16.9.1.1131 Yowser/2.5 Safari/537.36"
109.120.53.23 - - [27/Sep/2016:04:51:50 +0300] "GET /favicon.ico HTTP/1.0" 404 6043 "-" "Mozilla/5.0 (Windows NT 10.0; WOW64) AppleWebKit/537.36 (KHTML, like Gecko) Chrome/52.0.2743.116 YaBrowser/16.9.1.1131 Yowser/2.5 Safari/537.36"
5x167x77x199.dynamic.omsk.ertelecom.ru - - [27/Sep/2016:04:52:44 +0300] "GET / HTTP/1.0" 200 43662 "http://www.google.ru/" "Mozilla/5.0 (Linux; Android 5.1; Rover Build/LMY47D) AppleWebKit/537.36 (KHTML, like Gecko) Version/4.0 Chrome/39.0.0.0 Safari/537.36"
109.120.53.23 - - [27/Sep/2016:04:52:50 +0300] "GET /favicon.ico HTTP/1.0" 404 6043 "-" "Mozilla/5.0 (Windows NT 10.0; WOW64) AppleWebKit/537.36 (KHTML, like Gecko) Chrome/52.0.2743.116 YaBrowser/16.9.1.1131 Yowser/2.5 Safari/537.36"
188.232.174.225 - - [27/Sep/2016:04:53:23 +0300] "GET / HTTP/1.0" 200 11522 "http://yandex.ru/clck/jsredir?from=yandex.ru%3Byandsearch%3Bweb%3B%3B&text=&etext=1190.WnfJLxjbh3jM1h-RL9PdJD1yvys0cZ7H1eHeJZq1NLWzY0144nNnwpJLr1vQ-HoIsuJ5_GgNwl3omMsua4A-LA.82152f61249dfb51a8d33e3324fa2e8bf0650dba&uuid=&state=PEtFfuTeVD5kpHnK9lio9VbDbf7GrxlZkVcPvgMGWNiV4aER4BuouwpzGh3L129v&data=UlNrNmk5WktYejR0eWJFYk1LdmtxbEh6cGhfMWZWTWVzMzl0SXU5bjNkbXk1cHBsSkp6MDZnS3BsckpTSlBIWHUyeXdnaG9ndDhQWFlUa2duRkxISjdqMFJXdkFZeDZhY0owT3laeVZweUU&b64e=2&sign=58fe10d821f0d379258343723d070357&keyno=0&cst=AiuY0DBWFJ7q0qcCggtsKaIFWK05T48MENBnGtWjDoDRoGCbzKmTRTauhrhdmJbBXHtjv-1-o0VI_vVyfS3xCIWXNCLWJuSXPRai6A0fSeTkTP04GvFmphTfkYN2Q8DBCYgN3cC-z2xUlL25JvdWw-tZ6HsNWRkDaqiGmmcrMpPUgZ8zCTTfX_rRakdvv3ZGJNReStb740KdxxpaJ6BZLfMBuXNoHra2p0I-Mkeutak&ref=cM777e4sMOAycdZhdUbYHtkusEOiLu3mxyDiA91nX7zB9pnT9KqAxig0O4i70zDt7P-Go0djmYghMk_WOGwa-AM3zHfLSLEwLFmhHt7X2g8xFGzVA0V4OwKR3rsTg0x0TDSzRwvaOWI0kKSl-h2Be0W-EUyijorOegrnOgqqses-IMTpt2yj66ST2doqh90CS7KopjOJrW5ps5E2ZQ-y4FzBHH2bVCejkK4zPkBWcfofR0rwPsNOFA&l10n=ru&cts=1474941200491" "Mozilla/5.0 (Android 4.2.2; Mobile; rv:48.0) Gecko/48.0 Firefox/48.0"
188.232.174.225 - - [27/Sep/2016:04:53:26 +0300] "GET /flash/baner.swf HTTP/1.0" 200 5330 "http://www.kristall-kino.ru/" "Mozilla/5.0 (Android 4.2.2; Mobile; rv:48.0) Gecko/48.0 Firefox/48.0"
188.232.174.225 - - [27/Sep/2016:04:53:27 +0300] "GET /images/favicon.ico HTTP/1.0" 200 1150 "-" "Mozilla/5.0 (Android 4.2.2; Mobile; rv:48.0) Gecko/48.0 Firefox/48.0"
109.120.53.23 - - [27/Sep/2016:04:53:50 +0300] "GET /favicon.ico HTTP/1.0" 404 6043 "-" "Mozilla/5.0 (Windows NT 10.0; WOW64) AppleWebKit/537.36 (KHTML, like Gecko) Chrome/52.0.2743.116 YaBrowser/16.9.1.1131 Yowser/2.5 Safari/537.36"
66.249.66.129 - - [27/Sep/2016:04:54:08 +0300] "GET / HTTP/1.0" 200 11522 "http://pwpm.chernaimaska.ru/index.php?page=8279" "Mozilla/5.0 (compatible; Googlebot/2.1; +http://www.google.com/bot.html)"
188.232.129.51 - - [27/Sep/2016:04:54:21 +0300] "GET / HTTP/1.0" 200 11522 "-" "Opera/9.80 (Windows NT 5.1; Edition Yx) Presto/2.12.388 Version/12.14"
188.232.129.51 - - [27/Sep/2016:04:54:22 +0300] "GET / HTTP/1.0" 200 11522 "-" "Opera/9.80 (Windows NT 5.1; Edition Yx) Presto/2.12.388 Version/12.14"
188.232.129.51 - - [27/Sep/2016:04:54:30 +0300] "GET /images/favicon.ico HTTP/1.0" 200 1150 "http://kristall-kino.ru/" "Opera/9.80 (Windows NT 5.1; Edition Yx) Presto/2.12.388 Version/12.14"
188.232.129.51 - - [27/Sep/2016:04:54:44 +0300] "GET /flash/baner.swf HTTP/1.0" 200 5330 "http://kristall-kino.ru/" "Opera/9.80 (Windows NT 5.1; Edition Yx) Presto/2.12.388 Version/12.14"
109.120.53.23 - - [27/Sep/2016:04:54:50 +0300] "GET /favicon.ico HTTP/1.0" 404 6043 "-" "Mozilla/5.0 (Windows NT 10.0; WOW64) AppleWebKit/537.36 (KHTML, like Gecko) Chrome/52.0.2743.116 YaBrowser/16.9.1.1131 Yowser/2.5 Safari/537.36"
178.74.78.198 - - [27/Sep/2016:04:54:56 +0300] "GET / HTTP/1.0" 200 11522 "-" "Mozilla/5.0 (Linux; Android 4.2.1; X-tremer Build/JOP40D) AppleWebKit/537.36 (KHTML, like Gecko) Chrome/51.0.2704.106 YaBrowser/16.7.1.2924.00 Mobile Safari/537.36"
188.232.129.51 - - [27/Sep/2016:04:55:03 +0300] "GET /images/favicon.ico HTTP/1.0" 200 1150 "http://kristall-kino.ru/" "Opera/9.80 (Windows NT 5.1; Edition Yx) Presto/2.12.388 Version/12.14"
178.74.78.198 - - [27/Sep/2016:04:55:06 +0300] "GET /cinemaTicket/showtimes HTTP/1.0" 200 26678 "http://www.kristall-kino.ru/" "Mozilla/5.0 (Linux; Android 4.2.1; X-tremer Build/JOP40D) AppleWebKit/537.36 (KHTML, like Gecko) Chrome/51.0.2704.106 YaBrowser/16.7.1.2924.00 Mobile Safari/537.36"
178.74.78.198 - - [27/Sep/2016:04:55:47 +0300] "GET /cinemaTicket/hall/48646 HTTP/1.0" 200 38411 "http://www.kristall-kino.ru/cinemaTicket/showtimes" "Mozilla/5.0 (Linux; Android 4.2.1; X-tremer Build/JOP40D) AppleWebKit/537.36 (KHTML, like Gecko) Chrome/51.0.2704.106 YaBrowser/16.7.1.2924.00 Mobile Safari/537.36"
109.120.53.23 - - [27/Sep/2016:04:55:50 +0300] "GET /favicon.ico HTTP/1.0" 404 6043 "-" "Mozilla/5.0 (Windows NT 10.0; WOW64) AppleWebKit/537.36 (KHTML, like Gecko) Chrome/52.0.2743.116 YaBrowser/16.9.1.1131 Yowser/2.5 Safari/537.36"
178.154.149.7 - - [27/Sep/2016:04:56:14 +0300] "GET /cinema/film/788 HTTP/1.0" 200 8313 "-" "Mozilla/5.0 (compatible; YandexBot/3.0; +http://yandex.com/bots)"
5.140.202.150 - - [27/Sep/2016:04:56:17 +0300] "GET / HTTP/1.0" 200 11522 "http://go.mail.ru/redir?q=%D0%BA%D0%B8%D0%BD%D0%BE%D1%82%D0%B5%D0%B0%D1%82%D1%80%20%D0%BA%D1%80%D0%B8%D1%81%D1%82%D0%B0%D0%BB%D0%BB%20%D1%82%D1%8E%D0%BC%D0%B5%D0%BD%D1%8C%20%D1%80%D0%B0%D1%81%D0%BF%D0%B8%D1%81%D0%B0%D0%BD%D0%B8%D0%B5%20%D1%84%D0%B8%D0%BB%D1%8C%D0%BC%D0%BE%D0%B2&via_page=1&sig=b02024ae8a85eb7bb4cc4a23ed671d56&redir=http%3A%2F%2Fkristall-kino.ru%2F" "Mozilla/5.0 (iPad; CPU OS 9_3_5 like Mac OS X) AppleWebKit/601.1.46 (KHTML, like Gecko) YaBrowser/16.9.0.3310.11 Mobile/13G36 Safari/601.1"
5.140.202.150 - - [27/Sep/2016:04:56:22 +0300] "GET /images/favicon.ico HTTP/1.0" 200 1150 "-" "Mozilla/5.0 (iPad; CPU OS 9_3_5 like Mac OS X) AppleWebKit/601.1.46 (KHTML, like Gecko) YaBrowser/16.9.0.3310.11 Mobile/13G36 Safari/601.1"
109.120.53.23 - - [27/Sep/2016:04:56:50 +0300] "GET /favicon.ico HTTP/1.0" 404 6043 "-" "Mozilla/5.0 (Windows NT 10.0; WOW64) AppleWebKit/537.36 (KHTML, like Gecko) Chrome/52.0.2743.116 YaBrowser/16.9.1.1131 Yowser/2.5 Safari/537.36"
178.154.149.7 - - [27/Sep/2016:04:57:22 +0300] "GET /cinemaTicket/hall/48625 HTTP/1.0" 200 24192 "-" "Mozilla/5.0 (compatible; YandexBot/3.0; +http://yandex.com/bots)"
5.167.76.198 - - [27/Sep/2016:04:57:25 +0300] "GET /favicon.ico HTTP/1.0" 404 6043 "-" "Mozilla/5.0 (Windows NT 6.1; WOW64) AppleWebKit/537.36 (KHTML, like Gecko) Chrome/51.0.2704.106 YaBrowser/16.7.1.20937 Yowser/2.5 Safari/537.36"
5.167.76.198 - - [27/Sep/2016:04:57:27 +0300] "GET /favicon.ico HTTP/1.0" 404 6043 "-" "Mozilla/5.0 (Windows NT 6.1; WOW64) AppleWebKit/537.36 (KHTML, like Gecko) Chrome/51.0.2704.106 YaBrowser/16.7.1.20937 Yowser/2.5 Safari/537.36"
5.167.76.198 - - [27/Sep/2016:04:57:27 +0300] "GET /favicon.ico HTTP/1.0" 404 6043 "-" "Mozilla/5.0 (Windows NT 6.1; WOW64) AppleWebKit/537.36 (KHTML, like Gecko) Chrome/51.0.2704.106 YaBrowser/16.7.1.20937 Yowser/2.5 Safari/537.36"
109.120.53.23 - - [27/Sep/2016:04:57:50 +0300] "GET /favicon.ico HTTP/1.0" 404 6043 "-" "Mozilla/5.0 (Windows NT 10.0; WOW64) AppleWebKit/537.36 (KHTML, like Gecko) Chrome/52.0.2743.116 YaBrowser/16.9.1.1131 Yowser/2.5 Safari/537.36"
66.249.66.186 - - [27/Sep/2016:04:57:53 +0300] "GET / HTTP/1.0" 200 11522 "-" "Mozilla/5.0 (compatible; Googlebot/2.1; +http://www.google.com/bot.html)"
207.46.13.69 - - [27/Sep/2016:04:58:22 +0300] "GET /cinemaTicket/showtimes/list/date/19.04.2014 HTTP/1.0" 200 8502 "-" "Mozilla/5.0 (compatible; bingbot/2.0; +http://www.bing.com/bingbot.htm)"
109.120.53.23 - - [27/Sep/2016:04:58:50 +0300] "GET /favicon.ico HTTP/1.0" 404 6043 "-" "Mozilla/5.0 (Windows NT 10.0; WOW64) AppleWebKit/537.36 (KHTML, like Gecko) Chrome/52.0.2743.116 YaBrowser/16.9.1.1131 Yowser/2.5 Safari/537.36"
109.120.53.23 - - [27/Sep/2016:04:59:50 +0300] "GET /favicon.ico HTTP/1.0" 404 6043 "-" "Mozilla/5.0 (Windows NT 10.0; WOW64) AppleWebKit/537.36 (KHTML, like Gecko) Chrome/52.0.2743.116 YaBrowser/16.9.1.1131 Yowser/2.5 Safari/537.36"
109.120.53.23 - - [27/Sep/2016:05:00:50 +0300] "GET /favicon.ico HTTP/1.0" 404 6043 "-" "Mozilla/5.0 (Windows NT 10.0; WOW64) AppleWebKit/537.36 (KHTML, like Gecko) Chrome/52.0.2743.116 YaBrowser/16.9.1.1131 Yowser/2.5 Safari/537.36"
109.120.53.23 - - [27/Sep/2016:05:01:50 +0300] "GET /favicon.ico HTTP/1.0" 404 6043 "-" "Mozilla/5.0 (Windows NT 10.0; WOW64) AppleWebKit/537.36 (KHTML, like Gecko) Chrome/52.0.2743.116 YaBrowser/16.9.1.1131 Yowser/2.5 Safari/537.36"
213.87.122.224 - - [27/Sep/2016:05:02:13 +0300] "GET / HTTP/1.0" 200 11522 "https://www.google.ru/" "Mozilla/5.0 (Linux; Android 4.4.4; SM-J100FN Build/KTU84P) AppleWebKit/537.36 (KHTML, like Gecko) Chrome/52.0.2743.98 Mobile Safari/537.36"
213.87.122.224 - - [27/Sep/2016:05:02:17 +0300] "GET /images/favicon.ico HTTP/1.0" 200 1150 "http://kristall-kino.ru/" "Mozilla/5.0 (Linux; Android 4.4.4; SM-J100FN Build/KTU84P) AppleWebKit/537.36 (KHTML, like Gecko) Chrome/52.0.2743.98 Mobile Safari/537.36"
213.87.122.224 - - [27/Sep/2016:05:02:27 +0300] "GET /cinemaTicket/showtimes HTTP/1.0" 200 26678 "http://kristall-kino.ru/" "Mozilla/5.0 (Linux; Android 4.4.4; SM-J100FN Build/KTU84P) AppleWebKit/537.36 (KHTML, like Gecko) Chrome/52.0.2743.98 Mobile Safari/537.36"
188.162.86.93 - - [27/Sep/2016:05:02:30 +0300] "GET / HTTP/1.0" 200 11522 "http://kristall-kino.ru/cinemaTicket/showtimes/list/date/26.09.2016" "Mozilla/5.0 (Linux; Android 6.0; Boost3 Build/MRA58K) AppleWebKit/537.36 (KHTML, like Gecko) Chrome/53.0.2785.124 Mobile Safari/537.36"
109.120.53.23 - - [27/Sep/2016:05:02:50 +0300] "GET /favicon.ico HTTP/1.0" 404 6043 "-" "Mozilla/5.0 (Windows NT 10.0; WOW64) AppleWebKit/537.36 (KHTML, like Gecko) Chrome/52.0.2743.116 YaBrowser/16.9.1.1131 Yowser/2.5 Safari/537.36"
176.59.131.42 - - [27/Sep/2016:05:03:09 +0300] "GET /cinemaTicket/list HTTP/1.0" 302 - "http://kristall-kino.ru/cinemaTicket/order/137447" "Mozilla/5.0 (Linux; Android 6.0.1; 6039Y Build/MMB29M) AppleWebKit/537.36 (KHTML, like Gecko) Chrome/53.0.2785.124 Mobile Safari/537.36"
176.59.131.42 - - [27/Sep/2016:05:03:09 +0300] "GET /user/login HTTP/1.0" 200 10204 "http://kristall-kino.ru/cinemaTicket/order/137447" "Mozilla/5.0 (Linux; Android 6.0.1; 6039Y Build/MMB29M) AppleWebKit/537.36 (KHTML, like Gecko) Chrome/53.0.2785.124 Mobile Safari/537.36"
109.120.53.23 - - [27/Sep/2016:05:03:50 +0300] "GET /favicon.ico HTTP/1.0" 404 6043 "-" "Mozilla/5.0 (Windows NT 10.0; WOW64) AppleWebKit/537.36 (KHTML, like Gecko) Chrome/52.0.2743.116 YaBrowser/16.9.1.1131 Yowser/2.5 Safari/537.36"
176.59.137.21 - - [27/Sep/2016:05:03:57 +0300] "GET / HTTP/1.0" 200 11522 "https://www.google.ru/" "Mozilla/5.0 (Linux; Android 4.4.2; Micromax D200 Build/KOT49H) AppleWebKit/537.36 (KHTML, like Gecko) Version/4.0 Chrome/30.0.0.0 Mobile Safari/537.36"
66.249.66.186 - - [27/Sep/2016:05:04:08 +0300] "GET /cinemaTicket/hall/48424 HTTP/1.0" 404 6043 "-" "Mozilla/5.0 (compatible; Googlebot/2.1; +http://www.google.com/bot.html)"
188.162.86.90 - - [27/Sep/2016:05:04:34 +0300] "GET /cinemaTicket/showtimes HTTP/1.0" 200 26678 "-" "Mozilla/5.0 (Linux; Android 4.4.4; SM-T116 Build/KTU84P) AppleWebKit/537.36 (KHTML, like Gecko) Chrome/53.0.2785.124 Safari/537.36"
188.162.86.90 - - [27/Sep/2016:05:04:38 +0300] "GET /images/favicon.ico HTTP/1.0" 200 1150 "http://kristall-kino.ru/cinemaTicket/showtimes" "Mozilla/5.0 (Linux; Android 4.4.4; SM-T116 Build/KTU84P) AppleWebKit/537.36 (KHTML, like Gecko) Chrome/53.0.2785.124 Safari/537.36"
188.162.86.90 - - [27/Sep/2016:05:04:46 +0300] "GET /cinemaTicket/showtimes HTTP/1.0" 200 26678 "http://kristall-kino.ru/cinemaTicket/showtimes" "Mozilla/5.0 (Linux; Android 4.4.4; SM-T116 Build/KTU84P) AppleWebKit/537.36 (KHTML, like Gecko) Chrome/53.0.2785.124 Safari/537.36"
188.162.86.90 - - [27/Sep/2016:05:04:50 +0300] "GET /cinema/soon HTTP/1.0" 200 8534 "http://kristall-kino.ru/cinemaTicket/showtimes" "Mozilla/5.0 (Linux; Android 4.4.4; SM-T116 Build/KTU84P) AppleWebKit/537.36 (KHTML, like Gecko) Chrome/53.0.2785.124 Safari/537.36"
109.120.53.23 - - [27/Sep/2016:05:04:50 +0300] "GET /favicon.ico HTTP/1.0" 404 6043 "-" "Mozilla/5.0 (Windows NT 10.0; WOW64) AppleWebKit/537.36 (KHTML, like Gecko) Chrome/52.0.2743.116 YaBrowser/16.9.1.1131 Yowser/2.5 Safari/537.36"
176.59.137.21 - - [27/Sep/2016:05:04:55 +0300] "GET /images/favicon.ico HTTP/1.0" 200 1150 "-" "Mozilla/5.0 (Linux; Android 4.4.2; Micromax D200 Build/KOT49H) AppleWebKit/537.36 (KHTML, like Gecko) Version/4.0 Chrome/30.0.0.0 Mobile Safari/537.36"
176.59.137.21 - - [27/Sep/2016:05:04:56 +0300] "GET /cinemaTicket/showtimes HTTP/1.0" 200 26678 "http://kristall-kino.ru/" "Mozilla/5.0 (Linux; Android 4.4.2; Micromax D200 Build/KOT49H) AppleWebKit/537.36 (KHTML, like Gecko) Version/4.0 Chrome/30.0.0.0 Mobile Safari/537.36"
188.162.86.90 - - [27/Sep/2016:05:05:09 +0300] "GET / HTTP/1.0" 200 11522 "http://kristall-kino.ru/cinema/soon" "Mozilla/5.0 (Linux; Android 4.4.4; SM-T116 Build/KTU84P) AppleWebKit/537.36 (KHTML, like Gecko) Chrome/53.0.2785.124 Safari/537.36"
213.87.122.224 - - [27/Sep/2016:05:05:33 +0300] "GET /cinema/film/785 HTTP/1.0" 200 9507 "http://kristall-kino.ru/cinemaTicket/showtimes" "Mozilla/5.0 (Linux; Android 4.4.4; SM-J100FN Build/KTU84P) AppleWebKit/537.36 (KHTML, like Gecko) Chrome/52.0.2743.98 Mobile Safari/537.36"
109.120.53.23 - - [27/Sep/2016:05:05:50 +0300] "GET /favicon.ico HTTP/1.0" 404 6043 "-" "Mozilla/5.0 (Windows NT 10.0; WOW64) AppleWebKit/537.36 (KHTML, like Gecko) Chrome/52.0.2743.116 YaBrowser/16.9.1.1131 Yowser/2.5 Safari/537.36"
