66.249.66.129 - - [27/Sep/2016:02:21:11 +0300] "GET /cinemaTicket/hall/48559 HTTP/1.0" 404 6043 "-" "Mozilla/5.0 (Linux; Android 6.0.1; Nexus 5X Build/MMB29P) AppleWebKit/537.36 (KHTML, like Gecko) Chrome/41.0.2272.96 Mobile Safari/537.36 (compatible; Googlebot/2.1; +http://www.google.com/bot.html)"
93.158.152.58 - - [27/Sep/2016:02:21:57 +0300] "GET /cinemaTicket/hall/46743 HTTP/1.0" 404 6043 "-" "Mozilla/5.0 (compatible; YandexBot/3.0; +http://yandex.com/bots)"
176.62.76.126 - - [27/Sep/2016:02:22:01 +0300] "GET /favicon.ico HTTP/1.0" 404 6043 "-" "Mozilla/5.0 (Windows NT 10.0; WOW64) AppleWebKit/537.36 (KHTML, like Gecko) Chrome/52.0.2743.116 YaBrowser/16.9.1.1131 (dfl2nc9ks) Yowser/2.5 Safari/537.36"
176.62.76.126 - - [27/Sep/2016:02:23:01 +0300] "GET /favicon.ico HTTP/1.0" 404 6043 "-" "Mozilla/5.0 (Windows NT 10.0; WOW64) AppleWebKit/537.36 (KHTML, like Gecko) Chrome/52.0.2743.116 YaBrowser/16.9.1.1131 (dfl2nc9ks) Yowser/2.5 Safari/537.36"
176.62.76.126 - - [27/Sep/2016:02:24:01 +0300] "GET /favicon.ico HTTP/1.0" 404 6043 "-" "Mozilla/5.0 (Windows NT 10.0; WOW64) AppleWebKit/537.36 (KHTML, like Gecko) Chrome/52.0.2743.116 YaBrowser/16.9.1.1131 (dfl2nc9ks) Yowser/2.5 Safari/537.36"
176.62.76.126 - - [27/Sep/2016:02:25:01 +0300] "GET /favicon.ico HTTP/1.0" 404 6043 "-" "Mozilla/5.0 (Windows NT 10.0; WOW64) AppleWebKit/537.36 (KHTML, like Gecko) Chrome/52.0.2743.116 YaBrowser/16.9.1.1131 (dfl2nc9ks) Yowser/2.5 Safari/537.36"
178.154.149.7 - - [27/Sep/2016:02:25:43 +0300] "GET /pages/kontakty HTTP/1.0" 200 6647 "-" "Mozilla/5.0 (compatible; YandexBot/3.0; +http://yandex.com/bots)"
176.62.76.126 - - [27/Sep/2016:02:26:01 +0300] "GET /favicon.ico HTTP/1.0" 404 6043 "-" "Mozilla/5.0 (Windows NT 10.0; WOW64) AppleWebKit/537.36 (KHTML, like Gecko) Chrome/52.0.2743.116 YaBrowser/16.9.1.1131 (dfl2nc9ks) Yowser/2.5 Safari/537.36"
66.249.66.26 - - [27/Sep/2016:02:27:00 +0300] "GET /cinemaTicket/hall/47400 HTTP/1.0" 404 6043 "-" "Mozilla/5.0 (compatible; Googlebot/2.1; +http://www.google.com/bot.html)"
176.62.76.126 - - [27/Sep/2016:02:27:01 +0300] "GET /favicon.ico HTTP/1.0" 404 6043 "-" "Mozilla/5.0 (Windows NT 10.0; WOW64) AppleWebKit/537.36 (KHTML, like Gecko) Chrome/52.0.2743.116 YaBrowser/16.9.1.1131 (dfl2nc9ks) Yowser/2.5 Safari/537.36"
93.158.152.58 - - [27/Sep/2016:02:27:48 +0300] "GET /cinema/film/172 HTTP/1.0" 200 7948 "-" "Mozilla/5.0 (compatible; YandexBot/3.0; +http://yandex.com/bots)"
176.62.76.126 - - [27/Sep/2016:02:28:01 +0300] "GET /favicon.ico HTTP/1.0" 404 6043 "-" "Mozilla/5.0 (Windows NT 10.0; WOW64) AppleWebKit/537.36 (KHTML, like Gecko) Chrome/52.0.2743.116 YaBrowser/16.9.1.1131 (dfl2nc9ks) Yowser/2.5 Safari/537.36"
176.62.76.126 - - [27/Sep/2016:02:29:01 +0300] "GET /favicon.ico HTTP/1.0" 404 6043 "-" "Mozilla/5.0 (Windows NT 10.0; WOW64) AppleWebKit/537.36 (KHTML, like Gecko) Chrome/52.0.2743.116 YaBrowser/16.9.1.1131 (dfl2nc9ks) Yowser/2.5 Safari/537.36"
176.62.76.126 - - [27/Sep/2016:02:30:02 +0300] "GET /favicon.ico HTTP/1.0" 404 6043 "-" "Mozilla/5.0 (Windows NT 10.0; WOW64) AppleWebKit/537.36 (KHTML, like Gecko) Chrome/52.0.2743.116 YaBrowser/16.9.1.1131 (dfl2nc9ks) Yowser/2.5 Safari/537.36"
141.8.184.21 - - [27/Sep/2016:02:30:50 +0300] "GET /cinemaTicket/hall/48688 HTTP/1.0" 200 24150 "-" "Mozilla/5.0 (compatible; YandexBot/3.0; +http://yandex.com/bots)"
176.62.76.126 - - [27/Sep/2016:02:31:01 +0300] "GET /favicon.ico HTTP/1.0" 404 6043 "-" "Mozilla/5.0 (Windows NT 10.0; WOW64) AppleWebKit/537.36 (KHTML, like Gecko) Chrome/52.0.2743.116 YaBrowser/16.9.1.1131 (dfl2nc9ks) Yowser/2.5 Safari/537.36"
176.62.76.126 - - [27/Sep/2016:02:32:01 +0300] "GET /favicon.ico HTTP/1.0" 404 6043 "-" "Mozilla/5.0 (Windows NT 10.0; WOW64) AppleWebKit/537.36 (KHTML, like Gecko) Chrome/52.0.2743.116 YaBrowser/16.9.1.1131 (dfl2nc9ks) Yowser/2.5 Safari/537.36"
176.62.76.126 - - [27/Sep/2016:02:33:01 +0300] "GET /favicon.ico HTTP/1.0" 404 6043 "-" "Mozilla/5.0 (Windows NT 10.0; WOW64) AppleWebKit/537.36 (KHTML, like Gecko) Chrome/52.0.2743.116 YaBrowser/16.9.1.1131 (dfl2nc9ks) Yowser/2.5 Safari/537.36"
176.62.76.126 - - [27/Sep/2016:02:34:01 +0300] "GET /favicon.ico HTTP/1.0" 404 6043 "-" "Mozilla/5.0 (Windows NT 10.0; WOW64) AppleWebKit/537.36 (KHTML, like Gecko) Chrome/52.0.2743.116 YaBrowser/16.9.1.1131 (dfl2nc9ks) Yowser/2.5 Safari/537.36"
176.62.76.126 - - [27/Sep/2016:02:35:01 +0300] "GET /favicon.ico HTTP/1.0" 404 6043 "-" "Mozilla/5.0 (Windows NT 10.0; WOW64) AppleWebKit/537.36 (KHTML, like Gecko) Chrome/52.0.2743.116 YaBrowser/16.9.1.1131 (dfl2nc9ks) Yowser/2.5 Safari/537.36"
40.77.167.26 - - [27/Sep/2016:02:35:47 +0300] "GET /cinemaTicket/hall/48455 HTTP/1.0" 404 6043 "-" "Mozilla/5.0 (compatible; bingbot/2.0; +http://www.bing.com/bingbot.htm)"
176.62.76.126 - - [27/Sep/2016:02:36:01 +0300] "GET /favicon.ico HTTP/1.0" 404 6043 "-" "Mozilla/5.0 (Windows NT 10.0; WOW64) AppleWebKit/537.36 (KHTML, like Gecko) Chrome/52.0.2743.116 YaBrowser/16.9.1.1131 (dfl2nc9ks) Yowser/2.5 Safari/537.36"
176.62.76.126 - - [27/Sep/2016:02:37:01 +0300] "GET /favicon.ico HTTP/1.0" 404 6043 "-" "Mozilla/5.0 (Windows NT 10.0; WOW64) AppleWebKit/537.36 (KHTML, like Gecko) Chrome/52.0.2743.116 YaBrowser/16.9.1.1131 (dfl2nc9ks) Yowser/2.5 Safari/537.36"
176.62.76.126 - - [27/Sep/2016:02:38:01 +0300] "GET /favicon.ico HTTP/1.0" 404 6043 "-" "Mozilla/5.0 (Windows NT 10.0; WOW64) AppleWebKit/537.36 (KHTML, like Gecko) Chrome/52.0.2743.116 YaBrowser/16.9.1.1131 (dfl2nc9ks) Yowser/2.5 Safari/537.36"
176.62.76.126 - - [27/Sep/2016:02:39:01 +0300] "GET /favicon.ico HTTP/1.0" 404 6043 "-" "Mozilla/5.0 (Windows NT 10.0; WOW64) AppleWebKit/537.36 (KHTML, like Gecko) Chrome/52.0.2743.116 YaBrowser/16.9.1.1131 (dfl2nc9ks) Yowser/2.5 Safari/537.36"
176.62.76.126 - - [27/Sep/2016:02:40:01 +0300] "GET /favicon.ico HTTP/1.0" 404 6043 "-" "Mozilla/5.0 (Windows NT 10.0; WOW64) AppleWebKit/537.36 (KHTML, like Gecko) Chrome/52.0.2743.116 YaBrowser/16.9.1.1131 (dfl2nc9ks) Yowser/2.5 Safari/537.36"
176.62.76.126 - - [27/Sep/2016:02:41:01 +0300] "GET /favicon.ico HTTP/1.0" 404 6043 "-" "Mozilla/5.0 (Windows NT 10.0; WOW64) AppleWebKit/537.36 (KHTML, like Gecko) Chrome/52.0.2743.116 YaBrowser/16.9.1.1131 (dfl2nc9ks) Yowser/2.5 Safari/537.36"
176.62.76.126 - - [27/Sep/2016:02:42:01 +0300] "GET /favicon.ico HTTP/1.0" 404 6043 "-" "Mozilla/5.0 (Windows NT 10.0; WOW64) AppleWebKit/537.36 (KHTML, like Gecko) Chrome/52.0.2743.116 YaBrowser/16.9.1.1131 (dfl2nc9ks) Yowser/2.5 Safari/537.36"
176.62.76.126 - - [27/Sep/2016:02:43:01 +0300] "GET /favicon.ico HTTP/1.0" 404 6043 "-" "Mozilla/5.0 (Windows NT 10.0; WOW64) AppleWebKit/537.36 (KHTML, like Gecko) Chrome/52.0.2743.116 YaBrowser/16.9.1.1131 (dfl2nc9ks) Yowser/2.5 Safari/537.36"
176.62.76.126 - - [27/Sep/2016:02:44:01 +0300] "GET /favicon.ico HTTP/1.0" 404 6043 "-" "Mozilla/5.0 (Windows NT 10.0; WOW64) AppleWebKit/537.36 (KHTML, like Gecko) Chrome/52.0.2743.116 YaBrowser/16.9.1.1131 (dfl2nc9ks) Yowser/2.5 Safari/537.36"
40.77.167.26 - - [27/Sep/2016:02:44:58 +0300] "GET /cinema/film/372 HTTP/1.0" 200 8602 "-" "Mozilla/5.0 (compatible; bingbot/2.0; +http://www.bing.com/bingbot.htm)"
176.62.76.126 - - [27/Sep/2016:02:45:01 +0300] "GET /favicon.ico HTTP/1.0" 404 6043 "-" "Mozilla/5.0 (Windows NT 10.0; WOW64) AppleWebKit/537.36 (KHTML, like Gecko) Chrome/52.0.2743.116 YaBrowser/16.9.1.1131 (dfl2nc9ks) Yowser/2.5 Safari/537.36"
176.62.76.126 - - [27/Sep/2016:02:46:01 +0300] "GET /favicon.ico HTTP/1.0" 404 6043 "-" "Mozilla/5.0 (Windows NT 10.0; WOW64) AppleWebKit/537.36 (KHTML, like Gecko) Chrome/52.0.2743.116 YaBrowser/16.9.1.1131 (dfl2nc9ks) Yowser/2.5 Safari/537.36"
176.62.76.126 - - [27/Sep/2016:02:47:01 +0300] "GET /favicon.ico HTTP/1.0" 404 6043 "-" "Mozilla/5.0 (Windows NT 10.0; WOW64) AppleWebKit/537.36 (KHTML, like Gecko) Chrome/52.0.2743.116 YaBrowser/16.9.1.1131 (dfl2nc9ks) Yowser/2.5 Safari/537.36"
40.77.167.26 - - [27/Sep/2016:02:47:42 +0300] "GET /flash/baner.swf HTTP/1.0" 304 - "-" "Mozilla/5.0 (compatible; bingbot/2.0; +http://www.bing.com/bingbot.htm)"
176.62.76.126 - - [27/Sep/2016:02:48:01 +0300] "GET /favicon.ico HTTP/1.0" 404 6043 "-" "Mozilla/5.0 (Windows NT 10.0; WOW64) AppleWebKit/537.36 (KHTML, like Gecko) Chrome/52.0.2743.116 YaBrowser/16.9.1.1131 (dfl2nc9ks) Yowser/2.5 Safari/537.36"
66.249.66.189 - - [27/Sep/2016:02:48:31 +0300] "GET /cinemaTicket/showtimes HTTP/1.0" 200 26678 "-" "Mozilla/5.0 (compatible; Googlebot/2.1; +http://www.google.com/bot.html)"
176.62.76.126 - - [27/Sep/2016:02:49:01 +0300] "GET /favicon.ico HTTP/1.0" 404 6043 "-" "Mozilla/5.0 (Windows NT 10.0; WOW64) AppleWebKit/537.36 (KHTML, like Gecko) Chrome/52.0.2743.116 YaBrowser/16.9.1.1131 (dfl2nc9ks) Yowser/2.5 Safari/537.36"
188.255.25.100 - - [27/Sep/2016:02:49:18 +0300] "GET /cinema/film/785 HTTP/1.0" 200 9507 "http://yandex.ru/clck/jsredir?from=yandex.ru%3Bsearch%3Bweb%3B%3B&text=&etext=1190.48cH6Vwv3uyQKkX9ghSdqZzc5XV6bKjsI8rrVjx87jtUUsuUfndBLCn8C8M-lOwt.0c246b204b4a70118dde9f59d1c1ac02132c9d03&uuid=&state=_BLhILn4SxNIvvL0W45KSic66uCIg23qh8iRG98qeIXmeppkgUc0YMIVJNtoWDTa6Ctl47TPu5I&data=UlNrNmk5WktYejR0eWJFYk1LdmtxcXhiNmZ6OVFSa2x2bURfdHdjdVhRa1EwVTM4cllaY2JXWWw3ODVibXZ5R0hWMVNQMENxbUpBTjJCTGxRN3dPVWcwWU9JR2Z4OHBFSl8wZzJOUHZtVXQxcEgxY2pzOUtod18xOWgzc083NGM&b64e=2&sign=2d56f0ec9ce4cfeb4ed51ebf101c0cd0&keyno=0&cst=AiuY0DBWFJ7IXge4WdYJQXbYQp9t5VF60ypFWXeweFCmh20vDDIpsVihpUoYDPW7Yx8xC2rNUm33FSERUX0TgMLzePErncIeUkkAYArs2xbuAZZmB-Na7k-GpS-dTf9QXyplJeq1V8FjbMBqRXNwPfItar6sH7Qf&ref=orjY4mGPRjk5boDnW0uvlrrd71vZw9kp5uQozpMtKCVz9TJ3Mp6Dkfor0B0VTikbR1prdaDMQ0MN1UK5UB6zSvSYvJ-6-BvqiyLg4dhnZXYjY9jqbF3GvO4Sdj9rodLl&l10n=ru&cts=1474932443797&mc=4.82477427677" "Mozilla/5.0 (Windows NT 6.1) AppleWebKit/537.36 (KHTML, like Gecko) Chrome/31.0.1650.57 Safari/537.36"
176.62.76.126 - - [27/Sep/2016:02:50:01 +0300] "GET /favicon.ico HTTP/1.0" 404 6043 "-" "Mozilla/5.0 (Windows NT 10.0; WOW64) AppleWebKit/537.36 (KHTML, like Gecko) Chrome/52.0.2743.116 YaBrowser/16.9.1.1131 (dfl2nc9ks) Yowser/2.5 Safari/537.36"
207.46.13.69 - - [27/Sep/2016:02:50:24 +0300] "GET /cinemaTicket/hall/48468 HTTP/1.0" 404 6043 "-" "Mozilla/5.0 (compatible; bingbot/2.0; +http://www.bing.com/bingbot.htm)"
176.62.76.126 - - [27/Sep/2016:02:51:01 +0300] "GET /favicon.ico HTTP/1.0" 404 6043 "-" "Mozilla/5.0 (Windows NT 10.0; WOW64) AppleWebKit/537.36 (KHTML, like Gecko) Chrome/52.0.2743.116 YaBrowser/16.9.1.1131 (dfl2nc9ks) Yowser/2.5 Safari/537.36"
176.62.76.126 - - [27/Sep/2016:02:52:01 +0300] "GET /favicon.ico HTTP/1.0" 404 6043 "-" "Mozilla/5.0 (Windows NT 10.0; WOW64) AppleWebKit/537.36 (KHTML, like Gecko) Chrome/52.0.2743.116 YaBrowser/16.9.1.1131 (dfl2nc9ks) Yowser/2.5 Safari/537.36"
176.62.76.126 - - [27/Sep/2016:02:53:01 +0300] "GET /favicon.ico HTTP/1.0" 404 6043 "-" "Mozilla/5.0 (Windows NT 10.0; WOW64) AppleWebKit/537.36 (KHTML, like Gecko) Chrome/52.0.2743.116 YaBrowser/16.9.1.1131 (dfl2nc9ks) Yowser/2.5 Safari/537.36"
176.62.76.126 - - [27/Sep/2016:02:54:01 +0300] "GET /favicon.ico HTTP/1.0" 404 6043 "-" "Mozilla/5.0 (Windows NT 10.0; WOW64) AppleWebKit/537.36 (KHTML, like Gecko) Chrome/52.0.2743.116 YaBrowser/16.9.1.1131 (dfl2nc9ks) Yowser/2.5 Safari/537.36"
176.62.76.126 - - [27/Sep/2016:02:55:01 +0300] "GET /favicon.ico HTTP/1.0" 404 6043 "-" "Mozilla/5.0 (Windows NT 10.0; WOW64) AppleWebKit/537.36 (KHTML, like Gecko) Chrome/52.0.2743.116 YaBrowser/16.9.1.1131 (dfl2nc9ks) Yowser/2.5 Safari/537.36"
176.62.76.126 - - [27/Sep/2016:02:56:01 +0300] "GET /favicon.ico HTTP/1.0" 404 6043 "-" "Mozilla/5.0 (Windows NT 10.0; WOW64) AppleWebKit/537.36 (KHTML, like Gecko) Chrome/52.0.2743.116 YaBrowser/16.9.1.1131 (dfl2nc9ks) Yowser/2.5 Safari/537.36"
176.62.76.126 - - [27/Sep/2016:02:57:02 +0300] "GET /favicon.ico HTTP/1.0" 404 6043 "-" "Mozilla/5.0 (Windows NT 10.0; WOW64) AppleWebKit/537.36 (KHTML, like Gecko) Chrome/52.0.2743.116 YaBrowser/16.9.1.1131 (dfl2nc9ks) Yowser/2.5 Safari/537.36"
176.62.76.126 - - [27/Sep/2016:02:58:01 +0300] "GET /favicon.ico HTTP/1.0" 404 6043 "-" "Mozilla/5.0 (Windows NT 10.0; WOW64) AppleWebKit/537.36 (KHTML, like Gecko) Chrome/52.0.2743.116 YaBrowser/16.9.1.1131 (dfl2nc9ks) Yowser/2.5 Safari/537.36"
176.62.76.126 - - [27/Sep/2016:02:59:01 +0300] "GET /favicon.ico HTTP/1.0" 404 6043 "-" "Mozilla/5.0 (Windows NT 10.0; WOW64) AppleWebKit/537.36 (KHTML, like Gecko) Chrome/52.0.2743.116 YaBrowser/16.9.1.1131 (dfl2nc9ks) Yowser/2.5 Safari/537.36"
176.62.76.126 - - [27/Sep/2016:03:00:01 +0300] "GET /favicon.ico HTTP/1.0" 404 6043 "-" "Mozilla/5.0 (Windows NT 10.0; WOW64) AppleWebKit/537.36 (KHTML, like Gecko) Chrome/52.0.2743.116 YaBrowser/16.9.1.1131 (dfl2nc9ks) Yowser/2.5 Safari/537.36"
141.0.12.34 - - [27/Sep/2016:03:00:17 +0300] "GET /images/favicon.ico HTTP/1.0" 200 1150 "-" "Opera/9.80 (Android; Opera Mini/7.6.40234/37.8923; U; ru) Presto/2.12.423 Version/12.16"
176.62.76.126 - - [27/Sep/2016:03:01:01 +0300] "GET /favicon.ico HTTP/1.0" 404 6043 "-" "Mozilla/5.0 (Windows NT 10.0; WOW64) AppleWebKit/537.36 (KHTML, like Gecko) Chrome/52.0.2743.116 YaBrowser/16.9.1.1131 (dfl2nc9ks) Yowser/2.5 Safari/537.36"
188.244.32.146 - - [27/Sep/2016:03:01:55 +0300] "GET /cinemaTicket/showtimes/list/date/30.06.2016 HTTP/1.0" 200 8502 "http://yandex.ru/clck/jsredir?from=yandex.ru%3Bsearch%3Bweb%3B%3B&text=&etext=1190.NwFrBBjLapzZ16lM0xoe_2X_Yg6K2h1f8PsDwzRZFlb9ZH6rr1IM7gXezibqzfUo.85aba7d5b965c07d405a3caf501c70a511d490ea&uuid=&state=_BLhILn4SxNIvvL0W45KSic66uCIg23qh8iRG98qeIXmeppkgUc0YGv9iZwKiy-E54GYiollMFA&data=UlNrNmk5WktYejR0eWJFYk1LdmtxbEh6cGhfMWZWTWVzMzl0SXU5bjNkbXk1cHBsSkp6MDZvT0ZVcjdjOE9tQUlZYWt4NVNZeUtGeEVSQnVvNWZmbllYRnF2bHBfZ2xHYTlGTFV3N3lxMlR1cGVUQWpZM19qOC1KbWMzTkhyYTFnNENiRTMxd0EwVGJQTFBNTHR3YnV0bW95anAwbkF6N3A0dkotcVo2SnZBcUNrZzBRSkZTbXc&b64e=2&sign=dbb7f704ee5b8e6a9c2b61612b28b0d2&keyno=0&cst=AiuY0DBWFJ7IXge4WdYJQXbYQp9t5VF69Vs-KV_X82qMaq4WMpkMKlXhFSthVd0y4P4jeDL00sVm-RdenPd7u8ZlLYycONjNePjFfdlJOl8WBoFhxPm16BkiPV57Xnvn1H9uiTqJkwu6ALGc9aYPpoa5BJD71FPC&ref=orjY4mGPRjk5boDnW0uvlrrd71vZw9kp5uQozpMtKCUrYE_V40103lbrY862iFHPFNSnHvEGfudJR168v37mJ4qGN7kTk9cjZBtAmLTfF2evcqdKCxSu5uGUm36TAyrY&l10n=ru&cts=1474933383155&mc=4.6634075635" "Mozilla/4.0 (compatible; MSIE 8.0; Windows NT 5.1; Trident/4.0; .NET CLR 2.0.50727; .NET CLR 3.0.4506.2152; .NET CLR 3.5.30729)"
176.62.76.126 - - [27/Sep/2016:03:02:01 +0300] "GET /favicon.ico HTTP/1.0" 404 6043 "-" "Mozilla/5.0 (Windows NT 10.0; WOW64) AppleWebKit/537.36 (KHTML, like Gecko) Chrome/52.0.2743.116 YaBrowser/16.9.1.1131 (dfl2nc9ks) Yowser/2.5 Safari/537.36"
188.244.32.146 - - [27/Sep/2016:03:02:03 +0300] "GET /flash/baner.swf HTTP/1.0" 200 5330 "http://www.kristall-kino.ru/cinemaTicket/showtimes/list/date/30.06.2016" "Mozilla/4.0 (compatible; MSIE 8.0; Windows NT 5.1; Trident/4.0; .NET CLR 2.0.50727; .NET CLR 3.0.4506.2152; .NET CLR 3.5.30729)"
141.8.184.21 - - [27/Sep/2016:03:02:41 +0300] "GET /cinemaTicket/hall/48704 HTTP/1.0" 200 39365 "-" "Mozilla/5.0 (compatible; YandexBot/3.0; +http://yandex.com/bots)"
93.158.152.58 - - [27/Sep/2016:03:02:44 +0300] "GET /cinemaTicket/hall/48604 HTTP/1.0" 404 6043 "-" "Mozilla/5.0 (compatible; YandexBot/3.0; +http://yandex.com/bots)"
176.62.76.126 - - [27/Sep/2016:03:03:01 +0300] "GET /favicon.ico HTTP/1.0" 404 6043 "-" "Mozilla/5.0 (Windows NT 10.0; WOW64) AppleWebKit/537.36 (KHTML, like Gecko) Chrome/52.0.2743.116 YaBrowser/16.9.1.1131 (dfl2nc9ks) Yowser/2.5 Safari/537.36"
176.62.76.126 - - [27/Sep/2016:03:04:01 +0300] "GET /favicon.ico HTTP/1.0" 404 6043 "-" "Mozilla/5.0 (Windows NT 10.0; WOW64) AppleWebKit/537.36 (KHTML, like Gecko) Chrome/52.0.2743.116 YaBrowser/16.9.1.1131 (dfl2nc9ks) Yowser/2.5 Safari/537.36"
176.62.76.126 - - [27/Sep/2016:03:05:01 +0300] "GET /favicon.ico HTTP/1.0" 404 6043 "-" "Mozilla/5.0 (Windows NT 10.0; WOW64) AppleWebKit/537.36 (KHTML, like Gecko) Chrome/52.0.2743.116 YaBrowser/16.9.1.1131 (dfl2nc9ks) Yowser/2.5 Safari/537.36"
104.155.106.10 - - [27/Sep/2016:03:05:14 +0300] "GET / HTTP/1.0" 200 11522 "-" "Mozilla/5.0 (Windows NT 6.1) AppleWebKit/537.36 (KHTML, like Gecko) Chrome/41.0.2228.0 Safari/537.36"
40.77.167.26 - - [27/Sep/2016:03:05:29 +0300] "GET /cinemaTicket/hall/48524 HTTP/1.0" 404 6043 "-" "Mozilla/5.0 (compatible; bingbot/2.0; +http://www.bing.com/bingbot.htm)"
40.77.167.26 - - [27/Sep/2016:03:05:30 +0300] "GET /cinema/film/678 HTTP/1.0" 200 7615 "-" "Mozilla/5.0 (compatible; bingbot/2.0; +http://www.bing.com/bingbot.htm)"
188.232.136.169 - - [27/Sep/2016:03:05:50 +0300] "GET / HTTP/1.0" 200 10752 "-" "Mozilla/5.0 (Windows NT 6.3; Win64; x64) AppleWebKit/537.36 (KHTML, like Gecko) Chrome/53.0.2785.116 Safari/537.36"
188.232.136.169 - - [27/Sep/2016:03:05:55 +0300] "GET /images/favicon.ico HTTP/1.0" 200 1150 "http://kristall-kino.ru/" "Mozilla/5.0 (Windows NT 6.3; Win64; x64) AppleWebKit/537.36 (KHTML, like Gecko) Chrome/53.0.2785.116 Safari/537.36"
176.62.76.126 - - [27/Sep/2016:03:06:01 +0300] "GET /favicon.ico HTTP/1.0" 404 6043 "-" "Mozilla/5.0 (Windows NT 10.0; WOW64) AppleWebKit/537.36 (KHTML, like Gecko) Chrome/52.0.2743.116 YaBrowser/16.9.1.1131 (dfl2nc9ks) Yowser/2.5 Safari/537.36"
141.8.184.21 - - [27/Sep/2016:03:06:12 +0300] "GET /cinema/film/557 HTTP/1.0" 200 8442 "-" "Mozilla/5.0 (compatible; YandexBot/3.0; +http://yandex.com/bots)"
66.249.66.129 - - [27/Sep/2016:03:06:56 +0300] "GET /cinemaTicket/hall/48434 HTTP/1.0" 404 6043 "-" "Mozilla/5.0 (compatible; Googlebot/2.1; +http://www.google.com/bot.html)"
176.62.76.126 - - [27/Sep/2016:03:07:01 +0300] "GET /favicon.ico HTTP/1.0" 404 6043 "-" "Mozilla/5.0 (Windows NT 10.0; WOW64) AppleWebKit/537.36 (KHTML, like Gecko) Chrome/52.0.2743.116 YaBrowser/16.9.1.1131 (dfl2nc9ks) Yowser/2.5 Safari/537.36"
176.62.76.126 - - [27/Sep/2016:03:08:01 +0300] "GET /favicon.ico HTTP/1.0" 404 6043 "-" "Mozilla/5.0 (Windows NT 10.0; WOW64) AppleWebKit/537.36 (KHTML, like Gecko) Chrome/52.0.2743.116 YaBrowser/16.9.1.1131 (dfl2nc9ks) Yowser/2.5 Safari/537.36"
176.62.76.126 - - [27/Sep/2016:03:09:01 +0300] "GET /favicon.ico HTTP/1.0" 404 6043 "-" "Mozilla/5.0 (Windows NT 10.0; WOW64) AppleWebKit/537.36 (KHTML, like Gecko) Chrome/52.0.2743.116 YaBrowser/16.9.1.1131 (dfl2nc9ks) Yowser/2.5 Safari/537.36"
178.154.149.7 - - [27/Sep/2016:03:09:46 +0300] "GET /QYelQ/ HTTP/1.0" 404 6043 "-" "Mozilla/5.0 (compatible; YandexBot/3.0; +http://yandex.com/bots)"
176.62.76.126 - - [27/Sep/2016:03:10:01 +0300] "GET /favicon.ico HTTP/1.0" 404 6043 "-" "Mozilla/5.0 (Windows NT 10.0; WOW64) AppleWebKit/537.36 (KHTML, like Gecko) Chrome/52.0.2743.116 YaBrowser/16.9.1.1131 (dfl2nc9ks) Yowser/2.5 Safari/537.36"
66.249.66.129 - - [27/Sep/2016:03:10:18 +0300] "GET /cinemaTicket/hall/48630 HTTP/1.0" 200 24176 "-" "Mozilla/5.0 (compatible; Googlebot/2.1; +http://www.google.com/bot.html)"
176.62.76.126 - - [27/Sep/2016:03:11:01 +0300] "GET /favicon.ico HTTP/1.0" 404 6043 "-" "Mozilla/5.0 (Windows NT 10.0; WOW64) AppleWebKit/537.36 (KHTML, like Gecko) Chrome/52.0.2743.116 YaBrowser/16.9.1.1131 (dfl2nc9ks) Yowser/2.5 Safari/537.36"
66.249.66.129 - - [27/Sep/2016:03:11:57 +0300] "GET /cinemaTicket/showtimes/list/date/27.09.2016 HTTP/1.0" 200 26678 "-" "Mozilla/5.0 (compatible; Googlebot/2.1; +http://www.google.com/bot.html)"
176.62.76.126 - - [27/Sep/2016:03:12:01 +0300] "GET /favicon.ico HTTP/1.0" 404 6043 "-" "Mozilla/5.0 (Windows NT 10.0; WOW64) AppleWebKit/537.36 (KHTML, like Gecko) Chrome/52.0.2743.116 YaBrowser/16.9.1.1131 (dfl2nc9ks) Yowser/2.5 Safari/537.36"
178.154.149.7 - - [27/Sep/2016:03:12:48 +0300] "GET /cinemaTicket/hall/48638 HTTP/1.0" 200 27054 "-" "Mozilla/5.0 (compatible; YandexBot/3.0; +http://yandex.com/bots)"
176.62.76.126 - - [27/Sep/2016:03:13:01 +0300] "GET /favicon.ico HTTP/1.0" 404 6043 "-" "Mozilla/5.0 (Windows NT 10.0; WOW64) AppleWebKit/537.36 (KHTML, like Gecko) Chrome/52.0.2743.116 YaBrowser/16.9.1.1131 (dfl2nc9ks) Yowser/2.5 Safari/537.36"
178.154.149.7 - - [27/Sep/2016:03:13:02 +0300] "GET /user/login HTTP/1.0" 200 10236 "-" "Mozilla/5.0 (compatible; YandexBot/3.0; +http://yandex.com/bots)"
176.62.76.126 - - [27/Sep/2016:03:14:01 +0300] "GET /favicon.ico HTTP/1.0" 404 6043 "-" "Mozilla/5.0 (Windows NT 10.0; WOW64) AppleWebKit/537.36 (KHTML, like Gecko) Chrome/52.0.2743.116 YaBrowser/16.9.1.1131 (dfl2nc9ks) Yowser/2.5 Safari/537.36"
91.105.139.116 - - [27/Sep/2016:03:14:17 +0300] "GET /cinemaTicket/showtimes HTTP/1.0" 200 26678 "-" "Mozilla/5.0 (Windows NT 6.1; WOW64) AppleWebKit/537.36 (KHTML, like Gecko) Chrome/53.0.2785.116 Safari/537.36"
91.105.139.116 - - [27/Sep/2016:03:14:18 +0300] "GET /flash/baner.swf HTTP/1.0" 200 5330 "http://kristall-kino.ru/cinemaTicket/showtimes" "Mozilla/5.0 (Windows NT 6.1; WOW64) AppleWebKit/537.36 (KHTML, like Gecko) Chrome/53.0.2785.116 Safari/537.36"
91.105.139.116 - - [27/Sep/2016:03:14:19 +0300] "GET /images/favicon.ico HTTP/1.0" 200 1150 "http://kristall-kino.ru/cinemaTicket/showtimes" "Mozilla/5.0 (Windows NT 6.1; WOW64) AppleWebKit/537.36 (KHTML, like Gecko) Chrome/53.0.2785.116 Safari/537.36"
91.105.139.116 - - [27/Sep/2016:03:14:22 +0300] "GET /cinemaTicket/showtimes HTTP/1.0" 200 26678 "http://kristall-kino.ru/cinemaTicket/showtimes" "Mozilla/5.0 (Windows NT 6.1; WOW64) AppleWebKit/537.36 (KHTML, like Gecko) Chrome/53.0.2785.116 Safari/537.36"
91.105.139.116 - - [27/Sep/2016:03:14:31 +0300] "GET /cinemaTicket/showtimes HTTP/1.0" 200 26678 "http://kristall-kino.ru/cinemaTicket/showtimes" "Mozilla/5.0 (Windows NT 6.1; WOW64) AppleWebKit/537.36 (KHTML, like Gecko) Chrome/53.0.2785.116 Safari/537.36"
91.105.139.116 - - [27/Sep/2016:03:14:34 +0300] "GET /cinema/soon HTTP/1.0" 200 8534 "http://kristall-kino.ru/cinemaTicket/showtimes" "Mozilla/5.0 (Windows NT 6.1; WOW64) AppleWebKit/537.36 (KHTML, like Gecko) Chrome/53.0.2785.116 Safari/537.36"
91.105.139.116 - - [27/Sep/2016:03:14:39 +0300] "GET /cinema/film/796 HTTP/1.0" 200 8259 "http://kristall-kino.ru/cinema/soon" "Mozilla/5.0 (Windows NT 6.1; WOW64) AppleWebKit/537.36 (KHTML, like Gecko) Chrome/53.0.2785.116 Safari/537.36"
91.105.139.116 - - [27/Sep/2016:03:14:39 +0300] "GET /flash/player.swf HTTP/1.0" 200 91375 "http://kristall-kino.ru/cinema/film/796" "Mozilla/5.0 (Windows NT 6.1; WOW64) AppleWebKit/537.36 (KHTML, like Gecko) Chrome/53.0.2785.116 Safari/537.36"
91.105.139.116 - - [27/Sep/2016:03:14:42 +0300] "GET /cinema/soon HTTP/1.0" 200 8534 "http://kristall-kino.ru/cinemaTicket/showtimes" "Mozilla/5.0 (Windows NT 6.1; WOW64) AppleWebKit/537.36 (KHTML, like Gecko) Chrome/53.0.2785.116 Safari/537.36"
91.105.139.116 - - [27/Sep/2016:03:14:48 +0300] "GET /cinemaTicket/showtimes HTTP/1.0" 200 26678 "http://kristall-kino.ru/cinema/soon" "Mozilla/5.0 (Windows NT 6.1; WOW64) AppleWebKit/537.36 (KHTML, like Gecko) Chrome/53.0.2785.116 Safari/537.36"
91.105.139.116 - - [27/Sep/2016:03:14:49 +0300] "GET /cinemaTicket/showtimes/list/date/28.09.2016 HTTP/1.0" 200 26678 "http://kristall-kino.ru/cinemaTicket/showtimes" "Mozilla/5.0 (Windows NT 6.1; WOW64) AppleWebKit/537.36 (KHTML, like Gecko) Chrome/53.0.2785.116 Safari/537.36"
91.105.139.116 - - [27/Sep/2016:03:14:53 +0300] "GET /cinemaTicket/showtimes/list/date/29.09.2016 HTTP/1.0" 200 24720 "http://kristall-kino.ru/cinemaTicket/showtimes/list/date/28.09.2016" "Mozilla/5.0 (Windows NT 6.1; WOW64) AppleWebKit/537.36 (KHTML, like Gecko) Chrome/53.0.2785.116 Safari/537.36"
176.62.76.126 - - [27/Sep/2016:03:15:01 +0300] "GET /favicon.ico HTTP/1.0" 404 6043 "-" "Mozilla/5.0 (Windows NT 10.0; WOW64) AppleWebKit/537.36 (KHTML, like Gecko) Chrome/52.0.2743.116 YaBrowser/16.9.1.1131 (dfl2nc9ks) Yowser/2.5 Safari/537.36"
66.249.66.129 - - [27/Sep/2016:03:15:18 +0300] "GET /cinemaTicket/hall/48409 HTTP/1.0" 404 6043 "-" "Mozilla/5.0 (compatible; Googlebot/2.1; +http://www.google.com/bot.html)"
176.62.76.126 - - [27/Sep/2016:03:16:01 +0300] "GET /favicon.ico HTTP/1.0" 404 6043 "-" "Mozilla/5.0 (Windows NT 10.0; WOW64) AppleWebKit/537.36 (KHTML, like Gecko) Chrome/52.0.2743.116 YaBrowser/16.9.1.1131 (dfl2nc9ks) Yowser/2.5 Safari/537.36"
176.62.76.126 - - [27/Sep/2016:03:17:01 +0300] "GET /favicon.ico HTTP/1.0" 404 6043 "-" "Mozilla/5.0 (Windows NT 10.0; WOW64) AppleWebKit/537.36 (KHTML, like Gecko) Chrome/52.0.2743.116 YaBrowser/16.9.1.1131 (dfl2nc9ks) Yowser/2.5 Safari/537.36"
176.62.76.126 - - [27/Sep/2016:03:18:01 +0300] "GET /favicon.ico HTTP/1.0" 404 6043 "-" "Mozilla/5.0 (Windows NT 10.0; WOW64) AppleWebKit/537.36 (KHTML, like Gecko) Chrome/52.0.2743.116 YaBrowser/16.9.1.1131 (dfl2nc9ks) Yowser/2.5 Safari/537.36"
176.62.76.126 - - [27/Sep/2016:03:19:01 +0300] "GET /favicon.ico HTTP/1.0" 404 6043 "-" "Mozilla/5.0 (Windows NT 10.0; WOW64) AppleWebKit/537.36 (KHTML, like Gecko) Chrome/52.0.2743.116 YaBrowser/16.9.1.1131 (dfl2nc9ks) Yowser/2.5 Safari/537.36"
157.55.39.32 - - [27/Sep/2016:03:19:23 +0300] "GET / HTTP/1.0" 200 11522 "-" "Mozilla/5.0 (compatible; bingbot/2.0; +http://www.bing.com/bingbot.htm)"
157.55.39.32 - - [27/Sep/2016:03:19:28 +0300] "GET / HTTP/1.0" 200 11522 "-" "Mozilla/5.0 (compatible; bingbot/2.0; +http://www.bing.com/bingbot.htm)"
176.62.76.126 - - [27/Sep/2016:03:20:01 +0300] "GET /favicon.ico HTTP/1.0" 404 6043 "-" "Mozilla/5.0 (Windows NT 10.0; WOW64) AppleWebKit/537.36 (KHTML, like Gecko) Chrome/52.0.2743.116 YaBrowser/16.9.1.1131 (dfl2nc9ks) Yowser/2.5 Safari/537.36"
176.62.66.23 - - [27/Sep/2016:03:20:38 +0300] "GET / HTTP/1.0" 200 11522 "http://yandex.ru/clck/jsredir?from=yandex.ru%3Bsearch%2F%3Bweb%3B%3B&text=&etext=1190.5cMJepyS5bO--lDQKK8jsrsf06pXj6U_iqdSWQ506eCiJWUHpphDcoXzfCG30MDkXhIvlKuqaxGFkMfVUg-HcgBgLk-GlwjAMfGMyYwBTFk.b5be115f5edeef8e4b8c5e112eee15a8aa1388d1&uuid=&state=PEtFfuTeVD5kpHnK9lio9QkU1tHIaqSGmpn3NHuF9Zj6Zigwt1v0L4VbHI_8F51tJnbAghhv4pT9RExTVuyOFqeLt9lgy1Bo&data=UlNrNmk5WktYejR0eWJFYk1LdmtxbEh6cGhfMWZWTWVzMzl0SXU5bjNkbXk1cHBsSkp6MDZnS3BsckpTSlBIWG9ySy1aOHN0TjBfSTQ2Wm5ua1BDNEplTktqcnAzOUdFNGZFX3NpdWozVlE&b64e=2&sign=0cb02ed92c5f5b5e33ac4efbabd53d26&keyno=0&cst=AiuY0DBWFJ7q0qcCggtsKZ2dg0oUoDKiGzIY8OCwVaGpSEVV-VDeQtzkOmTL8cBWlH9EClEJXXaDO5ZcLkXxJIleLzZdZV13s2LFwhKIaM-gGFJG_TDGBgjAIXSoUx2HmTbPerZOiERgNX3NhVTIuAyZPqdR2auDr-SQEocsPGeJfs4oHzZbLrl5v3dHvitWwAkZ0BDs8IogWNVSCAAYaQr1TK5DXrTbw1jDwHzYJsFp7BWwwsJ4lp1uPpXj3o2bOd03mOt4sHAEyw7jQtk1N1Uk4tRa1WUOaXmf4aWQ8MjXegpE0ZQcpSE7brBw-ZQOK_TLdGjLoCRJ9Kfe6YKDdHhCcsN_dTFpK8Nknbu3G-SDOeCfdbMY8uIq6ui9-LUtKAJ_SylFS59f4i6nUQuUH-xj9Rj3BG3cSbMxsX3tDU7X2ef-YE31DtkQ_gEJP1WJuyd59TpPtpBKz2TB8DyI6vgRSifjRrdmrBQxOqfuTuRA47fZKogdv-xm0xrYlrtikA9t-cd22gTaKr4NPjpi0mP9_tVs0cCWphOF_TIS-J-DfObsMAz4-S3fi6_M0tlxISpl92wEXbu2UN09gL0AGP2pYaJaX5bRsXdxtETKdUA&ref=orjY4mGPRjk5boDnW0uvlrrd71vZw9kpdzCia4ettjd1AyLXLyQIrQbK75F55vYZO4q1_fghVSjhh3LTG3hmJpXSnswRWZ613QR-nGj3sHzZ_VQZwBOrmHSrcyQZvqNvLOvmFP8XQ4QUxhpLuvlfirAQlbB5ZfNyTfvOIXY9ZcL9ZcsYR99tJChe74fvajeG9nyLLJ-vjOqUjZTewd4knVAs_39_MUKRCeesJuq8_chMNu0hz6inrM1m3fqH-hbUXIMpnSIdEJM&l10n=ru&cts=1474935637396&mc=1.584962500721156" "Mozilla/5.0 (Windows NT 6.1) AppleWebKit/537.36 (KHTML, like Gecko) Chrome/53.0.2785.116 Safari/537.36"
176.62.66.23 - - [27/Sep/2016:03:20:39 +0300] "GET /flash/baner.swf HTTP/1.0" 200 5330 "http://www.kristall-kino.ru/" "Mozilla/5.0 (Windows NT 6.1) AppleWebKit/537.36 (KHTML, like Gecko) Chrome/53.0.2785.116 Safari/537.36"
176.62.66.23 - - [27/Sep/2016:03:20:40 +0300] "GET /images/favicon.ico HTTP/1.0" 200 1150 "http://www.kristall-kino.ru/" "Mozilla/5.0 (Windows NT 6.1) AppleWebKit/537.36 (KHTML, like Gecko) Chrome/53.0.2785.116 Safari/537.36"
176.62.66.23 - - [27/Sep/2016:03:20:47 +0300] "GET /cinemaTicket/showtimes HTTP/1.0" 200 26678 "http://www.kristall-kino.ru/" "Mozilla/5.0 (Windows NT 6.1) AppleWebKit/537.36 (KHTML, like Gecko) Chrome/53.0.2785.116 Safari/537.36"
176.62.66.23 - - [27/Sep/2016:03:20:50 +0300] "GET /cinemaTicket/showtimes/list/date/28.09.2016 HTTP/1.0" 200 26678 "http://www.kristall-kino.ru/cinemaTicket/showtimes" "Mozilla/5.0 (Windows NT 6.1) AppleWebKit/537.36 (KHTML, like Gecko) Chrome/53.0.2785.116 Safari/537.36"
176.62.76.126 - - [27/Sep/2016:03:21:01 +0300] "GET /favicon.ico HTTP/1.0" 404 6043 "-" "Mozilla/5.0 (Windows NT 10.0; WOW64) AppleWebKit/537.36 (KHTML, like Gecko) Chrome/52.0.2743.116 YaBrowser/16.9.1.1131 (dfl2nc9ks) Yowser/2.5 Safari/537.36"
188.232.136.169 - - [27/Sep/2016:03:21:41 +0300] "GET / HTTP/1.0" 200 10752 "-" "Mozilla/5.0 (Windows NT 6.3; Win64; x64) AppleWebKit/537.36 (KHTML, like Gecko) Chrome/53.0.2785.116 Safari/537.36"
188.232.136.169 - - [27/Sep/2016:03:21:44 +0300] "GET /cinema/soon HTTP/1.0" 200 7834 "http://kristall-kino.ru/" "Mozilla/5.0 (Windows NT 6.3; Win64; x64) AppleWebKit/537.36 (KHTML, like Gecko) Chrome/53.0.2785.116 Safari/537.36"
188.232.136.169 - - [27/Sep/2016:03:21:49 +0300] "GET /cinemaTicket/showtimes HTTP/1.0" 200 26678 "http://kristall-kino.ru/cinema/soon" "Mozilla/5.0 (Windows NT 6.3; Win64; x64) AppleWebKit/537.36 (KHTML, like Gecko) Chrome/53.0.2785.116 Safari/537.36"
188.232.136.169 - - [27/Sep/2016:03:21:56 +0300] "GET /cinemaTicket/showtimes/list/date/30.09.2016 HTTP/1.0" 200 24493 "http://kristall-kino.ru/cinemaTicket/showtimes" "Mozilla/5.0 (Windows NT 6.3; Win64; x64) AppleWebKit/537.36 (KHTML, like Gecko) Chrome/53.0.2785.116 Safari/537.36"
176.62.76.126 - - [27/Sep/2016:03:22:01 +0300] "GET /favicon.ico HTTP/1.0" 404 6043 "-" "Mozilla/5.0 (Windows NT 10.0; WOW64) AppleWebKit/537.36 (KHTML, like Gecko) Chrome/52.0.2743.116 YaBrowser/16.9.1.1131 (dfl2nc9ks) Yowser/2.5 Safari/537.36"
176.62.76.126 - - [27/Sep/2016:03:23:01 +0300] "GET /favicon.ico HTTP/1.0" 404 6043 "-" "Mozilla/5.0 (Windows NT 10.0; WOW64) AppleWebKit/537.36 (KHTML, like Gecko) Chrome/52.0.2743.116 YaBrowser/16.9.1.1131 (dfl2nc9ks) Yowser/2.5 Safari/537.36"
176.62.76.126 - - [27/Sep/2016:03:24:01 +0300] "GET /favicon.ico HTTP/1.0" 404 6043 "-" "Mozilla/5.0 (Windows NT 10.0; WOW64) AppleWebKit/537.36 (KHTML, like Gecko) Chrome/52.0.2743.116 YaBrowser/16.9.1.1131 (dfl2nc9ks) Yowser/2.5 Safari/537.36"
176.62.76.126 - - [27/Sep/2016:03:25:01 +0300] "GET /favicon.ico HTTP/1.0" 404 6043 "-" "Mozilla/5.0 (Windows NT 10.0; WOW64) AppleWebKit/537.36 (KHTML, like Gecko) Chrome/52.0.2743.116 YaBrowser/16.9.1.1131 (dfl2nc9ks) Yowser/2.5 Safari/537.36"
46.233.240.234 - - [27/Sep/2016:03:25:05 +0300] "GET / HTTP/1.0" 200 11522 "https://www.google.ru/" "Mozilla/5.0 (Linux; Android 6.0.1; 6039Y Build/MMB29M) AppleWebKit/537.36 (KHTML, like Gecko) Chrome/53.0.2785.124 Mobile Safari/537.36"
46.233.240.234 - - [27/Sep/2016:03:25:09 +0300] "GET /cinemaTicket/showtimes HTTP/1.0" 200 26678 "http://kristall-kino.ru/" "Mozilla/5.0 (Linux; Android 6.0.1; 6039Y Build/MMB29M) AppleWebKit/537.36 (KHTML, like Gecko) Chrome/53.0.2785.124 Mobile Safari/537.36"
46.233.240.234 - - [27/Sep/2016:03:25:32 +0300] "GET /cinemaTicket/hall/48631 HTTP/1.0" 200 24152 "http://kristall-kino.ru/cinemaTicket/showtimes" "Mozilla/5.0 (Linux; Android 6.0.1; 6039Y Build/MMB29M) AppleWebKit/537.36 (KHTML, like Gecko) Chrome/53.0.2785.124 Mobile Safari/537.36"
46.233.240.234 - - [27/Sep/2016:03:25:38 +0300] "GET /cinemaTicket/showtimes HTTP/1.0" 200 26678 "http://kristall-kino.ru/" "Mozilla/5.0 (Linux; Android 6.0.1; 6039Y Build/MMB29M) AppleWebKit/537.36 (KHTML, like Gecko) Chrome/53.0.2785.124 Mobile Safari/537.36"
176.62.76.126 - - [27/Sep/2016:03:26:01 +0300] "GET /favicon.ico HTTP/1.0" 404 6043 "-" "Mozilla/5.0 (Windows NT 10.0; WOW64) AppleWebKit/537.36 (KHTML, like Gecko) Chrome/52.0.2743.116 YaBrowser/16.9.1.1131 (dfl2nc9ks) Yowser/2.5 Safari/537.36"
46.233.240.234 - - [27/Sep/2016:03:26:04 +0300] "GET /user/login HTTP/1.0" 200 10204 "http://kristall-kino.ru/cinemaTicket/showtimes" "Mozilla/5.0 (Linux; Android 6.0.1; 6039Y Build/MMB29M) AppleWebKit/537.36 (KHTML, like Gecko) Chrome/53.0.2785.124 Mobile Safari/537.36"
46.233.240.234 - - [27/Sep/2016:03:26:12 +0300] "GET /hybridauth/default/login/?provider=Vkontakte HTTP/1.0" 302 - "http://kristall-kino.ru/user/login" "Mozilla/5.0 (Linux; Android 6.0.1; 6039Y Build/MMB29M) AppleWebKit/537.36 (KHTML, like Gecko) Chrome/53.0.2785.124 Mobile Safari/537.36"
46.233.240.234 - - [27/Sep/2016:03:26:13 +0300] "GET /hybridauth/default/callback?hauth.start=Vkontakte&hauth.time=1474935972 HTTP/1.0" 302 - "http://kristall-kino.ru/user/login" "Mozilla/5.0 (Linux; Android 6.0.1; 6039Y Build/MMB29M) AppleWebKit/537.36 (KHTML, like Gecko) Chrome/53.0.2785.124 Mobile Safari/537.36"
46.233.240.234 - - [27/Sep/2016:03:26:14 +0300] "GET /hybridauth/default/callback?hauth.done=Vkontakte&code=44afc1eb5be0a89185 HTTP/1.0" 302 - "http://kristall-kino.ru/user/login" "Mozilla/5.0 (Linux; Android 6.0.1; 6039Y Build/MMB29M) AppleWebKit/537.36 (KHTML, like Gecko) Chrome/53.0.2785.124 Mobile Safari/537.36"
46.233.240.234 - - [27/Sep/2016:03:26:14 +0300] "GET /hybridauth/default/login/?provider=Vkontakte HTTP/1.0" 302 - "http://kristall-kino.ru/user/login" "Mozilla/5.0 (Linux; Android 6.0.1; 6039Y Build/MMB29M) AppleWebKit/537.36 (KHTML, like Gecko) Chrome/53.0.2785.124 Mobile Safari/537.36"
46.233.240.234 - - [27/Sep/2016:03:26:14 +0300] "GET /cinemaTicket/hall/48631 HTTP/1.0" 200 25215 "http://kristall-kino.ru/user/login" "Mozilla/5.0 (Linux; Android 6.0.1; 6039Y Build/MMB29M) AppleWebKit/537.36 (KHTML, like Gecko) Chrome/53.0.2785.124 Mobile Safari/537.36"
46.233.240.234 - - [27/Sep/2016:03:26:37 +0300] "POST /cinemaTicket/hall/getplace HTTP/1.0" 200 47 "http://kristall-kino.ru/cinemaTicket/hall/48631" "Mozilla/5.0 (Linux; Android 6.0.1; 6039Y Build/MMB29M) AppleWebKit/537.36 (KHTML, like Gecko) Chrome/53.0.2785.124 Mobile Safari/537.36"
46.233.240.234 - - [27/Sep/2016:03:26:41 +0300] "POST /cinemaTicket/hall/getplace HTTP/1.0" 200 48 "http://kristall-kino.ru/cinemaTicket/hall/48631" "Mozilla/5.0 (Linux; Android 6.0.1; 6039Y Build/MMB29M) AppleWebKit/537.36 (KHTML, like Gecko) Chrome/53.0.2785.124 Mobile Safari/537.36"
46.233.240.234 - - [27/Sep/2016:03:26:43 +0300] "POST /cinemaTicket/hall/createOrder HTTP/1.0" 200 6 "http://kristall-kino.ru/cinemaTicket/hall/48631" "Mozilla/5.0 (Linux; Android 6.0.1; 6039Y Build/MMB29M) AppleWebKit/537.36 (KHTML, like Gecko) Chrome/53.0.2785.124 Mobile Safari/537.36"
46.233.240.234 - - [27/Sep/2016:03:26:44 +0300] "GET /cinemaTicket/order/137446 HTTP/1.0" 200 6754 "http://kristall-kino.ru/cinemaTicket/hall/48631" "Mozilla/5.0 (Linux; Android 6.0.1; 6039Y Build/MMB29M) AppleWebKit/537.36 (KHTML, like Gecko) Chrome/53.0.2785.124 Mobile Safari/537.36"
46.233.240.234 - - [27/Sep/2016:03:26:48 +0300] "GET /cinemaTicket/showtimes HTTP/1.0" 200 26678 "http://kristall-kino.ru/cinemaTicket/order/137446" "Mozilla/5.0 (Linux; Android 6.0.1; 6039Y Build/MMB29M) AppleWebKit/537.36 (KHTML, like Gecko) Chrome/53.0.2785.124 Mobile Safari/537.36"
46.233.240.234 - - [27/Sep/2016:03:26:51 +0300] "GET /cinemaTicket/hall/48635 HTTP/1.0" 200 28205 "http://kristall-kino.ru/cinemaTicket/showtimes" "Mozilla/5.0 (Linux; Android 6.0.1; 6039Y Build/MMB29M) AppleWebKit/537.36 (KHTML, like Gecko) Chrome/53.0.2785.124 Mobile Safari/537.36"
46.233.240.234 - - [27/Sep/2016:03:26:55 +0300] "POST /cinemaTicket/hall/getplace HTTP/1.0" 200 47 "http://kristall-kino.ru/cinemaTicket/hall/48635" "Mozilla/5.0 (Linux; Android 6.0.1; 6039Y Build/MMB29M) AppleWebKit/537.36 (KHTML, like Gecko) Chrome/53.0.2785.124 Mobile Safari/537.36"
46.233.240.234 - - [27/Sep/2016:03:26:57 +0300] "POST /cinemaTicket/hall/getplace HTTP/1.0" 200 47 "http://kristall-kino.ru/cinemaTicket/hall/48635" "Mozilla/5.0 (Linux; Android 6.0.1; 6039Y Build/MMB29M) AppleWebKit/537.36 (KHTML, like Gecko) Chrome/53.0.2785.124 Mobile Safari/537.36"
46.233.240.234 - - [27/Sep/2016:03:26:59 +0300] "POST /cinemaTicket/hall/createOrder HTTP/1.0" 200 6 "http://kristall-kino.ru/cinemaTicket/hall/48635" "Mozilla/5.0 (Linux; Android 6.0.1; 6039Y Build/MMB29M) AppleWebKit/537.36 (KHTML, like Gecko) Chrome/53.0.2785.124 Mobile Safari/537.36"
46.233.240.234 - - [27/Sep/2016:03:27:00 +0300] "GET /cinemaTicket/order/137447 HTTP/1.0" 200 6757 "http://kristall-kino.ru/cinemaTicket/hall/48635" "Mozilla/5.0 (Linux; Android 6.0.1; 6039Y Build/MMB29M) AppleWebKit/537.36 (KHTML, like Gecko) Chrome/53.0.2785.124 Mobile Safari/537.36"
176.62.76.126 - - [27/Sep/2016:03:27:01 +0300] "GET /favicon.ico HTTP/1.0" 404 6043 "-" "Mozilla/5.0 (Windows NT 10.0; WOW64) AppleWebKit/537.36 (KHTML, like Gecko) Chrome/52.0.2743.116 YaBrowser/16.9.1.1131 (dfl2nc9ks) Yowser/2.5 Safari/537.36"
46.233.240.234 - - [27/Sep/2016:03:27:06 +0300] "GET /cinemaTicket/list HTTP/1.0" 200 13147 "http://kristall-kino.ru/cinemaTicket/order/137447" "Mozilla/5.0 (Linux; Android 6.0.1; 6039Y Build/MMB29M) AppleWebKit/537.36 (KHTML, like Gecko) Chrome/53.0.2785.124 Mobile Safari/537.36"
176.62.76.126 - - [27/Sep/2016:03:28:01 +0300] "GET /favicon.ico HTTP/1.0" 404 6043 "-" "Mozilla/5.0 (Windows NT 10.0; WOW64) AppleWebKit/537.36 (KHTML, like Gecko) Chrome/52.0.2743.116 YaBrowser/16.9.1.1131 (dfl2nc9ks) Yowser/2.5 Safari/537.36"
178.154.149.7 - - [27/Sep/2016:03:28:03 +0300] "GET /cinemaTicket/hall/48530 HTTP/1.0" 404 6043 "-" "Mozilla/5.0 (compatible; YandexBot/3.0; +http://yandex.com/bots)"
176.62.76.126 - - [27/Sep/2016:03:29:01 +0300] "GET /favicon.ico HTTP/1.0" 404 6043 "-" "Mozilla/5.0 (Windows NT 10.0; WOW64) AppleWebKit/537.36 (KHTML, like Gecko) Chrome/52.0.2743.116 YaBrowser/16.9.1.1131 (dfl2nc9ks) Yowser/2.5 Safari/537.36"
2.60.131.223 - - [27/Sep/2016:03:29:07 +0300] "GET /favicon.ico HTTP/1.0" 404 6043 "-" "Mozilla/5.0 (Windows NT 5.1) AppleWebKit/537.36 (KHTML, like Gecko) Chrome/52.0.2743.116 YaBrowser/16.9.1.1128 Yowser/2.5 Safari/537.36"
95.189.159.72 - - [27/Sep/2016:03:29:25 +0300] "GET /favicon.ico HTTP/1.0" 404 6043 "-" "Mozilla/5.0 (Windows NT 6.1; WOW64) AppleWebKit/537.36 (KHTML, like Gecko) Chrome/52.0.2743.116 YaBrowser/16.9.1.1131 Yowser/2.5 Safari/537.36"
2.60.131.223 - - [27/Sep/2016:03:29:38 +0300] "GET /favicon.ico HTTP/1.0" 404 6043 "-" "Mozilla/5.0 (Windows NT 5.1) AppleWebKit/537.36 (KHTML, like Gecko) Chrome/52.0.2743.116 YaBrowser/16.9.1.1128 Yowser/2.5 Safari/537.36"
95.189.159.72 - - [27/Sep/2016:03:30:00 +0300] "GET /favicon.ico HTTP/1.0" 404 6043 "-" "Mozilla/5.0 (Windows NT 6.1; WOW64) AppleWebKit/537.36 (KHTML, like Gecko) Chrome/52.0.2743.116 YaBrowser/16.9.1.1131 Yowser/2.5 Safari/537.36"
141.0.12.170 - - [27/Sep/2016:03:30:00 +0300] "GET /images/favicon.ico HTTP/1.0" 200 1150 "-" "Opera/9.80 (Series 60; Opera Mini/7.1.32444/37.8923; U; ru) Presto/2.12.423 Version/12.16"
176.62.76.126 - - [27/Sep/2016:03:30:01 +0300] "GET /favicon.ico HTTP/1.0" 404 6043 "-" "Mozilla/5.0 (Windows NT 10.0; WOW64) AppleWebKit/537.36 (KHTML, like Gecko) Chrome/52.0.2743.116 YaBrowser/16.9.1.1131 (dfl2nc9ks) Yowser/2.5 Safari/537.36"
178.154.149.7 - - [27/Sep/2016:03:30:22 +0300] "GET /cinemaTicket/showtimes/list/date/10.10.2015 HTTP/1.0" 200 8502 "-" "Mozilla/5.0 (compatible; YandexBot/3.0; +http://yandex.com/bots)"
2.60.131.223 - - [27/Sep/2016:03:30:38 +0300] "GET /favicon.ico HTTP/1.0" 404 6043 "-" "Mozilla/5.0 (Windows NT 5.1) AppleWebKit/537.36 (KHTML, like Gecko) Chrome/52.0.2743.116 YaBrowser/16.9.1.1128 Yowser/2.5 Safari/537.36"
95.189.159.72 - - [27/Sep/2016:03:31:00 +0300] "GET /favicon.ico HTTP/1.0" 404 6043 "-" "Mozilla/5.0 (Windows NT 6.1; WOW64) AppleWebKit/537.36 (KHTML, like Gecko) Chrome/52.0.2743.116 YaBrowser/16.9.1.1131 Yowser/2.5 Safari/537.36"
176.62.76.126 - - [27/Sep/2016:03:31:01 +0300] "GET /favicon.ico HTTP/1.0" 404 6043 "-" "Mozilla/5.0 (Windows NT 10.0; WOW64) AppleWebKit/537.36 (KHTML, like Gecko) Chrome/52.0.2743.116 YaBrowser/16.9.1.1131 (dfl2nc9ks) Yowser/2.5 Safari/537.36"
2.60.131.223 - - [27/Sep/2016:03:31:38 +0300] "GET /favicon.ico HTTP/1.0" 404 6043 "-" "Mozilla/5.0 (Windows NT 5.1) AppleWebKit/537.36 (KHTML, like Gecko) Chrome/52.0.2743.116 YaBrowser/16.9.1.1128 Yowser/2.5 Safari/537.36"
95.189.159.72 - - [27/Sep/2016:03:32:00 +0300] "GET /favicon.ico HTTP/1.0" 404 6043 "-" "Mozilla/5.0 (Windows NT 6.1; WOW64) AppleWebKit/537.36 (KHTML, like Gecko) Chrome/52.0.2743.116 YaBrowser/16.9.1.1131 Yowser/2.5 Safari/537.36"
176.62.76.126 - - [27/Sep/2016:03:32:01 +0300] "GET /favicon.ico HTTP/1.0" 404 6043 "-" "Mozilla/5.0 (Windows NT 10.0; WOW64) AppleWebKit/537.36 (KHTML, like Gecko) Chrome/52.0.2743.116 YaBrowser/16.9.1.1131 (dfl2nc9ks) Yowser/2.5 Safari/537.36"
93.158.152.58 - - [27/Sep/2016:03:32:28 +0300] "GET /cinema/film/417 HTTP/1.0" 200 7777 "-" "Mozilla/5.0 (compatible; YandexBot/3.0; +http://yandex.com/bots)"
2.60.131.223 - - [27/Sep/2016:03:32:37 +0300] "GET /favicon.ico HTTP/1.0" 404 6043 "-" "Mozilla/5.0 (Windows NT 5.1) AppleWebKit/537.36 (KHTML, like Gecko) Chrome/52.0.2743.116 YaBrowser/16.9.1.1128 Yowser/2.5 Safari/537.36"
95.189.159.72 - - [27/Sep/2016:03:33:00 +0300] "GET /favicon.ico HTTP/1.0" 404 6043 "-" "Mozilla/5.0 (Windows NT 6.1; WOW64) AppleWebKit/537.36 (KHTML, like Gecko) Chrome/52.0.2743.116 YaBrowser/16.9.1.1131 Yowser/2.5 Safari/537.36"
176.62.76.126 - - [27/Sep/2016:03:33:01 +0300] "GET /favicon.ico HTTP/1.0" 404 6043 "-" "Mozilla/5.0 (Windows NT 10.0; WOW64) AppleWebKit/537.36 (KHTML, like Gecko) Chrome/52.0.2743.116 YaBrowser/16.9.1.1131 (dfl2nc9ks) Yowser/2.5 Safari/537.36"
2.60.131.223 - - [27/Sep/2016:03:33:37 +0300] "GET /favicon.ico HTTP/1.0" 404 6043 "-" "Mozilla/5.0 (Windows NT 5.1) AppleWebKit/537.36 (KHTML, like Gecko) Chrome/52.0.2743.116 YaBrowser/16.9.1.1128 Yowser/2.5 Safari/537.36"
95.189.159.72 - - [27/Sep/2016:03:34:00 +0300] "GET /favicon.ico HTTP/1.0" 404 6043 "-" "Mozilla/5.0 (Windows NT 6.1; WOW64) AppleWebKit/537.36 (KHTML, like Gecko) Chrome/52.0.2743.116 YaBrowser/16.9.1.1131 Yowser/2.5 Safari/537.36"
176.62.76.126 - - [27/Sep/2016:03:34:01 +0300] "GET /favicon.ico HTTP/1.0" 404 6043 "-" "Mozilla/5.0 (Windows NT 10.0; WOW64) AppleWebKit/537.36 (KHTML, like Gecko) Chrome/52.0.2743.116 YaBrowser/16.9.1.1131 (dfl2nc9ks) Yowser/2.5 Safari/537.36"
2.60.131.223 - - [27/Sep/2016:03:34:37 +0300] "GET /favicon.ico HTTP/1.0" 404 6043 "-" "Mozilla/5.0 (Windows NT 5.1) AppleWebKit/537.36 (KHTML, like Gecko) Chrome/52.0.2743.116 YaBrowser/16.9.1.1128 Yowser/2.5 Safari/537.36"
95.189.159.72 - - [27/Sep/2016:03:35:00 +0300] "GET /favicon.ico HTTP/1.0" 404 6043 "-" "Mozilla/5.0 (Windows NT 6.1; WOW64) AppleWebKit/537.36 (KHTML, like Gecko) Chrome/52.0.2743.116 YaBrowser/16.9.1.1131 Yowser/2.5 Safari/537.36"
176.62.76.126 - - [27/Sep/2016:03:35:01 +0300] "GET /favicon.ico HTTP/1.0" 404 6043 "-" "Mozilla/5.0 (Windows NT 10.0; WOW64) AppleWebKit/537.36 (KHTML, like Gecko) Chrome/52.0.2743.116 YaBrowser/16.9.1.1131 (dfl2nc9ks) Yowser/2.5 Safari/537.36"
2.60.131.223 - - [27/Sep/2016:03:35:37 +0300] "GET /favicon.ico HTTP/1.0" 404 6043 "-" "Mozilla/5.0 (Windows NT 5.1) AppleWebKit/537.36 (KHTML, like Gecko) Chrome/52.0.2743.116 YaBrowser/16.9.1.1128 Yowser/2.5 Safari/537.36"
95.189.159.72 - - [27/Sep/2016:03:36:00 +0300] "GET /favicon.ico HTTP/1.0" 404 6043 "-" "Mozilla/5.0 (Windows NT 6.1; WOW64) AppleWebKit/537.36 (KHTML, like Gecko) Chrome/52.0.2743.116 YaBrowser/16.9.1.1131 Yowser/2.5 Safari/537.36"
176.62.76.126 - - [27/Sep/2016:03:36:01 +0300] "GET /favicon.ico HTTP/1.0" 404 6043 "-" "Mozilla/5.0 (Windows NT 10.0; WOW64) AppleWebKit/537.36 (KHTML, like Gecko) Chrome/52.0.2743.116 YaBrowser/16.9.1.1131 (dfl2nc9ks) Yowser/2.5 Safari/537.36"
2.60.131.223 - - [27/Sep/2016:03:36:37 +0300] "GET /favicon.ico HTTP/1.0" 404 6043 "-" "Mozilla/5.0 (Windows NT 5.1) AppleWebKit/537.36 (KHTML, like Gecko) Chrome/52.0.2743.116 YaBrowser/16.9.1.1128 Yowser/2.5 Safari/537.36"
95.189.159.72 - - [27/Sep/2016:03:37:00 +0300] "GET /favicon.ico HTTP/1.0" 404 6043 "-" "Mozilla/5.0 (Windows NT 6.1; WOW64) AppleWebKit/537.36 (KHTML, like Gecko) Chrome/52.0.2743.116 YaBrowser/16.9.1.1131 Yowser/2.5 Safari/537.36"
176.62.76.126 - - [27/Sep/2016:03:37:01 +0300] "GET /favicon.ico HTTP/1.0" 404 6043 "-" "Mozilla/5.0 (Windows NT 10.0; WOW64) AppleWebKit/537.36 (KHTML, like Gecko) Chrome/52.0.2743.116 YaBrowser/16.9.1.1131 (dfl2nc9ks) Yowser/2.5 Safari/537.36"
79.105.9.143 - - [27/Sep/2016:03:37:06 +0300] "GET /cinemaTicket/showtimes HTTP/1.0" 200 26678 "https://www.google.ru/" "Mozilla/5.0 (iPhone; CPU iPhone OS 9_3_5 like Mac OS X) AppleWebKit/601.1.46 (KHTML, like Gecko) Version/9.0 Mobile/13G36 Safari/601.1"
2.60.128.108 - - [27/Sep/2016:03:37:25 +0300] "GET /cinemaTicket/hall/47623 HTTP/1.0" 404 6043 "http://kristall-kino.ru/cinema/film/767" "Mozilla/5.0 (Linux; Android 5.1; IRON Build/LMY47D) AppleWebKit/537.36 (KHTML, like Gecko) Version/4.0 Chrome/39.0.0.0 Mobile Safari/537.36"
2.60.128.108 - - [27/Sep/2016:03:37:27 +0300] "GET /images/favicon.ico HTTP/1.0" 200 1150 "-" "Mozilla/5.0 (Linux; Android 5.1; IRON Build/LMY47D) AppleWebKit/537.36 (KHTML, like Gecko) Version/4.0 Chrome/39.0.0.0 Mobile Safari/537.36"
2.60.131.223 - - [27/Sep/2016:03:37:37 +0300] "GET /favicon.ico HTTP/1.0" 404 6043 "-" "Mozilla/5.0 (Windows NT 5.1) AppleWebKit/537.36 (KHTML, like Gecko) Chrome/52.0.2743.116 YaBrowser/16.9.1.1128 Yowser/2.5 Safari/537.36"
95.189.159.72 - - [27/Sep/2016:03:38:00 +0300] "GET /favicon.ico HTTP/1.0" 404 6043 "-" "Mozilla/5.0 (Windows NT 6.1; WOW64) AppleWebKit/537.36 (KHTML, like Gecko) Chrome/52.0.2743.116 YaBrowser/16.9.1.1131 Yowser/2.5 Safari/537.36"
176.62.76.126 - - [27/Sep/2016:03:38:01 +0300] "GET /favicon.ico HTTP/1.0" 404 6043 "-" "Mozilla/5.0 (Windows NT 10.0; WOW64) AppleWebKit/537.36 (KHTML, like Gecko) Chrome/52.0.2743.116 YaBrowser/16.9.1.1131 (dfl2nc9ks) Yowser/2.5 Safari/537.36"
2.60.131.223 - - [27/Sep/2016:03:38:37 +0300] "GET /favicon.ico HTTP/1.0" 404 6043 "-" "Mozilla/5.0 (Windows NT 5.1) AppleWebKit/537.36 (KHTML, like Gecko) Chrome/52.0.2743.116 YaBrowser/16.9.1.1128 Yowser/2.5 Safari/537.36"
66.249.66.26 - - [27/Sep/2016:03:38:45 +0300] "GET / HTTP/1.0" 200 11522 "-" "Mozilla/5.0 (compatible; Googlebot/2.1; +http://www.google.com/bot.html)"
95.189.159.72 - - [27/Sep/2016:03:39:00 +0300] "GET /favicon.ico HTTP/1.0" 404 6043 "-" "Mozilla/5.0 (Windows NT 6.1; WOW64) AppleWebKit/537.36 (KHTML, like Gecko) Chrome/52.0.2743.116 YaBrowser/16.9.1.1131 Yowser/2.5 Safari/537.36"
176.62.76.126 - - [27/Sep/2016:03:39:01 +0300] "GET /favicon.ico HTTP/1.0" 404 6043 "-" "Mozilla/5.0 (Windows NT 10.0; WOW64) AppleWebKit/537.36 (KHTML, like Gecko) Chrome/52.0.2743.116 YaBrowser/16.9.1.1131 (dfl2nc9ks) Yowser/2.5 Safari/537.36"
2.60.131.223 - - [27/Sep/2016:03:39:37 +0300] "GET /favicon.ico HTTP/1.0" 404 6043 "-" "Mozilla/5.0 (Windows NT 5.1) AppleWebKit/537.36 (KHTML, like Gecko) Chrome/52.0.2743.116 YaBrowser/16.9.1.1128 Yowser/2.5 Safari/537.36"
95.189.159.72 - - [27/Sep/2016:03:40:00 +0300] "GET /favicon.ico HTTP/1.0" 404 6043 "-" "Mozilla/5.0 (Windows NT 6.1; WOW64) AppleWebKit/537.36 (KHTML, like Gecko) Chrome/52.0.2743.116 YaBrowser/16.9.1.1131 Yowser/2.5 Safari/537.36"
176.62.76.126 - - [27/Sep/2016:03:40:01 +0300] "GET /favicon.ico HTTP/1.0" 404 6043 "-" "Mozilla/5.0 (Windows NT 10.0; WOW64) AppleWebKit/537.36 (KHTML, like Gecko) Chrome/52.0.2743.116 YaBrowser/16.9.1.1131 (dfl2nc9ks) Yowser/2.5 Safari/537.36"
2.60.131.223 - - [27/Sep/2016:03:40:37 +0300] "GET /favicon.ico HTTP/1.0" 404 6043 "-" "Mozilla/5.0 (Windows NT 5.1) AppleWebKit/537.36 (KHTML, like Gecko) Chrome/52.0.2743.116 YaBrowser/16.9.1.1128 Yowser/2.5 Safari/537.36"
95.189.159.72 - - [27/Sep/2016:03:41:00 +0300] "GET /favicon.ico HTTP/1.0" 404 6043 "-" "Mozilla/5.0 (Windows NT 6.1; WOW64) AppleWebKit/537.36 (KHTML, like Gecko) Chrome/52.0.2743.116 YaBrowser/16.9.1.1131 Yowser/2.5 Safari/537.36"
176.62.76.126 - - [27/Sep/2016:03:41:01 +0300] "GET /favicon.ico HTTP/1.0" 404 6043 "-" "Mozilla/5.0 (Windows NT 10.0; WOW64) AppleWebKit/537.36 (KHTML, like Gecko) Chrome/52.0.2743.116 YaBrowser/16.9.1.1131 (dfl2nc9ks) Yowser/2.5 Safari/537.36"
178.154.149.7 - - [27/Sep/2016:03:41:28 +0300] "GET /cinemaTicket/hall/48606 HTTP/1.0" 404 6043 "-" "Mozilla/5.0 (compatible; YandexBot/3.0; +http://yandex.com/bots)"
2.60.131.223 - - [27/Sep/2016:03:41:37 +0300] "GET /favicon.ico HTTP/1.0" 404 6043 "-" "Mozilla/5.0 (Windows NT 5.1) AppleWebKit/537.36 (KHTML, like Gecko) Chrome/52.0.2743.116 YaBrowser/16.9.1.1128 Yowser/2.5 Safari/537.36"
128.69.223.24 - - [27/Sep/2016:03:41:51 +0300] "GET /cinemaTicket/showtimes/list/date/24.09.2016 HTTP/1.0" 200 8502 "http://yandex.ru/clck/jsredir?from=yandex.ru%3Bsearch%3Bweb%3B%3B&text=&etext=1190.rknx_2kPxmxLsj8RXExqXm-zv-TR2ewTuzzfMRji0fSv3askXvRTfQ8MmqS_Zi2s.e3d23ac647a93bf30d168499c7f3a1c024ccbbd1&uuid=&state=_BLhILn4SxNIvvL0W45KSic66uCIg23qh8iRG98qeIXmeppkgUc0YLeQVNu7TCjFWhspMNrg36Y&data=UlNrNmk5WktYejR0eWJFYk1LdmtxbEh6cGhfMWZWTWVzMzl0SXU5bjNkbXk1cHBsSkp6MDZvT0ZVcjdjOE9tQUlZYWt4NVNZeUtGeEVSQnVvNWZmbllYRnF2bHBfZ2xHYTlGTFV3N3lxMlJlbmRSMVpQUDQ0ZTNmVVY0YXFwRjNEeGJBekpMU0FJUjVWNzBHQmE2LUNGRE5heGxtcV9JU19DbzBfeXlRYjVDVmNqYnBySU10Vmc&b64e=2&sign=86f6da874a761ee73a432e7ff55f8896&keyno=0&cst=AiuY0DBWFJ7IXge4WdYJQULnoVAFacUfkI6vTWn09PVJ5sZgURCPx6leLTLQGmfQERPckovw9sHDj7u6ghWxs2cWYL6NlJCR1abFlW0QuggcrNifwysKyZJE2bg_CnxjD0RiX21uV_h02ApZKch9JTzuSn0Kvkka&ref=orjY4mGPRjk5boDnW0uvlrrd71vZw9kp5uQozpMtKCVLVIUOk4qiEKAVs1UbHeBHT9W6VKDDrWHN4m6fa3jJbE61TrXsLXb0NvIHppCyU1p3FAcZz3gdh1NSw3WCSLkc&l10n=ru&cts=1474933403404&mc=2.14710398081" "Mozilla/4.0 (compatible; MSIE 8.0; Windows NT 5.1; Trident/4.0; .NET CLR 2.0.50727; .NET CLR 3.0.4506.2152; .NET CLR 3.5.30729)"
128.69.223.24 - - [27/Sep/2016:03:41:56 +0300] "GET /flash/baner.swf HTTP/1.0" 200 5330 "http://www.kristall-kino.ru/cinemaTicket/showtimes/list/date/24.09.2016" "Mozilla/4.0 (compatible; MSIE 8.0; Windows NT 5.1; Trident/4.0; .NET CLR 2.0.50727; .NET CLR 3.0.4506.2152; .NET CLR 3.5.30729)"
95.189.159.72 - - [27/Sep/2016:03:42:00 +0300] "GET /favicon.ico HTTP/1.0" 404 6043 "-" "Mozilla/5.0 (Windows NT 6.1; WOW64) AppleWebKit/537.36 (KHTML, like Gecko) Chrome/52.0.2743.116 YaBrowser/16.9.1.1131 Yowser/2.5 Safari/537.36"
176.62.76.126 - - [27/Sep/2016:03:42:01 +0300] "GET /favicon.ico HTTP/1.0" 404 6043 "-" "Mozilla/5.0 (Windows NT 10.0; WOW64) AppleWebKit/537.36 (KHTML, like Gecko) Chrome/52.0.2743.116 YaBrowser/16.9.1.1131 (dfl2nc9ks) Yowser/2.5 Safari/537.36"
2.60.131.223 - - [27/Sep/2016:03:42:37 +0300] "GET /favicon.ico HTTP/1.0" 404 6043 "-" "Mozilla/5.0 (Windows NT 5.1) AppleWebKit/537.36 (KHTML, like Gecko) Chrome/52.0.2743.116 YaBrowser/16.9.1.1128 Yowser/2.5 Safari/537.36"
