109.120.53.23 - - [27/Sep/2016:05:26:51 +0300] "GET /favicon.ico HTTP/1.0" 404 6043 "-" "Mozilla/5.0 (Windows NT 10.0; WOW64) AppleWebKit/537.36 (KHTML, like Gecko) Chrome/52.0.2743.116 YaBrowser/16.9.1.1131 Yowser/2.5 Safari/537.36"
109.120.53.23 - - [27/Sep/2016:05:27:51 +0300] "GET /favicon.ico HTTP/1.0" 404 6043 "-" "Mozilla/5.0 (Windows NT 10.0; WOW64) AppleWebKit/537.36 (KHTML, like Gecko) Chrome/52.0.2743.116 YaBrowser/16.9.1.1131 Yowser/2.5 Safari/537.36"
208.80.194.122 - - [27/Sep/2016:05:28:56 +0300] "GET / HTTP/1.0" 200 11522 "-" "Mozilla/4.0 (compatible; MSIE 6.0; Windows NT 5.1; SV1; .NET CLR 1.1.4322; .NET CLR 2.0.50728)"
80.83.239.124 - - [27/Sep/2016:05:29:19 +0300] "GET /cinemaTicket/showtimes/list/date/24.09.2016 HTTP/1.0" 200 8502 "-" "Mozilla/5.0 (iPhone; CPU iPhone OS 7_1_2 like Mac OS X) AppleWebKit/537.51.2 (KHTML, like Gecko) Version/7.0 Mobile/11D257 Safari/9537.53"
80.83.239.124 - - [27/Sep/2016:05:29:19 +0300] "GET /cinemaTicket/showtimes/list/date/25.09.2016 HTTP/1.0" 200 8502 "-" "Mozilla/5.0 (iPhone; CPU iPhone OS 7_1_2 like Mac OS X) AppleWebKit/537.51.2 (KHTML, like Gecko) Version/7.0 Mobile/11D257 Safari/9537.53"
188.162.86.93 - - [27/Sep/2016:05:30:02 +0300] "GET / HTTP/1.0" 200 11522 "http://kristall-kino.ru/cinemaTicket/showtimes/list/date/26.09.2016" "Mozilla/5.0 (Linux; Android 6.0; Boost3 Build/MRA58K) AppleWebKit/537.36 (KHTML, like Gecko) Chrome/53.0.2785.124 Mobile Safari/537.36"
178.154.149.7 - - [27/Sep/2016:05:30:10 +0300] "GET /cinemaTicket/showtimes/list/date/21.07.2015 HTTP/1.0" 200 8502 "-" "Mozilla/5.0 (compatible; YandexBot/3.0; +http://yandex.com/bots)"
176.59.131.183 - - [27/Sep/2016:05:30:10 +0300] "GET / HTTP/1.0" 200 11522 "http://www.kristall-kino.ru/cinema/film/765" "Mozilla/5.0 (iPhone; CPU iPhone OS 9_3_4 like Mac OS X) AppleWebKit/601.1.46 (KHTML, like Gecko) Version/9.0 Mobile/13G35 Safari/601.1"
176.59.131.183 - - [27/Sep/2016:05:30:46 +0300] "GET /cinema/film/792 HTTP/1.0" 200 9757 "http://www.kristall-kino.ru/" "Mozilla/5.0 (iPhone; CPU iPhone OS 9_3_4 like Mac OS X) AppleWebKit/601.1.46 (KHTML, like Gecko) Version/9.0 Mobile/13G35 Safari/601.1"
176.59.131.183 - - [27/Sep/2016:05:31:02 +0300] "GET /cinema/film/789 HTTP/1.0" 200 8650 "http://www.kristall-kino.ru/" "Mozilla/5.0 (iPhone; CPU iPhone OS 9_3_4 like Mac OS X) AppleWebKit/601.1.46 (KHTML, like Gecko) Version/9.0 Mobile/13G35 Safari/601.1"
90.188.157.38 - - [27/Sep/2016:05:31:30 +0300] "GET / HTTP/1.0" 200 11522 "http://yandex.ru/clck/jsredir?from=yandex.ru%3Bsearch%2F%3Bweb%3B%3B&text=&etext=1190.YO83wXvih39xFYGSJ0lJGnxYT7WtPsex1lozIO8RfO1mdyUp9F23EBqEQaOzlErkhWhHccf8eqxb50cLjJWl3A.9672e006f019ef658574bcb4315c44ae0a5ccebc&uuid=&state=PEtFfuTeVD5kpHnK9lio9QkU1tHIaqSGmpn3NHuF9Zj6Zigwt1v0L4VbHI_8F51tJnbAghhv4pT9RExTVuyOFqeLt9lgy1Bo&data=UlNrNmk5WktYejR0eWJFYk1LdmtxbEh6cGhfMWZWTWVzMzl0SXU5bjNkbXk1cHBsSkp6MDZnS3BsckpTSlBIWFhFeXlmaFlMYUhwUDRNaTI0T2poTnBfRVZKaWctTWx3MlVjQ2xiUnBYWlk&b64e=2&sign=b04fcac8b1446e40f7697a87b252ba42&keyno=0&cst=AiuY0DBWFJ7q0qcCggtsKSR4KdoG92Ch20EoXbPaZoA1sOPR5F5JX5yPUBixmuMHDKfzfaVAUkSjWFdLXDcrDI3i_h9MkBxU96p5dXK5CvsuSKe4iOGxvUg2be4gmDOeC_yyEVAqFX6l0F-mMeKrGbVHafnh-sjLf8JV4tlpS1YVyFrXN2ksnnGVtpninXZkjCNtxFu74a-bMKg4SXGpfds9oEPBVZiBAuhj7KkeWAVYkFcRtasz366xJyb-EoRgrAD8636OwaPxqH9lKD6kNdLORJxiUGxyFvXAC-6jRr_XNIm-meqMC_wGnpi_fGX3Xf2l2UX70WZ8uN0xl3ADgLvDoLjX0bQn598Hz6to2o7Wfgj4Ygndp_YXTEinSBT4wRtQbSzGeJdI6mZ_SeO54VtjcYlFokhagQzenBKUv98vxZJ70eTTL-Q-YGNzNE2VWKVKHIDx-6_aVDMwmrJX3GHEUB8DZjZY7iEsBYRPJXMYvvLwr4i_ziun_4A4b776INkEqbLZUCbPdfkEZGmaKQ&ref=orjY4mGPRjk5boDnW0uvlrrd71vZw9kpdzCia4ettjd1AyLXLyQIrXGGtpEEekxB-6t1tES3Z7vwOdtIN9sY5tI4y7O_9FuuuTK39MTXQ_oSge5ivA7gVB4doj85Ecme40sQouCKfsF_s4A4EcDD4VMSDXlfTlIaK4GcFsNHj9ztgeEN4Y8RMlWwwTPlrLIM7ncZ-aiF81mDTwoyLMxHcjofPMmvQh3FIRMo6rhkk54&l10n=ru&cts=1474939907918&mc=2" "Mozilla/5.0 (Macintosh; Intel Mac OS X 10.8; rv:48.0) Gecko/20100101 Firefox/48.0"
90.188.157.38 - - [27/Sep/2016:05:31:33 +0300] "GET /images/favicon.ico HTTP/1.0" 200 1150 "-" "Mozilla/5.0 (Macintosh; Intel Mac OS X 10.8; rv:48.0) Gecko/20100101 Firefox/48.0"
90.188.157.38 - - [27/Sep/2016:05:32:06 +0300] "GET /cinemaTicket/showtimes HTTP/1.0" 200 26678 "http://www.kristall-kino.ru/" "Mozilla/5.0 (Macintosh; Intel Mac OS X 10.8; rv:48.0) Gecko/20100101 Firefox/48.0"
188.232.188.98 - - [27/Sep/2016:05:32:15 +0300] "GET / HTTP/1.0" 200 11522 "-" "Mozilla/5.0 (compatible; MSIE 10.0; Windows NT 6.1; Win64; x64; Trident/6.0)"
178.154.149.7 - - [27/Sep/2016:05:32:15 +0300] "GET /cinema/film/481 HTTP/1.0" 200 8087 "-" "Mozilla/5.0 (compatible; YandexBot/3.0; +http://yandex.com/bots)"
90.188.157.38 - - [27/Sep/2016:05:32:38 +0300] "GET /cinema/soon HTTP/1.0" 200 8534 "http://www.kristall-kino.ru/cinemaTicket/showtimes" "Mozilla/5.0 (Macintosh; Intel Mac OS X 10.8; rv:48.0) Gecko/20100101 Firefox/48.0"
178.154.149.7 - - [27/Sep/2016:05:32:53 +0300] "GET /cinemaTicket/hall/48649 HTTP/1.0" 200 39381 "-" "Mozilla/5.0 (compatible; YandexBot/3.0; +http://yandex.com/bots)"
217.118.79.36 - - [27/Sep/2016:05:35:49 +0300] "GET /cinema/film/786 HTTP/1.0" 200 9091 "http://kristall-kino.ru/" "Mozilla/5.0 (Linux; Android 5.1.1; D5503 Build/14.6.A.1.236) AppleWebKit/537.36 (KHTML, like Gecko) Chrome/53.0.2785.124 Mobile Safari/537.36"
217.118.79.36 - - [27/Sep/2016:05:35:50 +0300] "GET / HTTP/1.0" 200 11522 "-" "Mozilla/5.0 (Linux; Android 5.1.1; D5503 Build/14.6.A.1.236) AppleWebKit/537.36 (KHTML, like Gecko) Chrome/53.0.2785.124 Mobile Safari/537.36"
66.249.66.186 - - [27/Sep/2016:05:35:57 +0300] "GET /cinemaTicket/hall/48422 HTTP/1.0" 404 6043 "-" "Mozilla/5.0 (compatible; Googlebot/2.1; +http://www.google.com/bot.html)"
95.221.214.165 - - [27/Sep/2016:05:37:06 +0300] "GET /user/login HTTP/1.0" 200 10236 "http://yandex.ru/clck/jsredir?from=yandex.ru%3Bsearch%3Bweb%3B%3B&text=&etext=1190.hC4EQTRC2GjW1v0ZpPCRW9u4bxrDen6Uc4IrCXV3FN2G88loMyAjkW56un0eLJaj.fe9898c49afaeec0d90bfd9dc780a44ef1cfa39a&uuid=&state=_BLhILn4SxNIvvL0W45KSic66uCIg23qh8iRG98qeIXmeppkgUc0YMIVJNtoWDTa6Ctl47TPu5I&data=UlNrNmk5WktYejR0eWJFYk1LdmtxbEh6cGhfMWZWTWVzMzl0SXU5bjNkbXk1cHBsSkp6MDZrNF9fRVRVOGRaN1YwUGhsdDBoVDJuMHhUU2tubWN3VGVadDRyNWhFM3BtUUkxM2JFUHFlb05OTW83T1YtTVlyTG1rdTBiWUE4ck4&b64e=2&sign=e949912abe9ccd67bbfdf6158f64cd7a&keyno=0&cst=AiuY0DBWFJ7IXge4WdYJQYP93XfrtkbaDtSWpngVmWs_DFaFhXV6xMAk4ONfJW_JuhQ_leRasu-lsNOzlonGz9m-kxJh7_0kLA_IKcDuG2eEKuHOCEQfoYzdrfjiEXPaMfIj-jtNWcPm9Kl8SEJpa8k9OvAyN981&ref=orjY4mGPRjk5boDnW0uvlrrd71vZw9kp5uQozpMtKCVm8MziB04YNTVtg4GQEoHqhz0sR9u5zXFCXcm55IY2UB4dcU7dGpUzMmZ5tXzeb93JGUXMe_UPevKWXgUVbB9H&l10n=ru&cts=1474942532999&mc=0" "Opera/9.80 (J2ME/MIDP; Opera Mini/4.4.28000/28.2647; U; ru) Presto/2.8.119 Version/11.10"
95.221.214.165 - - [27/Sep/2016:05:37:07 +0300] "GET /flash/baner.swf HTTP/1.0" 200 5330 "http://www.kristall-kino.ru/user/login" "Opera/9.80 (J2ME/MIDP; Opera Mini/4.4.28000/28.2647; U; ru) Presto/2.8.119 Version/11.10"
68.180.230.225 - - [27/Sep/2016:05:37:33 +0300] "GET /cinema/film/451 HTTP/1.0" 200 7854 "-" "Mozilla/5.0 (compatible; Yahoo! Slurp; http://help.yahoo.com/help/us/ysearch/slurp)"
66.249.66.189 - - [27/Sep/2016:05:37:38 +0300] "GET /cinemaTicket/hall/48423 HTTP/1.0" 404 6043 "-" "Mozilla/5.0 (compatible; Googlebot/2.1; +http://www.google.com/bot.html)"
5.248.238.110 - - [27/Sep/2016:05:39:15 +0300] "GET / HTTP/1.0" 200 11522 "http://sarf3omlat.com/" "Mozilla/4.0 (compatible; MSIE 6.0; Windows NT 5.1) Netscape/8.0.4"
5.248.238.110 - - [27/Sep/2016:05:39:15 +0300] "GET / HTTP/1.0" 200 11522 "http://sarf3omlat.com/" "Mozilla/4.0 (compatible; MSIE 6.0; Windows NT 5.1) Netscape/8.0.4"
5.248.238.110 - - [27/Sep/2016:05:39:15 +0300] "GET / HTTP/1.0" 200 11522 "http://sarf3omlat.com/" "Mozilla/4.0 (compatible; MSIE 6.0; Windows NT 5.1) Netscape/8.0.4"
217.118.79.37 - - [27/Sep/2016:05:39:27 +0300] "GET /cinemaTicket/showtimes HTTP/1.0" 200 26678 "https://www.google.ru/" "Mozilla/5.0 (Linux; Android 4.2.1; Lenovo S920_ROW Build/JOP40D) AppleWebKit/537.36 (KHTML, like Gecko) Chrome/39.0.2171.93 Mobile Safari/537.36"
217.118.79.37 - - [27/Sep/2016:05:39:43 +0300] "GET /images/favicon.ico HTTP/1.0" 200 1150 "-" "Mozilla/5.0 (Linux; Android 4.2.1; Lenovo S920_ROW Build/JOP40D) AppleWebKit/537.36 (KHTML, like Gecko) Chrome/39.0.2171.93 Mobile Safari/537.36"
176.59.141.54 - - [27/Sep/2016:05:41:12 +0300] "GET / HTTP/1.0" 200 11522 "android-app://com.google.android.googlequicksearchbox" "Mozilla/5.0 (Linux; Android 4.4.2; 4024D Build/KOT49H) AppleWebKit/537.36 (KHTML, like Gecko) Chrome/53.0.2785.124 Mobile Safari/537.36"
95.189.128.163 - - [27/Sep/2016:05:41:22 +0300] "GET / HTTP/1.0" 200 11522 "-" "Mozilla/5.0 (Windows NT 6.1) AppleWebKit/537.36 (KHTML, like Gecko) Chrome/52.0.2743.116 YaBrowser/16.9.1.1192 Yowser/2.5 Safari/537.36"
95.189.128.163 - - [27/Sep/2016:05:41:36 +0300] "GET /cinema/film/786 HTTP/1.0" 200 9091 "http://kristall-kino.ru/" "Mozilla/5.0 (Windows NT 6.1) AppleWebKit/537.36 (KHTML, like Gecko) Chrome/52.0.2743.116 YaBrowser/16.9.1.1192 Yowser/2.5 Safari/537.36"
95.189.128.163 - - [27/Sep/2016:05:41:37 +0300] "GET /flash/player.swf HTTP/1.0" 200 91375 "http://kristall-kino.ru/cinema/film/786" "Mozilla/5.0 (Windows NT 6.1) AppleWebKit/537.36 (KHTML, like Gecko) Chrome/52.0.2743.116 YaBrowser/16.9.1.1192 Yowser/2.5 Safari/537.36"
81.23.192.118 - - [27/Sep/2016:05:41:56 +0300] "GET /cinemaTicket/showtimes HTTP/1.0" 200 26678 "https://www.google.ru/" "Mozilla/5.0 (Windows NT 5.1) AppleWebKit/537.36 (KHTML, like Gecko) Chrome/49.0.2623.112 Safari/537.36"
81.23.192.118 - - [27/Sep/2016:05:42:01 +0300] "GET /flash/baner.swf HTTP/1.0" 200 5330 "http://kristall-kino.ru/cinemaTicket/showtimes" "Mozilla/5.0 (Windows NT 5.1) AppleWebKit/537.36 (KHTML, like Gecko) Chrome/49.0.2623.112 Safari/537.36"
81.23.192.118 - - [27/Sep/2016:05:42:01 +0300] "GET /images/favicon.ico HTTP/1.0" 200 1150 "http://kristall-kino.ru/cinemaTicket/showtimes" "Mozilla/5.0 (Windows NT 5.1) AppleWebKit/537.36 (KHTML, like Gecko) Chrome/49.0.2623.112 Safari/537.36"
2.93.129.16 - - [27/Sep/2016:05:42:03 +0300] "GET / HTTP/1.0" 200 11522 "-" "Mozilla/5.0 (Linux; Android 6.0; LG-H502 Build/MRA58K) AppleWebKit/537.36 (KHTML, like Gecko) Chrome/52.0.2743.98 Mobile Safari/537.36"
2.93.129.16 - - [27/Sep/2016:05:42:06 +0300] "GET /images/favicon.ico HTTP/1.0" 200 1150 "http://kristall-kino.ru/" "Mozilla/5.0 (Linux; Android 6.0; LG-H502 Build/MRA58K) AppleWebKit/537.36 (KHTML, like Gecko) Chrome/52.0.2743.98 Mobile Safari/537.36"
217.25.210.90 - - [27/Sep/2016:05:42:19 +0300] "GET / HTTP/1.0" 200 11522 "http://yandex.ru/clck/jsredir?from=yandex.ru%3Byandsearch%3Bweb%3B%3B&text=&etext=1190.Etg-0I1eDWd9RA2e1rm9xd39A-cOxueWH-QRbKmgNxWt5pVA1C8wTOO8fhMbywfp.efac231c73a4c47e81e874d5479798022e3976f6&uuid=&state=PEtFfuTeVD5kpHnK9lio9QkU1tHIaqSGmpn3NHuF9ZjniEoLHCitsET0dnRqoXpa3QwFIVjfBQh4NwbGCVaOBsI2ExuiqZi9xgG-fgGdBu7255Sqb0VamiMpzshkrvY2&data=UlNrNmk5WktYejR0eWJFYk1LdmtxbEh6cGhfMWZWTWVzMzl0SXU5bjNkbXk1cHBsSkp6MDZnS3BsckpTSlBIWFh5dENWeTBqVVVqRm9YV1IweW9uT0c0QTBOVm1yMllEZ0FMd05wUzNTNHM&b64e=2&sign=63092d98a316722dd53f83377d5b0963&keyno=0&cst=AiuY0DBWFJ7q0qcCggtsKcU7CgE5Xw3qR8ypFfOH1amFreB_OePM3IlCqDW7qQyuxdr9KnmGcnbejZSEVE36adGNwrB7lzrV4_zlZA0eoHo0rty_rUR0RXd6jCIYmTzmZEcm7DXeiaHjn1VceJCwkXmlfZG3EqWYvOJWzbqDvVmp03d0tFEOX6GGPqDh2ZnklpBQbk5bj1D9NeJpnWAH7vHrIFY8ccUcK08jIyOssdQV6gwe5IbnJ3ihqMGlTNob52v-NeJ9l3eaheqOwNT-Pxr_IuWJpjbgzS1j_FGf-rVsKQjoCN-72aUHHxPnbLZsDZtUpKmi1x_eisxTWxT7EZ_LGLfQhhULBFtyKfuv1a89St5NbM1hmM7ATNik0R1eWsqSIRsbzlclI5REMuHIFpHvGGcfXTvn5-k4MHUyfTk8aDQRxMQOAMeuecgtdDL8AIV-vC6YRzw2ZoJwXjQdtf7t9TAAQDY9jSM9WkNFsr6Ggk4t-nVzaRFoGzwHwOj_JAoiIFXv0-uhSLZ0j1VPFZr0NwA_rSTMwhbLoZ1bdO4YVZ6bUJxQL3MI4XsSA0KhXMQm9W3E0v3EaG-rp87zVx6PCEKfqjW5KUBDbwq3A22HIEW77B1S96mJYQc1K9S-LaoOjViF2XtmIlpCJudEcWBkB4o5dwwQbws8jDe_kgg&ref=orjY4mGPRjk5boDnW0uvlpAgqs5Jg3quKLfGKhgcZzla6lzfv0JtJoo4T7nVMmhR2DQJfSiOGOTi1j8unkrkom5a0F5FR7x27s0J5RB2xhBl4o_v1hLtuvDWx3GMupem6U62zc5YZjwkNdVlL8Rt7Kszur_DxxWznpgAVd1bpH4&l10n=ru&cts=1474944135966&mc=1" "Mozilla/5.0 (Windows NT 6.3; Win64; x64) AppleWebKit/537.36 (KHTML, like Gecko) Chrome/53.0.2785.116 Safari/537.36"
2.93.129.16 - - [27/Sep/2016:05:42:24 +0300] "GET /cinema/film/794 HTTP/1.0" 200 9435 "http://kristall-kino.ru/" "Mozilla/5.0 (Linux; Android 6.0; LG-H502 Build/MRA58K) AppleWebKit/537.36 (KHTML, like Gecko) Chrome/52.0.2743.98 Mobile Safari/537.36"
2.93.129.16 - - [27/Sep/2016:05:42:37 +0300] "GET /cinemaTicket/hall/48645 HTTP/1.0" 200 39401 "http://kristall-kino.ru/cinema/film/794" "Mozilla/5.0 (Linux; Android 6.0; LG-H502 Build/MRA58K) AppleWebKit/537.36 (KHTML, like Gecko) Chrome/52.0.2743.98 Mobile Safari/537.36"
176.59.141.54 - - [27/Sep/2016:05:42:55 +0300] "GET /cinemaTicket/showtimes HTTP/1.0" 200 26678 "http://kristall-kino.ru/" "Mozilla/5.0 (Linux; Android 4.4.2; 4024D Build/KOT49H) AppleWebKit/537.36 (KHTML, like Gecko) Chrome/53.0.2785.124 Mobile Safari/537.36"
176.59.141.54 - - [27/Sep/2016:05:42:55 +0300] "GET /images/favicon.ico HTTP/1.0" 200 1150 "http://kristall-kino.ru/" "Mozilla/5.0 (Linux; Android 4.4.2; 4024D Build/KOT49H) AppleWebKit/537.36 (KHTML, like Gecko) Chrome/53.0.2785.124 Mobile Safari/537.36"
176.59.141.54 - - [27/Sep/2016:05:42:56 +0300] "GET /images/favicon.ico HTTP/1.0" 200 1150 "http://kristall-kino.ru/cinemaTicket/showtimes" "Mozilla/5.0 (Linux; Android 4.4.2; 4024D Build/KOT49H) AppleWebKit/537.36 (KHTML, like Gecko) Chrome/53.0.2785.124 Mobile Safari/537.36"
176.59.141.54 - - [27/Sep/2016:05:43:04 +0300] "GET /cinemaTicket/showtimes/list/date/01.10.2016 HTTP/1.0" 200 25269 "http://kristall-kino.ru/cinemaTicket/showtimes" "Mozilla/5.0 (Linux; Android 4.4.2; 4024D Build/KOT49H) AppleWebKit/537.36 (KHTML, like Gecko) Chrome/53.0.2785.124 Mobile Safari/537.36"
2.93.129.16 - - [27/Sep/2016:05:43:11 +0300] "GET /cinema/film/794 HTTP/1.0" 200 9435 "http://kristall-kino.ru/" "Mozilla/5.0 (Linux; Android 6.0; LG-H502 Build/MRA58K) AppleWebKit/537.36 (KHTML, like Gecko) Chrome/52.0.2743.98 Mobile Safari/537.36"
217.25.210.90 - - [27/Sep/2016:05:43:13 +0300] "GET /cinema/film/786 HTTP/1.0" 200 9095 "http://www.kristall-kino.ru/" "Mozilla/5.0 (Windows NT 6.3; Win64; x64) AppleWebKit/537.36 (KHTML, like Gecko) Chrome/53.0.2785.116 Safari/537.36"
217.25.210.90 - - [27/Sep/2016:05:43:16 +0300] "GET /flash/player.swf HTTP/1.0" 200 91375 "http://www.kristall-kino.ru/cinema/film/786" "Mozilla/5.0 (Windows NT 6.3; Win64; x64) AppleWebKit/537.36 (KHTML, like Gecko) Chrome/53.0.2785.116 Safari/537.36"
2.93.129.16 - - [27/Sep/2016:05:43:17 +0300] "GET / HTTP/1.0" 200 11522 "-" "Mozilla/5.0 (Linux; Android 6.0; LG-H502 Build/MRA58K) AppleWebKit/537.36 (KHTML, like Gecko) Chrome/52.0.2743.98 Mobile Safari/537.36"
176.59.3.194 - - [27/Sep/2016:05:43:18 +0300] "GET /cinema/film/789 HTTP/1.0" 200 8646 "http://kristall-kino.ru/cinemaTicket/showtimes" "Mozilla/5.0 (iPad; CPU OS 9_3_3 like Mac OS X) AppleWebKit/601.1 (KHTML, like Gecko) CriOS/53.0.2785.86 Mobile/13G34 Safari/601.1.46"
2.93.129.16 - - [27/Sep/2016:05:43:20 +0300] "GET /cinema/film/791 HTTP/1.0" 200 9226 "http://kristall-kino.ru/" "Mozilla/5.0 (Linux; Android 6.0; LG-H502 Build/MRA58K) AppleWebKit/537.36 (KHTML, like Gecko) Chrome/52.0.2743.98 Mobile Safari/537.36"
188.232.230.118 - - [27/Sep/2016:05:43:21 +0300] "GET /favicon.ico HTTP/1.0" 404 6043 "-" "Mozilla/5.0 (Windows NT 6.1; WOW64) AppleWebKit/537.36 (KHTML, like Gecko) Chrome/52.0.2743.116 YaBrowser/16.9.1.1131 Yowser/2.5 Safari/537.36"
2.93.129.16 - - [27/Sep/2016:05:43:23 +0300] "GET / HTTP/1.0" 200 11522 "-" "Mozilla/5.0 (Linux; Android 6.0; LG-H502 Build/MRA58K) AppleWebKit/537.36 (KHTML, like Gecko) Chrome/52.0.2743.98 Mobile Safari/537.36"
176.59.3.194 - - [27/Sep/2016:05:43:25 +0300] "GET /images/favicon.ico HTTP/1.0" 200 1150 "-" "Mozilla/5.0 (iPad; CPU OS 9_3_3 like Mac OS X) AppleWebKit/601.1 (KHTML, like Gecko) CriOS/53.0.2785.86 Mobile/13G34 Safari/601.1.46"
188.232.230.118 - - [27/Sep/2016:05:44:09 +0300] "GET /favicon.ico HTTP/1.0" 404 6043 "-" "Mozilla/5.0 (Windows NT 6.1; WOW64) AppleWebKit/537.36 (KHTML, like Gecko) Chrome/52.0.2743.116 YaBrowser/16.9.1.1131 Yowser/2.5 Safari/537.36"
81.23.192.118 - - [27/Sep/2016:05:44:13 +0300] "GET /cinemaTicket/showtimes/list/date/28.09.2016 HTTP/1.0" 200 26678 "http://kristall-kino.ru/cinemaTicket/showtimes" "Mozilla/5.0 (Windows NT 5.1) AppleWebKit/537.36 (KHTML, like Gecko) Chrome/49.0.2623.112 Safari/537.36"
178.154.149.7 - - [27/Sep/2016:05:44:16 +0300] "GET /cinemaTicket/hall/48530 HTTP/1.0" 404 6043 "-" "Mozilla/5.0 (compatible; YandexBot/3.0; +http://yandex.com/bots)"
176.59.141.54 - - [27/Sep/2016:05:44:26 +0300] "GET / HTTP/1.0" 200 11522 "android-app://com.google.android.googlequicksearchbox" "Mozilla/5.0 (Linux; Android 4.4.2; 4024D Build/KOT49H) AppleWebKit/537.36 (KHTML, like Gecko) Chrome/53.0.2785.124 Mobile Safari/537.36"
81.23.192.118 - - [27/Sep/2016:05:44:40 +0300] "GET /cinema/soon HTTP/1.0" 200 8534 "http://kristall-kino.ru/cinemaTicket/showtimes/list/date/28.09.2016" "Mozilla/5.0 (Windows NT 5.1) AppleWebKit/537.36 (KHTML, like Gecko) Chrome/49.0.2623.112 Safari/537.36"
188.232.230.118 - - [27/Sep/2016:05:45:09 +0300] "GET /favicon.ico HTTP/1.0" 404 6043 "-" "Mozilla/5.0 (Windows NT 6.1; WOW64) AppleWebKit/537.36 (KHTML, like Gecko) Chrome/52.0.2743.116 YaBrowser/16.9.1.1131 Yowser/2.5 Safari/537.36"
81.23.192.118 - - [27/Sep/2016:05:45:12 +0300] "GET /cinema/film/795 HTTP/1.0" 200 7628 "http://kristall-kino.ru/cinema/soon" "Mozilla/5.0 (Windows NT 5.1) AppleWebKit/537.36 (KHTML, like Gecko) Chrome/49.0.2623.112 Safari/537.36"
81.23.192.118 - - [27/Sep/2016:05:45:13 +0300] "GET /flash/player.swf HTTP/1.0" 200 91375 "http://kristall-kino.ru/cinema/film/795" "Mozilla/5.0 (Windows NT 5.1) AppleWebKit/537.36 (KHTML, like Gecko) Chrome/49.0.2623.112 Safari/537.36"
94.137.22.18 - - [27/Sep/2016:05:45:48 +0300] "GET / HTTP/1.0" 200 11522 "http://yandex.ru/clck/jsredir?from=yandex.ru%3Byandsearch%3Bweb%3B%3B&text=&etext=1190.SMhEF8_wyDShnl3KT7Pi0fteB68Na6aAiCiTY1LfHfk.dd1c3b18c042b9cd84808f7697cce376b72bc0db&uuid=&state=PEtFfuTeVD5kpHnK9lio9QkU1tHIaqSGmpn3NHuF9Zj6Zigwt1v0L4VbHI_8F51tJnbAghhv4pT9RExTVuyOFqeLt9lgy1Bo&data=UlNrNmk5WktYejR0eWJFYk1LdmtxbEh6cGhfMWZWTWVzMzl0SXU5bjNkbXk1cHBsSkp6MDZnS3BsckpTSlBIWHlUYTlnOWZMeE0zaWhrNi0tbHp6WldXWkJ6VDc1WWZyel83TkZUbzhrcmM&b64e=2&sign=a715dc5539070b560f75dc9b7adabe29&keyno=0&cst=AiuY0DBWFJ7q0qcCggtsKV-O0F0nIv7OAwi3IVgkFeEKpSSRD9c4w1yasRVlZBO14Mwqp1YPGT7-pHuygtpcnPtL7zPYR2QTYclW2yebkTIzqgQb8qnmVsBQOsvunj9lh39nttqM9XJnS5TgSK3DpPd2BzWxz96OdULR7iqGLki6lriaQvojgS1U83oqSVfv4AuSwrHEDFUGk2KQS0d9R-idxDZjxnpEggZMAduow32sm0yVGs2mVe5FdmCai7yfbsT0h3J-oql7M0Nc-4x_UNGMJT8DbaLrPDwNiL_jrk-3ElYwWcY7swQd1qMBu8N1&ref=orjY4mGPRjk5boDnW0uvlpAgqs5Jg3quKLfGKhgcZzlBh-w_NInSOT_i2SDny2wb9TBNfbt1TGI&l10n=ru&cts=1474944451583&mc=3.321928094887362" "Mozilla/5.0 (Windows NT 6.1; rv:49.0) Gecko/20100101 Firefox/49.0"
2.60.29.254 - - [27/Sep/2016:05:46:00 +0300] "GET /cinemaTicket/showtimes HTTP/1.0" 200 26678 "http://yandex.ru/clck/jsredir?from=yandex.ru%3Bsearch%2F%3Bweb%3B%3B&text=&etext=1190.lUxsdtt93lyjea1-afYQYGrQoV1mXwBhHQX2M5m7olpyC34ngzV9gvO2_Hhp3h9omdjO8CMrjqOc6G-tkQ1b_gQuDeR7IyME2XQ5JaAl6XzybC-bdDa4ju65KoFECh20SScG07WkFGEINVEdhAgf4kwrT9ljPL9v7BWxWTpGfTk.5d5ed4f40fd40ec291e5d9bbdf54b0f9a631e2d6&uuid=&state=PEtFfuTeVD5kpHnK9lio9bb4iM1VPfe4W5x0C0-qwflIRTTifi6VAA&data=UlNrNmk5WktYejR0eWJFYk1LdmtxbEh6cGhfMWZWTWVzMzl0SXU5bjNkbXk1cHBsSkp6MDZvT0ZVcjdjOE9tQUlZYWt4NVNZeUtGeEVSQnVvNWZmblNxSGY5TGJ4SVd3MzQ2cEZTRVV6SW5Jbl9ZVVhxTGFXdHBDSnlreXlIcGg5YXVRaDRDdUxuOA&b64e=2&sign=3a1695fe712be318554e3d40002edf54&keyno=0&cst=AiuY0DBWFJ7q0qcCggtsKWpawRjCeokZ5ifGskEoEslXClCey0nVesKU37t1-GRhZOJ1-p5G8Rf_ATh2wbXuHPyd75Ujs2I0wudbbS6iiPAvW14a6bxL0XN3vS2kiaA8zzTQL40xTrEY1uOwWC6RN8Cgp2KB108nbmAiCmQOpdvLGFA3mrbnyFGRrsz81jRO9YSXJGpr_ncmJIb9EKTe2fqeaaYSLvYTsAgvcIF3YdL9nSBW4FCvhUO_Q899pm6pM0hLSThEOVO1CVVjtR7YRYfBZ2EzyvQ7Ad85Xj9tSBSialztLkT3Q6hxt9ArppleAKjWtcvt3ZHxhkXwXvPvMHkZcAS9n5fuQsfuGYCsfOSSRHrhKMoI7wFxPZNN67yrs0pQczyoh53TDLd2m59Lusa8-wXvi93PfBEHlHroFdwa9AA8ncstB8tfjdAi0alr54cNIjAKO3GwFubKDPXGfyaaUYBBVdFtgoDuk5qztrtzWkVw4QBRB91TuyUmc1QjDa1J5tJ-vARJVdH3MEgsf83Kr6uAbZups-hK7wbIbsxcREi0WZUQYr4lheBABfo6wqcs5yt9U0sOrTDmh1OFQCoBMVQ10HBwrQBts3VEuFO7KP0t90r1ZAtMgTgLr_ZrDw5dvd6wJd1foQy6myZFP4NiYqbg0cGPaRSaq3yKf5rB4oqxnafxQ4SA95WJpo4Eg_1XpE2rYWY&ref=orjY4mGPRjk5boDnW0uvlrrd71vZw9kpRjunAaFimN1gpFl09iwMJDzkXXBTWWlQKS74F1JblBi-w7TNEv1r1OSUIBXll-TYORsMXM_KsySA3o1WECaxBeMSZthVXyfg4iT-bTNdGcmKIF8-efw0dZQpGX5u7C43KbGf0m3YC41H3VaFQnRSomEKO-KLZmgn46V0wMyReOSqKSjIPtmSOkvKLDodlcCOgNOmzwzhDnIWn0TFSxwjttTaRbHMX9eRDRSBGkIvAp5KanGeZHHN2uRRHRG2OW7XgVvncWW-ZO44LvLfu7EsXZby6vk9sxMSNYmopt0i2gHaKQPTLxCfFFuxawIVjkLxiUSNPhuklbBfWwsmlpAD7xaeuC0pwhOBhJ3gW4ODmJg_QsW5QMQPp8pn-dK3YL9uU7quT8G5fDbpxDC8Kyxa-Tu_CX3t96-Cam9gxRHLhYcmnqYwbFcGkR9B3gaXWbH-&l10n=ru&cts=1474944359038&mc=4.20184123230257" "Mozilla/5.0 (Windows NT 10.0; WOW64) AppleWebKit/537.36 (KHTML, like Gecko) Chrome/48.0.2564.95 Safari/537.36 42985"
2.60.29.254 - - [27/Sep/2016:05:46:02 +0300] "GET /images/favicon.ico HTTP/1.0" 200 1150 "http://www.kristall-kino.ru/cinemaTicket/showtimes" "Mozilla/5.0 (Windows NT 10.0; WOW64) AppleWebKit/537.36 (KHTML, like Gecko) Chrome/48.0.2564.95 Safari/537.36 42985"
188.232.230.118 - - [27/Sep/2016:05:46:09 +0300] "GET /favicon.ico HTTP/1.0" 404 6043 "-" "Mozilla/5.0 (Windows NT 6.1; WOW64) AppleWebKit/537.36 (KHTML, like Gecko) Chrome/52.0.2743.116 YaBrowser/16.9.1.1131 Yowser/2.5 Safari/537.36"
141.8.184.21 - - [27/Sep/2016:05:46:19 +0300] "GET /cinemaTicket/showtimes HTTP/1.0" 200 26678 "-" "Mozilla/5.0 (compatible; YandexBot/3.0; +http://yandex.com/bots)"
188.232.154.240 - - [27/Sep/2016:05:47:06 +0300] "GET / HTTP/1.0" 200 11522 "https://www.google.ru/" "Mozilla/5.0 (Windows NT 6.1; WOW64) AppleWebKit/537.36 (KHTML, like Gecko) Chrome/52.0.2743.116 Safari/537.36 OPR/39.0.2256.71"
188.232.154.240 - - [27/Sep/2016:05:47:08 +0300] "GET /flash/baner.swf HTTP/1.0" 200 5330 "http://kristall-kino.ru/" "Mozilla/5.0 (Windows NT 6.1; WOW64) AppleWebKit/537.36 (KHTML, like Gecko) Chrome/52.0.2743.116 Safari/537.36 OPR/39.0.2256.71"
188.232.154.240 - - [27/Sep/2016:05:47:09 +0300] "GET /images/favicon.ico HTTP/1.0" 200 1150 "http://kristall-kino.ru/" "Mozilla/5.0 (Windows NT 6.1; WOW64) AppleWebKit/537.36 (KHTML, like Gecko) Chrome/52.0.2743.116 Safari/537.36 OPR/39.0.2256.71"
188.232.230.118 - - [27/Sep/2016:05:47:09 +0300] "GET /favicon.ico HTTP/1.0" 404 6043 "-" "Mozilla/5.0 (Windows NT 6.1; WOW64) AppleWebKit/537.36 (KHTML, like Gecko) Chrome/52.0.2743.116 YaBrowser/16.9.1.1131 Yowser/2.5 Safari/537.36"
176.62.87.7 - - [27/Sep/2016:05:47:10 +0300] "GET /cinemaTicket/showtimes/list/date/29.09.2016 HTTP/1.0" 200 24720 "http://www.kristall-kino.ru/cinemaTicket/showtimes/list/date/26.09.2016" "Mozilla/5.0 (Windows NT 6.1; WOW64) AppleWebKit/537.36 (KHTML, like Gecko) Chrome/52.0.2743.116 YaBrowser/16.9.1.1131 Yowser/2.5 Safari/537.36"
2.60.29.254 - - [27/Sep/2016:05:47:19 +0300] "GET /cinema/film/794 HTTP/1.0" 200 9439 "http://www.kristall-kino.ru/cinemaTicket/showtimes" "Mozilla/5.0 (Windows NT 10.0; WOW64) AppleWebKit/537.36 (KHTML, like Gecko) Chrome/48.0.2564.95 Safari/537.36 42985"
2.60.29.254 - - [27/Sep/2016:05:47:19 +0300] "GET /flash/player.swf HTTP/1.0" 200 91375 "http://www.kristall-kino.ru/cinema/film/794" "Mozilla/5.0 (Windows NT 10.0; WOW64) AppleWebKit/537.36 (KHTML, like Gecko) Chrome/48.0.2564.95 Safari/537.36 42985"
94.137.22.18 - - [27/Sep/2016:05:47:23 +0300] "GET /cinemaTicket/showtimes HTTP/1.0" 200 26678 "http://www.kristall-kino.ru/" "Mozilla/5.0 (Windows NT 6.1; rv:49.0) Gecko/20100101 Firefox/49.0"
188.232.154.240 - - [27/Sep/2016:05:47:26 +0300] "GET /cinemaTicket/hall/48632 HTTP/1.0" 200 26244 "http://kristall-kino.ru/" "Mozilla/5.0 (Windows NT 6.1; WOW64) AppleWebKit/537.36 (KHTML, like Gecko) Chrome/52.0.2743.116 Safari/537.36 OPR/39.0.2256.71"
188.162.86.144 - - [27/Sep/2016:05:47:30 +0300] "GET /cinemaTicket/showtimes/list/date/28.09.2016 HTTP/1.0" 200 26678 "http://kristall-kino.ru/cinemaTicket/showtimes" "Mozilla/5.0 (Linux; Android 5.0; SAMSUNG SM-G900FD Build/LRX21T) AppleWebKit/537.36 (KHTML, like Gecko) SamsungBrowser/2.1 Chrome/34.0.1847.76 Mobile Safari/537.36"
94.137.22.18 - - [27/Sep/2016:05:47:38 +0300] "GET /cinemaTicket/showtimes/list/date/02.10.2016 HTTP/1.0" 200 24720 "http://www.kristall-kino.ru/cinemaTicket/showtimes" "Mozilla/5.0 (Windows NT 6.1; rv:49.0) Gecko/20100101 Firefox/49.0"
188.232.154.240 - - [27/Sep/2016:05:47:45 +0300] "GET / HTTP/1.0" 200 11522 "https://www.google.ru/" "Mozilla/5.0 (Windows NT 6.1; WOW64) AppleWebKit/537.36 (KHTML, like Gecko) Chrome/52.0.2743.116 Safari/537.36 OPR/39.0.2256.71"
188.232.154.240 - - [27/Sep/2016:05:47:48 +0300] "GET /cinemaTicket/hall/48647 HTTP/1.0" 200 24192 "http://kristall-kino.ru/" "Mozilla/5.0 (Windows NT 6.1; WOW64) AppleWebKit/537.36 (KHTML, like Gecko) Chrome/52.0.2743.116 Safari/537.36 OPR/39.0.2256.71"
188.232.230.118 - - [27/Sep/2016:05:48:09 +0300] "GET /favicon.ico HTTP/1.0" 404 6043 "-" "Mozilla/5.0 (Windows NT 6.1; WOW64) AppleWebKit/537.36 (KHTML, like Gecko) Chrome/52.0.2743.116 YaBrowser/16.9.1.1131 Yowser/2.5 Safari/537.36"
188.232.230.118 - - [27/Sep/2016:05:49:09 +0300] "GET /favicon.ico HTTP/1.0" 404 6043 "-" "Mozilla/5.0 (Windows NT 6.1; WOW64) AppleWebKit/537.36 (KHTML, like Gecko) Chrome/52.0.2743.116 YaBrowser/16.9.1.1131 Yowser/2.5 Safari/537.36"
178.74.74.247 - - [27/Sep/2016:05:49:16 +0300] "GET / HTTP/1.0" 200 11522 "https://www.google.ru/" "Mozilla/5.0 (Windows NT 6.1; WOW64) AppleWebKit/537.36 (KHTML, like Gecko) Chrome/53.0.2785.116 Safari/537.36"
178.74.74.247 - - [27/Sep/2016:05:49:19 +0300] "GET /flash/baner.swf HTTP/1.0" 200 5330 "http://kristall-kino.ru/" "Mozilla/5.0 (Windows NT 6.1; WOW64) AppleWebKit/537.36 (KHTML, like Gecko) Chrome/53.0.2785.116 Safari/537.36"
178.74.74.247 - - [27/Sep/2016:05:49:21 +0300] "GET /images/favicon.ico HTTP/1.0" 200 1150 "http://kristall-kino.ru/" "Mozilla/5.0 (Windows NT 6.1; WOW64) AppleWebKit/537.36 (KHTML, like Gecko) Chrome/53.0.2785.116 Safari/537.36"
95.189.128.163 - - [27/Sep/2016:05:49:21 +0300] "GET /cinemaTicket/hall/48633 HTTP/1.0" 200 23289 "http://kristall-kino.ru/cinema/film/786" "Mozilla/5.0 (Windows NT 6.1) AppleWebKit/537.36 (KHTML, like Gecko) Chrome/52.0.2743.116 YaBrowser/16.9.1.1192 Yowser/2.5 Safari/537.36"
109.120.13.54 - - [27/Sep/2016:05:49:56 +0300] "GET / HTTP/1.0" 200 11522 "http://yandex.ru/clck/jsredir?from=yandex.ru%3Bsearch%2Fpad%2F%3Bweb%3B%3B&text=&etext=1190.viv_UggthvwmUHlzKA-Qlt1zruMRwuC7jAgVyRd4MpPPZt7uIqLrigYTT150Nr4d.459cbd9baea3d6ee3be8f6199fb7458ebd8ae383&uuid=&state=PEtFfuTeVD5kpHnK9lio9QkU1tHIaqSGmpn3NHuF9Zj6Zigwt1v0L_s0wCyGSAqoRkKgIikwrCSHb4Dq4jXBopAeRzm7KvCYAzsm_n0symgfwwo_Zczug25ehTMBkCGp9yh53Lyex08&data=UlNrNmk5WktYejR0eWJFYk1LdmtxbEh6cGhfMWZWTWVzMzl0SXU5bjNkbXk1cHBsSkp6MDZnS3BsckpTSlBIWG1wS3RQY08wOWVYaU11Rzl4R3FhakNzdXhaaDh3N3FsYXY2dHNObU16bFU&b64e=2&sign=9607551298f44342355e2ead6a9bd2c6&keyno=0&cst=AiuY0DBWFJ7q0qcCggtsKfHM2byTvhoEBp4sIASFgLXxIQWUJL6ryxbF2h4Xhlq9zgAifRGZCT3aP71ecrirDK9-kT51_iZHzDEsJZK0scTXT7YCvLPxC-9X8HezFhZlX0fKAOCicHBG4YyZ_LM_NGZtVfj0muK60ZZWAs-M6ub8QatHtWJ4MYqLmAHG6Ji7buJlniWBkXbJpsxcCsX5ZYkBcXFTHYtsQfTUUloAfwSKLWWGTxJCmxInamlL2HkDd4IXEu9NPUy1PeSOht3rzzxO8825QmLABy4T7eKtp8eVWNLj9McshYGguH7N3Rpaw4FxZBkNRjo&ref=orjY4mGPRjk5boDnW0uvlrrd71vZw9kpAKCRFxv1axcieMARN_aj1IY-UD8KU8znP3b2BDo0fRUoHcBc43Fwv9PFwpDgyoHDuNCbOErKRDLqsbONsIEoWV8RWabC399j0_5R_0WZ100fx3y6uIh1mFn5KdONU8sRjqabvcdoszP4dZBYM_4aFwKvOoH9XF2w4dY6MQoRrxJLysOpnpfkgA&l10n=ru&cts=1474944595601" "Mozilla/5.0 (Linux; Android 5.1.1; Orion R68G Build/LMY49F) AppleWebKit/537.36 (KHTML, like Gecko) Chrome/50.0.2661.102 YaBrowser/16.6.0.8810.01 Safari/537.36"
188.232.224.32 - - [27/Sep/2016:05:49:56 +0300] "GET /favicon.ico HTTP/1.0" 404 6043 "-" "Mozilla/5.0 (Windows NT 10.0) AppleWebKit/537.36 (KHTML, like Gecko) Chrome/52.0.2743.116 YaBrowser/16.9.1.1131 Yowser/2.5 Safari/537.36"
188.232.224.32 - - [27/Sep/2016:05:49:56 +0300] "GET /favicon.ico HTTP/1.0" 404 6043 "-" "Mozilla/5.0 (Windows NT 10.0) AppleWebKit/537.36 (KHTML, like Gecko) Chrome/52.0.2743.116 YaBrowser/16.9.1.1131 Yowser/2.5 Safari/537.36"
176.62.87.7 - - [27/Sep/2016:05:49:58 +0300] "GET /cinemaTicket/hall/48700 HTTP/1.0" 200 38609 "http://www.kristall-kino.ru/cinemaTicket/showtimes/list/date/29.09.2016" "Mozilla/5.0 (Windows NT 6.1; WOW64) AppleWebKit/537.36 (KHTML, like Gecko) Chrome/52.0.2743.116 YaBrowser/16.9.1.1131 Yowser/2.5 Safari/537.36"
176.62.87.7 - - [27/Sep/2016:05:50:06 +0300] "GET /cinemaTicket/showtimes/list/date/29.09.2016 HTTP/1.0" 200 24720 "http://www.kristall-kino.ru/cinemaTicket/showtimes/list/date/26.09.2016" "Mozilla/5.0 (Windows NT 6.1; WOW64) AppleWebKit/537.36 (KHTML, like Gecko) Chrome/52.0.2743.116 YaBrowser/16.9.1.1131 Yowser/2.5 Safari/537.36"
176.62.87.7 - - [27/Sep/2016:05:50:08 +0300] "GET /cinemaTicket/hall/48701 HTTP/1.0" 200 39365 "http://www.kristall-kino.ru/cinemaTicket/showtimes/list/date/29.09.2016" "Mozilla/5.0 (Windows NT 6.1; WOW64) AppleWebKit/537.36 (KHTML, like Gecko) Chrome/52.0.2743.116 YaBrowser/16.9.1.1131 Yowser/2.5 Safari/537.36"
188.232.230.118 - - [27/Sep/2016:05:50:09 +0300] "GET /favicon.ico HTTP/1.0" 404 6043 "-" "Mozilla/5.0 (Windows NT 6.1; WOW64) AppleWebKit/537.36 (KHTML, like Gecko) Chrome/52.0.2743.116 YaBrowser/16.9.1.1131 Yowser/2.5 Safari/537.36"
176.62.87.7 - - [27/Sep/2016:05:50:19 +0300] "GET /cinemaTicket/hall/48696 HTTP/1.0" 200 26210 "http://www.kristall-kino.ru/cinemaTicket/showtimes/list/date/29.09.2016" "Mozilla/5.0 (Windows NT 6.1; WOW64) AppleWebKit/537.36 (KHTML, like Gecko) Chrome/52.0.2743.116 YaBrowser/16.9.1.1131 Yowser/2.5 Safari/537.36"
213.87.127.232 - - [27/Sep/2016:05:50:27 +0300] "GET / HTTP/1.0" 200 11522 "https://www.google.ru/" "Mozilla/5.0 (iPhone; CPU iPhone OS 9_3_2 like Mac OS X) AppleWebKit/601.1.46 (KHTML, like Gecko) Version/9.0 Mobile/13F69 Safari/601.1"
176.62.87.7 - - [27/Sep/2016:05:50:29 +0300] "GET /cinemaTicket/hall/48694 HTTP/1.0" 200 27078 "http://www.kristall-kino.ru/cinemaTicket/showtimes/list/date/29.09.2016" "Mozilla/5.0 (Windows NT 6.1; WOW64) AppleWebKit/537.36 (KHTML, like Gecko) Chrome/52.0.2743.116 YaBrowser/16.9.1.1131 Yowser/2.5 Safari/537.36"
176.62.87.7 - - [27/Sep/2016:05:50:36 +0300] "GET /cinemaTicket/hall/48708 HTTP/1.0" 200 23444 "http://www.kristall-kino.ru/cinemaTicket/showtimes/list/date/29.09.2016" "Mozilla/5.0 (Windows NT 6.1; WOW64) AppleWebKit/537.36 (KHTML, like Gecko) Chrome/52.0.2743.116 YaBrowser/16.9.1.1131 Yowser/2.5 Safari/537.36"
176.62.87.7 - - [27/Sep/2016:05:50:41 +0300] "GET /cinemaTicket/hall/48678 HTTP/1.0" 200 27054 "http://www.kristall-kino.ru/cinemaTicket/showtimes/list/date/29.09.2016" "Mozilla/5.0 (Windows NT 6.1; WOW64) AppleWebKit/537.36 (KHTML, like Gecko) Chrome/52.0.2743.116 YaBrowser/16.9.1.1131 Yowser/2.5 Safari/537.36"
217.118.79.37 - - [27/Sep/2016:05:50:58 +0300] "GET /cinemaTicket/showtimes HTTP/1.0" 200 26130 "https://www.google.ru/" "Mozilla/5.0 (Linux; Android 4.2.1; Lenovo S920_ROW Build/JOP40D) AppleWebKit/537.36 (KHTML, like Gecko) Chrome/39.0.2171.93 Mobile Safari/537.36"
188.232.230.118 - - [27/Sep/2016:05:51:09 +0300] "GET /favicon.ico HTTP/1.0" 404 6043 "-" "Mozilla/5.0 (Windows NT 6.1; WOW64) AppleWebKit/537.36 (KHTML, like Gecko) Chrome/52.0.2743.116 YaBrowser/16.9.1.1131 Yowser/2.5 Safari/537.36"
213.87.127.232 - - [27/Sep/2016:05:51:45 +0300] "GET /cinema/film/785 HTTP/1.0" 200 9507 "http://kristall-kino.ru/" "Mozilla/5.0 (iPhone; CPU iPhone OS 9_3_2 like Mac OS X) AppleWebKit/601.1.46 (KHTML, like Gecko) Version/9.0 Mobile/13F69 Safari/601.1"
188.162.86.144 - - [27/Sep/2016:05:52:07 +0300] "GET /pages/aktsii HTTP/1.0" 200 11115 "http://kristall-kino.ru/cinemaTicket/showtimes/list/date/28.09.2016" "Mozilla/5.0 (Linux; Android 5.0; SAMSUNG SM-G900FD Build/LRX21T) AppleWebKit/537.36 (KHTML, like Gecko) SamsungBrowser/2.1 Chrome/34.0.1847.76 Mobile Safari/537.36"
188.232.230.118 - - [27/Sep/2016:05:52:09 +0300] "GET /favicon.ico HTTP/1.0" 404 6043 "-" "Mozilla/5.0 (Windows NT 6.1; WOW64) AppleWebKit/537.36 (KHTML, like Gecko) Chrome/52.0.2743.116 YaBrowser/16.9.1.1131 Yowser/2.5 Safari/537.36"
217.118.79.37 - - [27/Sep/2016:05:52:40 +0300] "GET /cinemaTicket/showtimes HTTP/1.0" 200 26130 "https://www.google.ru/" "Mozilla/5.0 (Linux; Android 4.2.1; Lenovo S920_ROW Build/JOP40D) AppleWebKit/537.36 (KHTML, like Gecko) Chrome/39.0.2171.93 Mobile Safari/537.36"
188.232.230.118 - - [27/Sep/2016:05:53:09 +0300] "GET /favicon.ico HTTP/1.0" 404 6043 "-" "Mozilla/5.0 (Windows NT 6.1; WOW64) AppleWebKit/537.36 (KHTML, like Gecko) Chrome/52.0.2743.116 YaBrowser/16.9.1.1131 Yowser/2.5 Safari/537.36"
62.182.199.137 - - [27/Sep/2016:05:53:17 +0300] "GET /favicon.ico HTTP/1.0" 404 6043 "-" "okhttp/2.5.0"
66.102.9.146 - - [27/Sep/2016:05:54:00 +0300] "GET /cinema/film/794 HTTP/1.0" 200 9435 "http://kristall-kino.ru/" "Mozilla/5.0 (Linux; Android 4.4.2; ZP780 Build/KOT49H) AppleWebKit/537.36 (KHTML, like Gecko) Chrome/53.0.2785.124 Mobile Safari/537.36"
188.232.230.118 - - [27/Sep/2016:05:54:09 +0300] "GET /favicon.ico HTTP/1.0" 404 6043 "-" "Mozilla/5.0 (Windows NT 6.1; WOW64) AppleWebKit/537.36 (KHTML, like Gecko) Chrome/52.0.2743.116 YaBrowser/16.9.1.1131 Yowser/2.5 Safari/537.36"
217.118.79.37 - - [27/Sep/2016:05:54:09 +0300] "GET /cinema/film/792 HTTP/1.0" 200 9753 "http://kristall-kino.ru/cinemaTicket/showtimes" "Mozilla/5.0 (Linux; Android 4.2.1; Lenovo S920_ROW Build/JOP40D) AppleWebKit/537.36 (KHTML, like Gecko) Chrome/39.0.2171.93 Mobile Safari/537.36"
178.154.149.7 - - [27/Sep/2016:05:54:31 +0300] "GET /cinemaTicket/showtimes/list/date/26.09.2016 HTTP/1.0" 200 8502 "-" "Mozilla/5.0 (compatible; YandexBot/3.0; +http://yandex.com/bots)"
213.87.127.232 - - [27/Sep/2016:05:54:32 +0300] "GET / HTTP/1.0" 200 11522 "https://www.google.ru/" "Mozilla/5.0 (iPhone; CPU iPhone OS 9_3_2 like Mac OS X) AppleWebKit/601.1.46 (KHTML, like Gecko) Version/9.0 Mobile/13F69 Safari/601.1"
213.87.127.232 - - [27/Sep/2016:05:54:37 +0300] "GET /cinema/film/792 HTTP/1.0" 200 9753 "http://kristall-kino.ru/" "Mozilla/5.0 (iPhone; CPU iPhone OS 9_3_2 like Mac OS X) AppleWebKit/601.1.46 (KHTML, like Gecko) Version/9.0 Mobile/13F69 Safari/601.1"
213.87.127.232 - - [27/Sep/2016:05:54:39 +0300] "GET / HTTP/1.0" 200 11522 "https://www.google.ru/" "Mozilla/5.0 (iPhone; CPU iPhone OS 9_3_2 like Mac OS X) AppleWebKit/601.1.46 (KHTML, like Gecko) Version/9.0 Mobile/13F69 Safari/601.1"
217.118.79.37 - - [27/Sep/2016:05:54:40 +0300] "GET /cinemaTicket/showtimes HTTP/1.0" 200 26130 "https://www.google.ru/" "Mozilla/5.0 (Linux; Android 4.2.1; Lenovo S920_ROW Build/JOP40D) AppleWebKit/537.36 (KHTML, like Gecko) Chrome/39.0.2171.93 Mobile Safari/537.36"
213.87.127.232 - - [27/Sep/2016:05:54:42 +0300] "GET /cinema/film/785 HTTP/1.0" 200 9507 "http://kristall-kino.ru/" "Mozilla/5.0 (iPhone; CPU iPhone OS 9_3_2 like Mac OS X) AppleWebKit/601.1.46 (KHTML, like Gecko) Version/9.0 Mobile/13F69 Safari/601.1"
217.118.79.37 - - [27/Sep/2016:05:54:54 +0300] "GET /cinemaTicket/hall/48631 HTTP/1.0" 200 24173 "http://kristall-kino.ru/cinemaTicket/showtimes" "Mozilla/5.0 (Linux; Android 4.2.1; Lenovo S920_ROW Build/JOP40D) AppleWebKit/537.36 (KHTML, like Gecko) Chrome/39.0.2171.93 Mobile Safari/537.36"
217.118.79.37 - - [27/Sep/2016:05:55:03 +0300] "GET /user/login HTTP/1.0" 200 10204 "http://kristall-kino.ru/cinemaTicket/hall/48631" "Mozilla/5.0 (Linux; Android 4.2.1; Lenovo S920_ROW Build/JOP40D) AppleWebKit/537.36 (KHTML, like Gecko) Chrome/39.0.2171.93 Mobile Safari/537.36"
213.87.127.232 - - [27/Sep/2016:05:55:07 +0300] "GET /cinemaTicket/hall/48631 HTTP/1.0" 200 24173 "http://kristall-kino.ru/cinema/film/785" "Mozilla/5.0 (iPhone; CPU iPhone OS 9_3_2 like Mac OS X) AppleWebKit/601.1.46 (KHTML, like Gecko) Version/9.0 Mobile/13F69 Safari/601.1"
188.232.230.118 - - [27/Sep/2016:05:55:09 +0300] "GET /favicon.ico HTTP/1.0" 404 6043 "-" "Mozilla/5.0 (Windows NT 6.1; WOW64) AppleWebKit/537.36 (KHTML, like Gecko) Chrome/52.0.2743.116 YaBrowser/16.9.1.1131 Yowser/2.5 Safari/537.36"
217.118.79.37 - - [27/Sep/2016:05:55:14 +0300] "GET /user/registration HTTP/1.0" 200 10838 "http://kristall-kino.ru/user/login" "Mozilla/5.0 (Linux; Android 4.2.1; Lenovo S920_ROW Build/JOP40D) AppleWebKit/537.36 (KHTML, like Gecko) Chrome/39.0.2171.93 Mobile Safari/537.36"
217.118.79.37 - - [27/Sep/2016:05:55:15 +0300] "GET /user/registration/captcha/v/57e9df92b9cbd HTTP/1.0" 200 4933 "http://kristall-kino.ru/user/registration" "Mozilla/5.0 (Linux; Android 4.2.1; Lenovo S920_ROW Build/JOP40D) AppleWebKit/537.36 (KHTML, like Gecko) Chrome/39.0.2171.93 Mobile Safari/537.36"
213.87.127.232 - - [27/Sep/2016:05:55:26 +0300] "GET /user/login HTTP/1.0" 200 10204 "http://kristall-kino.ru/cinemaTicket/hall/48631" "Mozilla/5.0 (iPhone; CPU iPhone OS 9_3_2 like Mac OS X) AppleWebKit/601.1.46 (KHTML, like Gecko) Version/9.0 Mobile/13F69 Safari/601.1"
217.118.79.37 - - [27/Sep/2016:05:55:31 +0300] "POST /user/registration HTTP/1.0" 200 1170 "http://kristall-kino.ru/user/registration" "Mozilla/5.0 (Linux; Android 4.2.1; Lenovo S920_ROW Build/JOP40D) AppleWebKit/537.36 (KHTML, like Gecko) Chrome/39.0.2171.93 Mobile Safari/537.36"
217.118.79.40 - - [27/Sep/2016:05:55:32 +0300] "GET /cinemaTicket/hall/48118 HTTP/1.0" 404 6043 "http://www.kristall-kino.ru/cinemaTicket/showtimes" "Mozilla/5.0 (Linux; Android 5.1.1; D5503 Build/14.6.A.0.368) AppleWebKit/537.36 (KHTML, like Gecko) Chrome/51.0.2704.81 Mobile Safari/537.36"
217.118.79.37 - - [27/Sep/2016:05:55:36 +0300] "POST /user/registration HTTP/1.0" 200 1067 "http://kristall-kino.ru/user/registration" "Mozilla/5.0 (Linux; Android 4.2.1; Lenovo S920_ROW Build/JOP40D) AppleWebKit/537.36 (KHTML, like Gecko) Chrome/39.0.2171.93 Mobile Safari/537.36"
217.118.79.40 - - [27/Sep/2016:05:55:39 +0300] "GET /cinemaTicket/showtimes HTTP/1.0" 200 26130 "http://www.kristall-kino.ru/cinemaTicket/hall/48118" "Mozilla/5.0 (Linux; Android 5.1.1; D5503 Build/14.6.A.0.368) AppleWebKit/537.36 (KHTML, like Gecko) Chrome/51.0.2704.81 Mobile Safari/537.36"
217.118.79.37 - - [27/Sep/2016:05:55:43 +0300] "POST /user/registration HTTP/1.0" 200 663 "http://kristall-kino.ru/user/registration" "Mozilla/5.0 (Linux; Android 4.2.1; Lenovo S920_ROW Build/JOP40D) AppleWebKit/537.36 (KHTML, like Gecko) Chrome/39.0.2171.93 Mobile Safari/537.36"
217.118.79.40 - - [27/Sep/2016:05:55:45 +0300] "GET /cinemaTicket/showtimes/list/date/30.09.2016 HTTP/1.0" 200 25269 "http://www.kristall-kino.ru/cinemaTicket/showtimes" "Mozilla/5.0 (Linux; Android 5.1.1; D5503 Build/14.6.A.0.368) AppleWebKit/537.36 (KHTML, like Gecko) Chrome/51.0.2704.81 Mobile Safari/537.36"
217.118.79.37 - - [27/Sep/2016:05:55:56 +0300] "POST /user/registration HTTP/1.0" 200 394 "http://kristall-kino.ru/user/registration" "Mozilla/5.0 (Linux; Android 4.2.1; Lenovo S920_ROW Build/JOP40D) AppleWebKit/537.36 (KHTML, like Gecko) Chrome/39.0.2171.93 Mobile Safari/537.36"
217.118.79.37 - - [27/Sep/2016:05:55:59 +0300] "POST /user/registration HTTP/1.0" 200 209 "http://kristall-kino.ru/user/registration" "Mozilla/5.0 (Linux; Android 4.2.1; Lenovo S920_ROW Build/JOP40D) AppleWebKit/537.36 (KHTML, like Gecko) Chrome/39.0.2171.93 Mobile Safari/537.36"
217.118.79.40 - - [27/Sep/2016:05:56:05 +0300] "GET /cinemaTicket/hall/48734 HTTP/1.0" 200 27120 "http://www.kristall-kino.ru/cinemaTicket/showtimes/list/date/30.09.2016" "Mozilla/5.0 (Linux; Android 5.1.1; D5503 Build/14.6.A.0.368) AppleWebKit/537.36 (KHTML, like Gecko) Chrome/51.0.2704.81 Mobile Safari/537.36"
31.173.240.219 - - [27/Sep/2016:05:56:06 +0300] "GET / HTTP/1.0" 200 11522 "-" "Mozilla/5.0 (iPhone; CPU iPhone OS 9_3_5 like Mac OS X) AppleWebKit/601.1.46 (KHTML, like Gecko) Version/9.0 Mobile/13G36 Safari/601.1"
217.118.79.37 - - [27/Sep/2016:05:56:07 +0300] "POST /user/registration HTTP/1.0" 200 2 "http://kristall-kino.ru/user/registration" "Mozilla/5.0 (Linux; Android 4.2.1; Lenovo S920_ROW Build/JOP40D) AppleWebKit/537.36 (KHTML, like Gecko) Chrome/39.0.2171.93 Mobile Safari/537.36"
188.232.230.118 - - [27/Sep/2016:05:56:09 +0300] "GET /favicon.ico HTTP/1.0" 404 6043 "-" "Mozilla/5.0 (Windows NT 6.1; WOW64) AppleWebKit/537.36 (KHTML, like Gecko) Chrome/52.0.2743.116 YaBrowser/16.9.1.1131 Yowser/2.5 Safari/537.36"
62.182.198.76 - - [27/Sep/2016:05:56:18 +0300] "GET /favicon.ico HTTP/1.0" 404 6043 "-" "Mozilla/5.0 (Windows NT 6.1; WOW64) AppleWebKit/537.36 (KHTML, like Gecko) Chrome/52.0.2743.116 YaBrowser/16.9.1.1131 Yowser/2.5 Safari/537.36"
217.118.79.37 - - [27/Sep/2016:05:56:26 +0300] "POST /user/registration HTTP/1.0" 200 2 "http://kristall-kino.ru/user/registration" "Mozilla/5.0 (Linux; Android 4.2.1; Lenovo S920_ROW Build/JOP40D) AppleWebKit/537.36 (KHTML, like Gecko) Chrome/39.0.2171.93 Mobile Safari/537.36"
217.118.79.37 - - [27/Sep/2016:05:56:26 +0300] "POST /user/registration HTTP/1.0" 302 - "http://kristall-kino.ru/user/registration" "Mozilla/5.0 (Linux; Android 4.2.1; Lenovo S920_ROW Build/JOP40D) AppleWebKit/537.36 (KHTML, like Gecko) Chrome/39.0.2171.93 Mobile Safari/537.36"
217.118.79.37 - - [27/Sep/2016:05:56:26 +0300] "GET /user/profile HTTP/1.0" 302 - "http://kristall-kino.ru/user/registration" "Mozilla/5.0 (Linux; Android 4.2.1; Lenovo S920_ROW Build/JOP40D) AppleWebKit/537.36 (KHTML, like Gecko) Chrome/39.0.2171.93 Mobile Safari/537.36"
217.118.79.37 - - [27/Sep/2016:05:56:27 +0300] "GET /user/setphone HTTP/1.0" 200 6269 "http://kristall-kino.ru/user/registration" "Mozilla/5.0 (Linux; Android 4.2.1; Lenovo S920_ROW Build/JOP40D) AppleWebKit/537.36 (KHTML, like Gecko) Chrome/39.0.2171.93 Mobile Safari/537.36"
217.118.79.40 - - [27/Sep/2016:05:56:29 +0300] "GET /user/login HTTP/1.0" 200 10236 "http://www.kristall-kino.ru/cinemaTicket/hall/48734" "Mozilla/5.0 (Linux; Android 5.1.1; D5503 Build/14.6.A.0.368) AppleWebKit/537.36 (KHTML, like Gecko) Chrome/51.0.2704.81 Mobile Safari/537.36"
217.118.79.40 - - [27/Sep/2016:05:56:34 +0300] "POST /user/login HTTP/1.0" 302 - "http://www.kristall-kino.ru/user/login" "Mozilla/5.0 (Linux; Android 5.1.1; D5503 Build/14.6.A.0.368) AppleWebKit/537.36 (KHTML, like Gecko) Chrome/51.0.2704.81 Mobile Safari/537.36"
217.118.79.40 - - [27/Sep/2016:05:56:35 +0300] "GET /cinemaTicket/hall/48734 HTTP/1.0" 200 28183 "http://www.kristall-kino.ru/user/login" "Mozilla/5.0 (Linux; Android 5.1.1; D5503 Build/14.6.A.0.368) AppleWebKit/537.36 (KHTML, like Gecko) Chrome/51.0.2704.81 Mobile Safari/537.36"
62.182.198.76 - - [27/Sep/2016:05:56:40 +0300] "GET /favicon.ico HTTP/1.0" 404 6043 "-" "Mozilla/5.0 (Windows NT 6.1; WOW64) AppleWebKit/537.36 (KHTML, like Gecko) Chrome/52.0.2743.116 YaBrowser/16.9.1.1131 Yowser/2.5 Safari/537.36"
217.118.79.40 - - [27/Sep/2016:05:56:45 +0300] "POST /cinemaTicket/hall/getplace HTTP/1.0" 200 47 "http://www.kristall-kino.ru/cinemaTicket/hall/48734" "Mozilla/5.0 (Linux; Android 5.1.1; D5503 Build/14.6.A.0.368) AppleWebKit/537.36 (KHTML, like Gecko) Chrome/51.0.2704.81 Mobile Safari/537.36"
217.118.79.40 - - [27/Sep/2016:05:56:47 +0300] "POST /cinemaTicket/hall/getplace HTTP/1.0" 200 47 "http://www.kristall-kino.ru/cinemaTicket/hall/48734" "Mozilla/5.0 (Linux; Android 5.1.1; D5503 Build/14.6.A.0.368) AppleWebKit/537.36 (KHTML, like Gecko) Chrome/51.0.2704.81 Mobile Safari/537.36"
217.118.79.40 - - [27/Sep/2016:05:56:49 +0300] "POST /cinemaTicket/hall/createOrder HTTP/1.0" 200 6 "http://www.kristall-kino.ru/cinemaTicket/hall/48734" "Mozilla/5.0 (Linux; Android 5.1.1; D5503 Build/14.6.A.0.368) AppleWebKit/537.36 (KHTML, like Gecko) Chrome/51.0.2704.81 Mobile Safari/537.36"
217.118.79.40 - - [27/Sep/2016:05:56:51 +0300] "GET /cinemaTicket/order/137449 HTTP/1.0" 200 6823 "http://www.kristall-kino.ru/cinemaTicket/hall/48734" "Mozilla/5.0 (Linux; Android 5.1.1; D5503 Build/14.6.A.0.368) AppleWebKit/537.36 (KHTML, like Gecko) Chrome/51.0.2704.81 Mobile Safari/537.36"
62.182.198.76 - - [27/Sep/2016:05:56:50 +0300] "GET /favicon.ico HTTP/1.0" 404 6043 "-" "Mozilla/5.0 (Windows NT 6.1; WOW64) AppleWebKit/537.36 (KHTML, like Gecko) Chrome/52.0.2743.116 YaBrowser/16.9.1.1131 Yowser/2.5 Safari/537.36"
217.118.79.40 - - [27/Sep/2016:05:56:54 +0300] "GET /cinemaTicket/print/137449 HTTP/1.0" 200 795 "http://www.kristall-kino.ru/cinemaTicket/order/137449" "Mozilla/5.0 (Linux; Android 5.1.1; D5503 Build/14.6.A.0.368) AppleWebKit/537.36 (KHTML, like Gecko) Chrome/51.0.2704.81 Mobile Safari/537.36"
217.118.79.40 - - [27/Sep/2016:05:56:55 +0300] "GET /favicon.ico HTTP/1.0" 404 5343 "http://www.kristall-kino.ru/cinemaTicket/print/137449" "Mozilla/5.0 (Linux; Android 5.1.1; D5503 Build/14.6.A.0.368) AppleWebKit/537.36 (KHTML, like Gecko) Chrome/51.0.2704.81 Mobile Safari/537.36"
217.118.79.40 - - [27/Sep/2016:05:57:05 +0300] "GET /cinemaTicket/hall/48734 HTTP/1.0" 200 28205 "http://www.kristall-kino.ru/user/login" "Mozilla/5.0 (Linux; Android 5.1.1; D5503 Build/14.6.A.0.368) AppleWebKit/537.36 (KHTML, like Gecko) Chrome/51.0.2704.81 Mobile Safari/537.36"
217.118.79.40 - - [27/Sep/2016:05:57:06 +0300] "GET /cinemaTicket/showtimes HTTP/1.0" 200 26130 "http://www.kristall-kino.ru/cinemaTicket/order/137449" "Mozilla/5.0 (Linux; Android 5.1.1; D5503 Build/14.6.A.0.368) AppleWebKit/537.36 (KHTML, like Gecko) Chrome/51.0.2704.81 Mobile Safari/537.36"
188.232.230.118 - - [27/Sep/2016:05:57:09 +0300] "GET /favicon.ico HTTP/1.0" 404 6043 "-" "Mozilla/5.0 (Windows NT 6.1; WOW64) AppleWebKit/537.36 (KHTML, like Gecko) Chrome/52.0.2743.116 YaBrowser/16.9.1.1131 Yowser/2.5 Safari/537.36"
217.118.79.40 - - [27/Sep/2016:05:57:09 +0300] "GET / HTTP/1.0" 200 10752 "http://www.kristall-kino.ru/cinemaTicket/showtimes" "Mozilla/5.0 (Linux; Android 5.1.1; D5503 Build/14.6.A.0.368) AppleWebKit/537.36 (KHTML, like Gecko) Chrome/51.0.2704.81 Mobile Safari/537.36"
217.118.79.40 - - [27/Sep/2016:05:57:12 +0300] "GET /cinema/soon HTTP/1.0" 200 7834 "http://www.kristall-kino.ru/" "Mozilla/5.0 (Linux; Android 5.1.1; D5503 Build/14.6.A.0.368) AppleWebKit/537.36 (KHTML, like Gecko) Chrome/51.0.2704.81 Mobile Safari/537.36"
188.162.86.144 - - [27/Sep/2016:05:57:16 +0300] "GET /cinemaTicket/showtimes HTTP/1.0" 200 26130 "http://kristall-kino.ru/pages/aktsii" "Mozilla/5.0 (Linux; Android 5.0; SAMSUNG SM-G900FD Build/LRX21T) AppleWebKit/537.36 (KHTML, like Gecko) SamsungBrowser/2.1 Chrome/34.0.1847.76 Mobile Safari/537.36"
188.162.86.144 - - [27/Sep/2016:05:57:19 +0300] "GET /cinemaTicket/showtimes/list/date/28.09.2016 HTTP/1.0" 200 26678 "http://kristall-kino.ru/cinemaTicket/showtimes" "Mozilla/5.0 (Linux; Android 5.0; SAMSUNG SM-G900FD Build/LRX21T) AppleWebKit/537.36 (KHTML, like Gecko) SamsungBrowser/2.1 Chrome/34.0.1847.76 Mobile Safari/537.36"
188.232.188.14 - - [27/Sep/2016:05:57:40 +0300] "GET / HTTP/1.0" 200 11522 "-" "Mozilla/5.0 (Windows NT 10.0; WOW64) AppleWebKit/537.36 (KHTML, like Gecko) Chrome/53.0.2785.116 Safari/537.36"
188.232.188.14 - - [27/Sep/2016:05:57:43 +0300] "GET /images/favicon.ico HTTP/1.0" 200 1150 "-" "Mozilla/5.0 (Windows NT 10.0; WOW64) AppleWebKit/537.36 (KHTML, like Gecko) Chrome/53.0.2785.116 Safari/537.36"
62.182.198.76 - - [27/Sep/2016:05:57:50 +0300] "GET /favicon.ico HTTP/1.0" 404 6043 "-" "Mozilla/5.0 (Windows NT 6.1; WOW64) AppleWebKit/537.36 (KHTML, like Gecko) Chrome/52.0.2743.116 YaBrowser/16.9.1.1131 Yowser/2.5 Safari/537.36"
188.232.230.118 - - [27/Sep/2016:05:58:09 +0300] "GET /favicon.ico HTTP/1.0" 404 6043 "-" "Mozilla/5.0 (Windows NT 6.1; WOW64) AppleWebKit/537.36 (KHTML, like Gecko) Chrome/52.0.2743.116 YaBrowser/16.9.1.1131 Yowser/2.5 Safari/537.36"
62.182.198.76 - - [27/Sep/2016:05:58:50 +0300] "GET /favicon.ico HTTP/1.0" 404 6043 "-" "Mozilla/5.0 (Windows NT 6.1; WOW64) AppleWebKit/537.36 (KHTML, like Gecko) Chrome/52.0.2743.116 YaBrowser/16.9.1.1131 Yowser/2.5 Safari/537.36"
188.232.230.118 - - [27/Sep/2016:05:59:09 +0300] "GET /favicon.ico HTTP/1.0" 404 6043 "-" "Mozilla/5.0 (Windows NT 6.1; WOW64) AppleWebKit/537.36 (KHTML, like Gecko) Chrome/52.0.2743.116 YaBrowser/16.9.1.1131 Yowser/2.5 Safari/537.36"
66.249.66.23 - - [27/Sep/2016:05:59:24 +0300] "GET /cinemaTicket/showtimes/list/date/11.08.2016 HTTP/1.0" 200 8502 "-" "Mozilla/5.0 (compatible; Googlebot/2.1; +http://www.google.com/bot.html)"
62.182.198.76 - - [27/Sep/2016:05:59:50 +0300] "GET /favicon.ico HTTP/1.0" 404 6043 "-" "Mozilla/5.0 (Windows NT 6.1; WOW64) AppleWebKit/537.36 (KHTML, like Gecko) Chrome/52.0.2743.116 YaBrowser/16.9.1.1131 Yowser/2.5 Safari/537.36"
46.233.203.65 - - [27/Sep/2016:05:59:50 +0300] "GET / HTTP/1.0" 200 11522 "https://www.google.ru/" "Mozilla/5.0 (iPhone; CPU iPhone OS 10_0_1 like Mac OS X) AppleWebKit/601.1 (KHTML, like Gecko) CriOS/53.0.2785.109 Mobile/14A403 Safari/601.1.46"
46.233.203.65 - - [27/Sep/2016:05:59:52 +0300] "GET /images/favicon.ico HTTP/1.0" 200 1150 "-" "Mozilla/5.0 (iPhone; CPU iPhone OS 10_0_1 like Mac OS X) AppleWebKit/601.1 (KHTML, like Gecko) CriOS/53.0.2785.109 Mobile/14A403 Safari/601.1.46"
66.102.9.144 - - [27/Sep/2016:06:00:00 +0300] "GET / HTTP/1.0" 200 11522 "-" "Mozilla/5.0 (Linux; Android 5.1.1; D2403 Build/18.6.A.0.182) AppleWebKit/537.36 (KHTML, like Gecko) Chrome/52.0.2743.98 Mobile Safari/537.36"
66.102.9.146 - - [27/Sep/2016:06:00:04 +0300] "GET /images/favicon.ico HTTP/1.0" 200 1150 "http://kristall-kino.ru/" "Mozilla/5.0 (Linux; Android 5.1.1; D2403 Build/18.6.A.0.182) AppleWebKit/537.36 (KHTML, like Gecko) Chrome/52.0.2743.98 Mobile Safari/537.36"
