host126.net176-62-76.bs-telecom.net - - [27/Sep/2016:01:21:01 +0300] "GET /favicon.ico HTTP/1.0" 404 6043 "-" "Mozilla/5.0 (Windows NT 10.0; WOW64) AppleWebKit/537.36 (KHTML, like Gecko) Chrome/52.0.2743.116 YaBrowser/16.9.1.1131 (dfl2nc9ks) Yowser/2.5 Safari/537.36"
host126.net176-62-76.bs-telecom.net - - [27/Sep/2016:01:22:01 +0300] "GET /favicon.ico HTTP/1.0" 404 6043 "-" "Mozilla/5.0 (Windows NT 10.0; WOW64) AppleWebKit/537.36 (KHTML, like Gecko) Chrome/52.0.2743.116 YaBrowser/16.9.1.1131 (dfl2nc9ks) Yowser/2.5 Safari/537.36"
host-95-189-171-84.pppoe.omsknet.ru - - [27/Sep/2016:01:22:11 +0300] "GET / HTTP/1.0" 200 11460 "https://yandex.ru/search/touch/?text=%D0%BA%D1%80%D0%B8%D1%81%D1%82%D0%B0%D0%BB%D0%BB%20%D0%BA%D0%B8%D0%BD%D0%BE%D1%82%D0%B5%D0%B0%D1%82%D1%80%20&lr=100973&clid=2253643" "Mozilla/5.0 (Linux; Android 5.1.1; SAMSUNG SM-J320F Build/LMY47V) AppleWebKit/537.36 (KHTML, like Gecko) SamsungBrowser/3.5 Chrome/38.0.2125.102 Mobile Safari/537.36"
msnbot-157-55-39-32.search.msn.com - - [27/Sep/2016:01:22:31 +0300] "GET /cinema/film/484 HTTP/1.0" 200 8638 "-" "Mozilla/5.0 (compatible; bingbot/2.0; +http://www.bing.com/bingbot.htm)"
host126.net176-62-76.bs-telecom.net - - [27/Sep/2016:01:23:01 +0300] "GET /favicon.ico HTTP/1.0" 404 6043 "-" "Mozilla/5.0 (Windows NT 10.0; WOW64) AppleWebKit/537.36 (KHTML, like Gecko) Chrome/52.0.2743.116 YaBrowser/16.9.1.1131 (dfl2nc9ks) Yowser/2.5 Safari/537.36"
crawl-66-249-66-29.googlebot.com - - [27/Sep/2016:01:23:07 +0300] "GET /cinemaTicket/hall/29438 HTTP/1.0" 404 6043 "-" "Mozilla/5.0 (compatible; Googlebot/2.1; +http://www.google.com/bot.html)"
host126.net176-62-76.bs-telecom.net - - [27/Sep/2016:01:24:01 +0300] "GET /favicon.ico HTTP/1.0" 404 6043 "-" "Mozilla/5.0 (Windows NT 10.0; WOW64) AppleWebKit/537.36 (KHTML, like Gecko) Chrome/52.0.2743.116 YaBrowser/16.9.1.1131 (dfl2nc9ks) Yowser/2.5 Safari/537.36"
2.93.129.196 - - [27/Sep/2016:01:24:42 +0300] "GET / HTTP/1.0" 200 11460 "http://yandex.ru/clck/jsredir?from=yandex.ru%3Bsearch%2F%3Bweb%3B%3B&text=&etext=1190.h6G9eulVnonUNpSmDnZKaoxd0Mu2EvvTaTNYHiSITtk21q0lVX_KQu__q5oW2BPGcHAkDTSoriNaTVIQqElfmlYXEbGS5WxpbjR_ia8LhJI.0906b2e381fa74abee3e1a835a28b9f4a902b2cc&uuid=&state=PEtFfuTeVD5kpHnK9lio9QkU1tHIaqSGmpn3NHuF9Zj6Zigwt1v0L4VbHI_8F51tJnbAghhv4pT9RExTVuyOFqeLt9lgy1Bo&data=UlNrNmk5WktYejR0eWJFYk1LdmtxbEh6cGhfMWZWTWVzMzl0SXU5bjNkbXk1cHBsSkp6MDZnS3BsckpTSlBIWElwb2tJY1hIa29uMVdQejFCMW9mZEY4OEN5aUc2d0dDaS1iaXRjMWF4R3M&b64e=2&sign=b3a708ccfe97aa0aa57808cacdf39693&keyno=0&cst=AiuY0DBWFJ7q0qcCggtsKdM0HR9PhH6kHSfR8Z0i1ZF5YHyaPc4V3zq0I_epm8_f7zrwHGB9oWOEkLNsTahvsYwLoc2gl5FTsjS1Hi7TQ4Dew8-YzO_63by11fLN4hXKC6cCMSHvXscDi-x-w6WrN_EVv7fJdrg1dqOtEKU80wGjpuhWauXk9dp-l70w7iOvF5Dh6PWT0x2R5Qk6dgTmjAtGSgqUc_tVhkT8sA_SskbSIA5r6zMXDg2NmTeE9yMrBFOBToTWbZMQjfi2r2HmnVd0CMVDkrdydcDvcWlZETSKTMFB-onjsZ_4CzWi0hPouubLu6tRm_fgKKs7D1Ob7g&ref=orjY4mGPRjk5boDnW0uvlrrd71vZw9kprmUYKyT7F3VqCGXDWPUJ8p49Mp5_mMd3kuB83A1liFwDzrx7KIaET4CdZdhjZP4iM63F0Z_WkuvXf4YSElHD81e7eFQwglTe0ZuHjPFAbXbqO91BgoAZO2uyNP1kVVe3c2LA7YeSDtejp_UgfsM05_FvCAmZA10mAAFHQOUvmNOkTsNNwN0RLlgPTD4M6_4G0X3pd7Eaww_sAxJKDJjrcWN-zSqMzDzuwFoXlHPs62K5j0GaWdcsbn8j7DPPVY1VuRUekJ3eKX2ln-U-vmSlxcpIR2mmDR6EDpT1G5SHlA_Fbkq7_dY5snuS4MQCINYF3LRY1Qw1DyeOMQiOT83KE8PXEcK_Z_H19aHO5e5tkA1b7LoAJahnmNYPUpPdVcycWmCdsJN8tHw8r8io36afK9c7_3USqiRGcd_wgP4P_EiTkoRTvsjvLoViH9GAn9rKfqCHor2qk9Ir33wNPtCfM8RTFCfS3I_O&l10n=ru&cts=1474928672381&mc=2.5219280948873624" "Mozilla/5.0 (Windows NT 6.1; WOW64; rv:49.0) Gecko/20100101 Firefox/49.0"
2.93.129.196 - - [27/Sep/2016:01:24:44 +0300] "GET /flash/baner.swf HTTP/1.0" 200 5330 "http://www.kristall-kino.ru/" "Mozilla/5.0 (Windows NT 6.1; WOW64; rv:49.0) Gecko/20100101 Firefox/49.0"
2.93.129.196 - - [27/Sep/2016:01:24:45 +0300] "GET /images/favicon.ico HTTP/1.0" 200 1150 "-" "Mozilla/5.0 (Windows NT 6.1; WOW64; rv:49.0) Gecko/20100101 Firefox/49.0"
crawl-66-249-66-26.googlebot.com - - [27/Sep/2016:01:24:48 +0300] "GET /cinemaTicket/hall/434892 HTTP/1.0" 404 6043 "-" "Mozilla/5.0 (compatible; Googlebot/2.1; +http://www.google.com/bot.html)"
host126.net176-62-76.bs-telecom.net - - [27/Sep/2016:01:25:01 +0300] "GET /favicon.ico HTTP/1.0" 404 6043 "-" "Mozilla/5.0 (Windows NT 10.0; WOW64) AppleWebKit/537.36 (KHTML, like Gecko) Chrome/52.0.2743.116 YaBrowser/16.9.1.1131 (dfl2nc9ks) Yowser/2.5 Safari/537.36"
host126.net176-62-76.bs-telecom.net - - [27/Sep/2016:01:26:01 +0300] "GET /favicon.ico HTTP/1.0" 404 6043 "-" "Mozilla/5.0 (Windows NT 10.0; WOW64) AppleWebKit/537.36 (KHTML, like Gecko) Chrome/52.0.2743.116 YaBrowser/16.9.1.1131 (dfl2nc9ks) Yowser/2.5 Safari/537.36"
69.61.12.70 - - [27/Sep/2016:01:26:07 +0300] "GET / HTTP/1.0" 200 11460 "" "Mozilla/5.0 CommonCrawler Node DEQWI4EBF757TL564W2JTDAYVZZ4RPZ2M33LIXNG6UYZFJL4MOIMFNFEDHEMFWM.VIO7RZLNZ.GQ3AXLM2OLTVHOILVODH2HH4LFVYWA7UVLLKUDXEGUTTKMOE.cdn0.common.crawl.zone"
crawl-66-249-66-186.googlebot.com - - [27/Sep/2016:01:26:28 +0300] "GET /cinemaTicket/hall/48665 HTTP/1.0" 200 39357 "-" "Mozilla/5.0 (compatible; Googlebot/2.1; +http://www.google.com/bot.html)"
crawl-66-249-66-186.googlebot.com - - [27/Sep/2016:01:26:29 +0300] "GET /cinemaTicket/showtimes/list/date/30.01.2015 HTTP/1.0" 200 8502 "-" "Mozilla/5.0 (compatible; Googlebot/2.1; +http://www.google.com/bot.html)"
host126.net176-62-76.bs-telecom.net - - [27/Sep/2016:01:27:01 +0300] "GET /favicon.ico HTTP/1.0" 404 6043 "-" "Mozilla/5.0 (Windows NT 10.0; WOW64) AppleWebKit/537.36 (KHTML, like Gecko) Chrome/52.0.2743.116 YaBrowser/16.9.1.1131 (dfl2nc9ks) Yowser/2.5 Safari/537.36"
host126.net176-62-76.bs-telecom.net - - [27/Sep/2016:01:28:01 +0300] "GET /favicon.ico HTTP/1.0" 404 6043 "-" "Mozilla/5.0 (Windows NT 10.0; WOW64) AppleWebKit/537.36 (KHTML, like Gecko) Chrome/52.0.2743.116 YaBrowser/16.9.1.1131 (dfl2nc9ks) Yowser/2.5 Safari/537.36"
host126.net176-62-76.bs-telecom.net - - [27/Sep/2016:01:29:01 +0300] "GET /favicon.ico HTTP/1.0" 404 6043 "-" "Mozilla/5.0 (Windows NT 10.0; WOW64) AppleWebKit/537.36 (KHTML, like Gecko) Chrome/52.0.2743.116 YaBrowser/16.9.1.1131 (dfl2nc9ks) Yowser/2.5 Safari/537.36"
host126.net176-62-76.bs-telecom.net - - [27/Sep/2016:01:30:01 +0300] "GET /favicon.ico HTTP/1.0" 404 6043 "-" "Mozilla/5.0 (Windows NT 10.0; WOW64) AppleWebKit/537.36 (KHTML, like Gecko) Chrome/52.0.2743.116 YaBrowser/16.9.1.1131 (dfl2nc9ks) Yowser/2.5 Safari/537.36"
host126.net176-62-76.bs-telecom.net - - [27/Sep/2016:01:31:01 +0300] "GET /favicon.ico HTTP/1.0" 404 6043 "-" "Mozilla/5.0 (Windows NT 10.0; WOW64) AppleWebKit/537.36 (KHTML, like Gecko) Chrome/52.0.2743.116 YaBrowser/16.9.1.1131 (dfl2nc9ks) Yowser/2.5 Safari/537.36"
crawl-66-249-66-189.googlebot.com - - [27/Sep/2016:01:31:29 +0300] "GET /cinemaTicket/showtimes/list/date/26.04.2016 HTTP/1.0" 200 8502 "-" "Mozilla/5.0 (compatible; Googlebot/2.1; +http://www.google.com/bot.html)"
host126.net176-62-76.bs-telecom.net - - [27/Sep/2016:01:32:01 +0300] "GET /favicon.ico HTTP/1.0" 404 6043 "-" "Mozilla/5.0 (Windows NT 10.0; WOW64) AppleWebKit/537.36 (KHTML, like Gecko) Chrome/52.0.2743.116 YaBrowser/16.9.1.1131 (dfl2nc9ks) Yowser/2.5 Safari/537.36"
host126.net176-62-76.bs-telecom.net - - [27/Sep/2016:01:33:01 +0300] "GET /favicon.ico HTTP/1.0" 404 6043 "-" "Mozilla/5.0 (Windows NT 10.0; WOW64) AppleWebKit/537.36 (KHTML, like Gecko) Chrome/52.0.2743.116 YaBrowser/16.9.1.1131 (dfl2nc9ks) Yowser/2.5 Safari/537.36"
crawl-66-249-66-26.googlebot.com - - [27/Sep/2016:01:33:10 +0300] "GET /cinemaTicket/hall/434853 HTTP/1.0" 404 6043 "-" "Mozilla/5.0 (compatible; Googlebot/2.1; +http://www.google.com/bot.html)"
s2m.rad.nominum.com - - [27/Sep/2016:01:33:38 +0300] "GET / HTTP/1.0" 200 11460 "-" "Mozilla/5.0 (Macintosh; Intel Mac OS X 10_9_2) AppleWebKit/537.36 (KHTML, like Gecko) Chrome/36.0.1944.0 Safari/537.36"
host126.net176-62-76.bs-telecom.net - - [27/Sep/2016:01:34:01 +0300] "GET /favicon.ico HTTP/1.0" 404 6043 "-" "Mozilla/5.0 (Windows NT 10.0; WOW64) AppleWebKit/537.36 (KHTML, like Gecko) Chrome/52.0.2743.116 YaBrowser/16.9.1.1131 (dfl2nc9ks) Yowser/2.5 Safari/537.36"
host126.net176-62-76.bs-telecom.net - - [27/Sep/2016:01:35:01 +0300] "GET /favicon.ico HTTP/1.0" 404 6043 "-" "Mozilla/5.0 (Windows NT 10.0; WOW64) AppleWebKit/537.36 (KHTML, like Gecko) Chrome/52.0.2743.116 YaBrowser/16.9.1.1131 (dfl2nc9ks) Yowser/2.5 Safari/537.36"
msnbot-207-46-13-160.search.msn.com - - [27/Sep/2016:01:35:45 +0300] "GET /cinemaTicket/showtimes/list/date/22.03.2015 HTTP/1.0" 200 8502 "-" "Mozilla/5.0 (compatible; bingbot/2.0; +http://www.bing.com/bingbot.htm)"
host126.net176-62-76.bs-telecom.net - - [27/Sep/2016:01:36:01 +0300] "GET /favicon.ico HTTP/1.0" 404 6043 "-" "Mozilla/5.0 (Windows NT 10.0; WOW64) AppleWebKit/537.36 (KHTML, like Gecko) Chrome/52.0.2743.116 YaBrowser/16.9.1.1131 (dfl2nc9ks) Yowser/2.5 Safari/537.36"
62.152.59.182 - - [27/Sep/2016:01:36:01 +0300] "GET /cinemaTicket/showtimes/list/date/27.09.2016 HTTP/1.0" 200 26678 "-" "Mozilla/5.0 (Windows; U; Windows NT 5.1; rv:1.7.3) Gecko/20041001 Firefox/0.10.1"
62.152.59.182 - - [27/Sep/2016:01:36:01 +0300] "GET /cinemaTicket/showtimes/list/date/28.09.2016 HTTP/1.0" 200 26678 "-" "Mozilla/5.0 (Windows; U; Windows NT 5.1; rv:1.7.3) Gecko/20041001 Firefox/0.10.1"
62.152.59.182 - - [27/Sep/2016:01:36:02 +0300] "GET /cinemaTicket/showtimes/list/date/29.09.2016 HTTP/1.0" 200 24720 "-" "Mozilla/5.0 (Windows; U; Windows NT 5.1; rv:1.7.3) Gecko/20041001 Firefox/0.10.1"
62.152.59.182 - - [27/Sep/2016:01:36:02 +0300] "GET /cinemaTicket/showtimes/list/date/30.09.2016 HTTP/1.0" 200 25269 "-" "Mozilla/5.0 (Windows; U; Windows NT 5.1; rv:1.7.3) Gecko/20041001 Firefox/0.10.1"
62.152.59.182 - - [27/Sep/2016:01:36:02 +0300] "GET /cinemaTicket/showtimes/list/date/01.10.2016 HTTP/1.0" 200 25269 "-" "Mozilla/5.0 (Windows; U; Windows NT 5.1; rv:1.7.3) Gecko/20041001 Firefox/0.10.1"
62.152.59.182 - - [27/Sep/2016:01:36:03 +0300] "GET /cinemaTicket/showtimes/list/date/02.10.2016 HTTP/1.0" 200 24720 "-" "Mozilla/5.0 (Windows; U; Windows NT 5.1; rv:1.7.3) Gecko/20041001 Firefox/0.10.1"
62.152.59.182 - - [27/Sep/2016:01:36:03 +0300] "GET /cinemaTicket/showtimes/list/date/03.10.2016 HTTP/1.0" 200 8501 "-" "Mozilla/5.0 (Windows; U; Windows NT 5.1; rv:1.7.3) Gecko/20041001 Firefox/0.10.1"
7.ip-51-255-51.eu - - [27/Sep/2016:01:36:31 +0300] "GET /cinema/film/771 HTTP/1.0" 200 7883 "-" "Mozilla/5.0 (compatible; MJ12bot/v1.4.5; http://www.majestic12.co.uk/bot.php?+)"
7.ip-51-255-51.eu - - [27/Sep/2016:01:36:33 +0300] "GET /cinemaTicket/hall/46927 HTTP/1.0" 404 6043 "-" "Mozilla/5.0 (compatible; MJ12bot/v1.4.5; http://www.majestic12.co.uk/bot.php?+)"
7.ip-51-255-51.eu - - [27/Sep/2016:01:36:35 +0300] "GET /cinemaTicket/hall/46928 HTTP/1.0" 404 6043 "-" "Mozilla/5.0 (compatible; MJ12bot/v1.4.5; http://www.majestic12.co.uk/bot.php?+)"
7.ip-51-255-51.eu - - [27/Sep/2016:01:36:36 +0300] "GET /cinemaTicket/hall/46929 HTTP/1.0" 404 6043 "-" "Mozilla/5.0 (compatible; MJ12bot/v1.4.5; http://www.majestic12.co.uk/bot.php?+)"
7.ip-51-255-51.eu - - [27/Sep/2016:01:36:38 +0300] "GET /cinemaTicket/hall/46930 HTTP/1.0" 404 6043 "-" "Mozilla/5.0 (compatible; MJ12bot/v1.4.5; http://www.majestic12.co.uk/bot.php?+)"
7.ip-51-255-51.eu - - [27/Sep/2016:01:36:39 +0300] "GET /cinemaTicket/hall/46931 HTTP/1.0" 404 6043 "-" "Mozilla/5.0 (compatible; MJ12bot/v1.4.5; http://www.majestic12.co.uk/bot.php?+)"
7.ip-51-255-51.eu - - [27/Sep/2016:01:36:41 +0300] "GET /cinemaTicket/hall/46932 HTTP/1.0" 404 6043 "-" "Mozilla/5.0 (compatible; MJ12bot/v1.4.5; http://www.majestic12.co.uk/bot.php?+)"
7.ip-51-255-51.eu - - [27/Sep/2016:01:36:43 +0300] "GET /cinemaTicket/hall/46933 HTTP/1.0" 404 6043 "-" "Mozilla/5.0 (compatible; MJ12bot/v1.4.5; http://www.majestic12.co.uk/bot.php?+)"
7.ip-51-255-51.eu - - [27/Sep/2016:01:36:44 +0300] "GET /cinemaTicket/hall/46934 HTTP/1.0" 404 6043 "-" "Mozilla/5.0 (compatible; MJ12bot/v1.4.5; http://www.majestic12.co.uk/bot.php?+)"
7.ip-51-255-51.eu - - [27/Sep/2016:01:36:46 +0300] "GET /cinemaTicket/hall/46935 HTTP/1.0" 404 6043 "-" "Mozilla/5.0 (compatible; MJ12bot/v1.4.5; http://www.majestic12.co.uk/bot.php?+)"
7.ip-51-255-51.eu - - [27/Sep/2016:01:36:47 +0300] "GET /cinemaTicket/hall/46936 HTTP/1.0" 404 6043 "-" "Mozilla/5.0 (compatible; MJ12bot/v1.4.5; http://www.majestic12.co.uk/bot.php?+)"
7.ip-51-255-51.eu - - [27/Sep/2016:01:36:49 +0300] "GET /cinemaTicket/hall/46937 HTTP/1.0" 404 6043 "-" "Mozilla/5.0 (compatible; MJ12bot/v1.4.5; http://www.majestic12.co.uk/bot.php?+)"
7.ip-51-255-51.eu - - [27/Sep/2016:01:36:50 +0300] "GET /cinemaTicket/hall/46938 HTTP/1.0" 404 6043 "-" "Mozilla/5.0 (compatible; MJ12bot/v1.4.5; http://www.majestic12.co.uk/bot.php?+)"
7.ip-51-255-51.eu - - [27/Sep/2016:01:36:52 +0300] "GET /cinemaTicket/hall/46939 HTTP/1.0" 404 6043 "-" "Mozilla/5.0 (compatible; MJ12bot/v1.4.5; http://www.majestic12.co.uk/bot.php?+)"
7.ip-51-255-51.eu - - [27/Sep/2016:01:36:53 +0300] "GET /cinemaTicket/hall/46941 HTTP/1.0" 404 6043 "-" "Mozilla/5.0 (compatible; MJ12bot/v1.4.5; http://www.majestic12.co.uk/bot.php?+)"
7.ip-51-255-51.eu - - [27/Sep/2016:01:36:55 +0300] "GET /cinemaTicket/hall/46943 HTTP/1.0" 404 6043 "-" "Mozilla/5.0 (compatible; MJ12bot/v1.4.5; http://www.majestic12.co.uk/bot.php?+)"
7.ip-51-255-51.eu - - [27/Sep/2016:01:36:56 +0300] "GET /cinemaTicket/hall/46944 HTTP/1.0" 404 6043 "-" "Mozilla/5.0 (compatible; MJ12bot/v1.4.5; http://www.majestic12.co.uk/bot.php?+)"
7.ip-51-255-51.eu - - [27/Sep/2016:01:36:58 +0300] "GET /cinemaTicket/hall/46946 HTTP/1.0" 404 6043 "-" "Mozilla/5.0 (compatible; MJ12bot/v1.4.5; http://www.majestic12.co.uk/bot.php?+)"
7.ip-51-255-51.eu - - [27/Sep/2016:01:36:59 +0300] "GET /cinemaTicket/hall/46947 HTTP/1.0" 404 6043 "-" "Mozilla/5.0 (compatible; MJ12bot/v1.4.5; http://www.majestic12.co.uk/bot.php?+)"
7.ip-51-255-51.eu - - [27/Sep/2016:01:37:01 +0300] "GET /cinemaTicket/hall/46948 HTTP/1.0" 404 6043 "-" "Mozilla/5.0 (compatible; MJ12bot/v1.4.5; http://www.majestic12.co.uk/bot.php?+)"
host126.net176-62-76.bs-telecom.net - - [27/Sep/2016:01:37:01 +0300] "GET /favicon.ico HTTP/1.0" 404 6043 "-" "Mozilla/5.0 (Windows NT 10.0; WOW64) AppleWebKit/537.36 (KHTML, like Gecko) Chrome/52.0.2743.116 YaBrowser/16.9.1.1131 (dfl2nc9ks) Yowser/2.5 Safari/537.36"
7.ip-51-255-51.eu - - [27/Sep/2016:01:37:02 +0300] "GET /cinemaTicket/hall/46949 HTTP/1.0" 404 6043 "-" "Mozilla/5.0 (compatible; MJ12bot/v1.4.5; http://www.majestic12.co.uk/bot.php?+)"
7.ip-51-255-51.eu - - [27/Sep/2016:01:37:04 +0300] "GET /cinemaTicket/hall/46950 HTTP/1.0" 404 6043 "-" "Mozilla/5.0 (compatible; MJ12bot/v1.4.5; http://www.majestic12.co.uk/bot.php?+)"
7.ip-51-255-51.eu - - [27/Sep/2016:01:37:05 +0300] "GET /cinemaTicket/hall/46951 HTTP/1.0" 404 6043 "-" "Mozilla/5.0 (compatible; MJ12bot/v1.4.5; http://www.majestic12.co.uk/bot.php?+)"
7.ip-51-255-51.eu - - [27/Sep/2016:01:37:07 +0300] "GET /cinemaTicket/hall/46958 HTTP/1.0" 404 6043 "-" "Mozilla/5.0 (compatible; MJ12bot/v1.4.5; http://www.majestic12.co.uk/bot.php?+)"
7.ip-51-255-51.eu - - [27/Sep/2016:01:37:09 +0300] "GET /cinemaTicket/hall/46959 HTTP/1.0" 404 6043 "-" "Mozilla/5.0 (compatible; MJ12bot/v1.4.5; http://www.majestic12.co.uk/bot.php?+)"
7.ip-51-255-51.eu - - [27/Sep/2016:01:37:10 +0300] "GET /cinemaTicket/hall/46964 HTTP/1.0" 404 6043 "-" "Mozilla/5.0 (compatible; MJ12bot/v1.4.5; http://www.majestic12.co.uk/bot.php?+)"
7.ip-51-255-51.eu - - [27/Sep/2016:01:37:12 +0300] "GET /cinemaTicket/hall/46966 HTTP/1.0" 404 6043 "-" "Mozilla/5.0 (compatible; MJ12bot/v1.4.5; http://www.majestic12.co.uk/bot.php?+)"
7.ip-51-255-51.eu - - [27/Sep/2016:01:37:13 +0300] "GET /cinemaTicket/hall/46967 HTTP/1.0" 404 6043 "-" "Mozilla/5.0 (compatible; MJ12bot/v1.4.5; http://www.majestic12.co.uk/bot.php?+)"
7.ip-51-255-51.eu - - [27/Sep/2016:01:37:15 +0300] "GET /cinemaTicket/hall/46968 HTTP/1.0" 404 6043 "-" "Mozilla/5.0 (compatible; MJ12bot/v1.4.5; http://www.majestic12.co.uk/bot.php?+)"
7.ip-51-255-51.eu - - [27/Sep/2016:01:37:16 +0300] "GET /cinemaTicket/hall/46976 HTTP/1.0" 404 6043 "-" "Mozilla/5.0 (compatible; MJ12bot/v1.4.5; http://www.majestic12.co.uk/bot.php?+)"
7.ip-51-255-51.eu - - [27/Sep/2016:01:37:18 +0300] "GET /cinemaTicket/hall/48192 HTTP/1.0" 404 6043 "-" "Mozilla/5.0 (compatible; MJ12bot/v1.4.5; http://www.majestic12.co.uk/bot.php?+)"
7.ip-51-255-51.eu - - [27/Sep/2016:01:37:19 +0300] "GET /cinemaTicket/hall/48193 HTTP/1.0" 404 6043 "-" "Mozilla/5.0 (compatible; MJ12bot/v1.4.5; http://www.majestic12.co.uk/bot.php?+)"
7.ip-51-255-51.eu - - [27/Sep/2016:01:37:21 +0300] "GET /cinemaTicket/hall/48206 HTTP/1.0" 404 6043 "-" "Mozilla/5.0 (compatible; MJ12bot/v1.4.5; http://www.majestic12.co.uk/bot.php?+)"
7.ip-51-255-51.eu - - [27/Sep/2016:01:37:22 +0300] "GET /cinemaTicket/hall/48207 HTTP/1.0" 404 6043 "-" "Mozilla/5.0 (compatible; MJ12bot/v1.4.5; http://www.majestic12.co.uk/bot.php?+)"
7.ip-51-255-51.eu - - [27/Sep/2016:01:37:24 +0300] "GET /cinemaTicket/hall/48208 HTTP/1.0" 404 6043 "-" "Mozilla/5.0 (compatible; MJ12bot/v1.4.5; http://www.majestic12.co.uk/bot.php?+)"
7.ip-51-255-51.eu - - [27/Sep/2016:01:37:25 +0300] "GET /cinemaTicket/hall/48209 HTTP/1.0" 404 6043 "-" "Mozilla/5.0 (compatible; MJ12bot/v1.4.5; http://www.majestic12.co.uk/bot.php?+)"
7.ip-51-255-51.eu - - [27/Sep/2016:01:37:27 +0300] "GET /cinemaTicket/hall/48210 HTTP/1.0" 404 6043 "-" "Mozilla/5.0 (compatible; MJ12bot/v1.4.5; http://www.majestic12.co.uk/bot.php?+)"
7.ip-51-255-51.eu - - [27/Sep/2016:01:37:28 +0300] "GET /cinemaTicket/hall/48211 HTTP/1.0" 404 6043 "-" "Mozilla/5.0 (compatible; MJ12bot/v1.4.5; http://www.majestic12.co.uk/bot.php?+)"
7.ip-51-255-51.eu - - [27/Sep/2016:01:37:30 +0300] "GET /cinemaTicket/hall/48212 HTTP/1.0" 404 6043 "-" "Mozilla/5.0 (compatible; MJ12bot/v1.4.5; http://www.majestic12.co.uk/bot.php?+)"
7.ip-51-255-51.eu - - [27/Sep/2016:01:37:31 +0300] "GET /cinemaTicket/hall/48213 HTTP/1.0" 404 6043 "-" "Mozilla/5.0 (compatible; MJ12bot/v1.4.5; http://www.majestic12.co.uk/bot.php?+)"
7.ip-51-255-51.eu - - [27/Sep/2016:01:37:33 +0300] "GET /cinemaTicket/showtimes/list/date/03.08.2016 HTTP/1.0" 200 8501 "-" "Mozilla/5.0 (compatible; MJ12bot/v1.4.5; http://www.majestic12.co.uk/bot.php?+)"
7.ip-51-255-51.eu - - [27/Sep/2016:01:37:34 +0300] "GET /cinemaTicket/showtimes/list/date/07.09.2016 HTTP/1.0" 200 8501 "-" "Mozilla/5.0 (compatible; MJ12bot/v1.4.5; http://www.majestic12.co.uk/bot.php?+)"
7.ip-51-255-51.eu - - [27/Sep/2016:01:37:36 +0300] "GET /cinemaTicket/showtimes/list/date/12.09.2016 HTTP/1.0" 200 8502 "-" "Mozilla/5.0 (compatible; MJ12bot/v1.4.5; http://www.majestic12.co.uk/bot.php?+)"
7.ip-51-255-51.eu - - [27/Sep/2016:01:37:37 +0300] "GET /cinemaTicket/showtimes/list/date/13.09.2016 HTTP/1.0" 200 8502 "-" "Mozilla/5.0 (compatible; MJ12bot/v1.4.5; http://www.majestic12.co.uk/bot.php?+)"
7.ip-51-255-51.eu - - [27/Sep/2016:01:37:39 +0300] "GET /cinemaTicket/showtimes/list/date/14.09.2016 HTTP/1.0" 200 8502 "-" "Mozilla/5.0 (compatible; MJ12bot/v1.4.5; http://www.majestic12.co.uk/bot.php?+)"
host126.net176-62-76.bs-telecom.net - - [27/Sep/2016:01:38:01 +0300] "GET /favicon.ico HTTP/1.0" 404 6043 "-" "Mozilla/5.0 (Windows NT 10.0; WOW64) AppleWebKit/537.36 (KHTML, like Gecko) Chrome/52.0.2743.116 YaBrowser/16.9.1.1131 (dfl2nc9ks) Yowser/2.5 Safari/537.36"
host126.net176-62-76.bs-telecom.net - - [27/Sep/2016:01:39:01 +0300] "GET /favicon.ico HTTP/1.0" 404 6043 "-" "Mozilla/5.0 (Windows NT 10.0; WOW64) AppleWebKit/537.36 (KHTML, like Gecko) Chrome/52.0.2743.116 YaBrowser/16.9.1.1131 (dfl2nc9ks) Yowser/2.5 Safari/537.36"
host126.net176-62-76.bs-telecom.net - - [27/Sep/2016:01:40:01 +0300] "GET /favicon.ico HTTP/1.0" 404 6043 "-" "Mozilla/5.0 (Windows NT 10.0; WOW64) AppleWebKit/537.36 (KHTML, like Gecko) Chrome/52.0.2743.116 YaBrowser/16.9.1.1131 (dfl2nc9ks) Yowser/2.5 Safari/537.36"
host126.net176-62-76.bs-telecom.net - - [27/Sep/2016:01:41:01 +0300] "GET /favicon.ico HTTP/1.0" 404 6043 "-" "Mozilla/5.0 (Windows NT 10.0; WOW64) AppleWebKit/537.36 (KHTML, like Gecko) Chrome/52.0.2743.116 YaBrowser/16.9.1.1131 (dfl2nc9ks) Yowser/2.5 Safari/537.36"
spider-178-154-149-7.yandex.com - - [27/Sep/2016:01:41:10 +0300] "GET /cinema/film/454 HTTP/1.0" 200 7768 "-" "Mozilla/5.0 (compatible; YandexBot/3.0; +http://yandex.com/bots)"
host126.net176-62-76.bs-telecom.net - - [27/Sep/2016:01:42:01 +0300] "GET /favicon.ico HTTP/1.0" 404 6043 "-" "Mozilla/5.0 (Windows NT 10.0; WOW64) AppleWebKit/537.36 (KHTML, like Gecko) Chrome/52.0.2743.116 YaBrowser/16.9.1.1131 (dfl2nc9ks) Yowser/2.5 Safari/537.36"
msnbot-207-46-13-69.search.msn.com - - [27/Sep/2016:01:42:02 +0300] "GET /cinemaTicket/showtimes/list/date/08.04.2015 HTTP/1.0" 200 8501 "-" "Mozilla/5.0 (compatible; bingbot/2.0; +http://www.bing.com/bingbot.htm)"
host126.net176-62-76.bs-telecom.net - - [27/Sep/2016:01:43:01 +0300] "GET /favicon.ico HTTP/1.0" 404 6043 "-" "Mozilla/5.0 (Windows NT 10.0; WOW64) AppleWebKit/537.36 (KHTML, like Gecko) Chrome/52.0.2743.116 YaBrowser/16.9.1.1131 (dfl2nc9ks) Yowser/2.5 Safari/537.36"
host126.net176-62-76.bs-telecom.net - - [27/Sep/2016:01:44:01 +0300] "GET /favicon.ico HTTP/1.0" 404 6043 "-" "Mozilla/5.0 (Windows NT 10.0; WOW64) AppleWebKit/537.36 (KHTML, like Gecko) Chrome/52.0.2743.116 YaBrowser/16.9.1.1131 (dfl2nc9ks) Yowser/2.5 Safari/537.36"
host126.net176-62-76.bs-telecom.net - - [27/Sep/2016:01:45:01 +0300] "GET /favicon.ico HTTP/1.0" 404 6043 "-" "Mozilla/5.0 (Windows NT 10.0; WOW64) AppleWebKit/537.36 (KHTML, like Gecko) Chrome/52.0.2743.116 YaBrowser/16.9.1.1131 (dfl2nc9ks) Yowser/2.5 Safari/537.36"
host126.net176-62-76.bs-telecom.net - - [27/Sep/2016:01:46:01 +0300] "GET /favicon.ico HTTP/1.0" 404 6043 "-" "Mozilla/5.0 (Windows NT 10.0; WOW64) AppleWebKit/537.36 (KHTML, like Gecko) Chrome/52.0.2743.116 YaBrowser/16.9.1.1131 (dfl2nc9ks) Yowser/2.5 Safari/537.36"
217.69.134.148 - - [27/Sep/2016:01:46:33 +0300] "GET /news/news/read/url/prodazha-biletov-onlajn HTTP/1.0" 403 633 "-" "Mozilla/5.0 (compatible; Linux x86_64; Mail.RU_Bot/Fast/2.0; +http://go.mail.ru/help/robots)"
crawl-66-249-66-129.googlebot.com - - [27/Sep/2016:01:46:34 +0300] "GET /cinemaTicket/hall/48416 HTTP/1.0" 404 6043 "-" "Mozilla/5.0 (compatible; Googlebot/2.1; +http://www.google.com/bot.html)"
62-210-94-38.rev.poneytelecom.eu - - [27/Sep/2016:01:46:50 +0300] "GET / HTTP/1.0" 200 11522 "http://mail.ru/" "Mozilla/5.0 (Windows NT 10.0; WOW64) AppleWebKit/537.36 (KHTML, like Gecko) Chrome/50.0.2661.102 Safari/537.36"
host126.net176-62-76.bs-telecom.net - - [27/Sep/2016:01:47:01 +0300] "GET /favicon.ico HTTP/1.0" 404 6043 "-" "Mozilla/5.0 (Windows NT 10.0; WOW64) AppleWebKit/537.36 (KHTML, like Gecko) Chrome/52.0.2743.116 YaBrowser/16.9.1.1131 (dfl2nc9ks) Yowser/2.5 Safari/537.36"
host126.net176-62-76.bs-telecom.net - - [27/Sep/2016:01:48:01 +0300] "GET /favicon.ico HTTP/1.0" 404 6043 "-" "Mozilla/5.0 (Windows NT 10.0; WOW64) AppleWebKit/537.36 (KHTML, like Gecko) Chrome/52.0.2743.116 YaBrowser/16.9.1.1131 (dfl2nc9ks) Yowser/2.5 Safari/537.36"
spider-178-154-149-7.yandex.com - - [27/Sep/2016:01:48:37 +0300] "GET /cinema/soon HTTP/1.0" 200 8534 "-" "Mozilla/5.0 (compatible; YandexAccessibilityBot/3.0; +http://yandex.com/bots)"
host126.net176-62-76.bs-telecom.net - - [27/Sep/2016:01:49:01 +0300] "GET /favicon.ico HTTP/1.0" 404 6043 "-" "Mozilla/5.0 (Windows NT 10.0; WOW64) AppleWebKit/537.36 (KHTML, like Gecko) Chrome/52.0.2743.116 YaBrowser/16.9.1.1131 (dfl2nc9ks) Yowser/2.5 Safari/537.36"
host126.net176-62-76.bs-telecom.net - - [27/Sep/2016:01:50:01 +0300] "GET /favicon.ico HTTP/1.0" 404 6043 "-" "Mozilla/5.0 (Windows NT 10.0; WOW64) AppleWebKit/537.36 (KHTML, like Gecko) Chrome/52.0.2743.116 YaBrowser/16.9.1.1131 (dfl2nc9ks) Yowser/2.5 Safari/537.36"
31.173.80.97 - - [27/Sep/2016:01:50:23 +0300] "GET /user/login HTTP/1.0" 200 10236 "http://yandex.ru/clck/jsredir?from=yandex.ru%3Bsearch%3Bweb%3B%3B&text=&etext=1190.adenlPtCGYyo0LbRaUMstnx44_vJXpucjmeMkgi1Pwwwb2WaE7otP9Z6FE3LrPaM.f8e2697f2aa018311cd7704537b5e36df3864c72&uuid=&state=_BLhILn4SxNIvvL0W45KSic66uCIg23qh8iRG98qeIXmeppkgUc0YGv9iZwKiy-E54GYiollMFA&data=UlNrNmk5WktYejR0eWJFYk1LdmtxbEh6cGhfMWZWTWVzMzl0SXU5bjNkbXk1cHBsSkp6MDZrNF9fRVRVOGRaN1YwUGhsdDBoVDJsQTV3M3VnSTZjYTlvSlpyRTRadmRqenJpTjNad0NNejBJSTBPLVd5aTZZWjhMLXBJS205emE&b64e=2&sign=0edfde7ae21432af7411dcfa674033b2&keyno=0&cst=AiuY0DBWFJ7IXge4WdYJQaYgAYq7JarrVYbRGJ5G8b5BP1hiIvdT1dDGAhkzau0DOH_-t9ILr7WCCoXe-E0pwR723I6EFjLXqgq3yPQ5jbJ-VNYWFN4NyuCunkHxroynzBVJdPLmx8PFO0IT2vpJyF_JxFZlyZXD&ref=orjY4mGPRjk5boDnW0uvlrrd71vZw9kp5uQozpMtKCVwjJVQHb9Cs5jF9Pvl8Ywb5xfPclOyUHDpbOXRLrDMizzLxT4Nm4q6RorwN8iooBhp4xYDwfXtjKPOqOF9orKq&l10n=ru&cts=1474930014789&mc=5.44233935115" "Opera/9.80 (J2ME/MIDP; Opera Mini/5.1.22296/28.2725; U; ru) Presto/2.8.119 Version/11.10"
crawl-66-249-66-129.googlebot.com - - [27/Sep/2016:01:50:51 +0300] "GET /cinemaTicket/showtimes HTTP/1.0" 200 26678 "-" "Mozilla/5.0 (compatible; Googlebot/2.1; +http://www.google.com/bot.html)"
host126.net176-62-76.bs-telecom.net - - [27/Sep/2016:01:51:01 +0300] "GET /favicon.ico HTTP/1.0" 404 6043 "-" "Mozilla/5.0 (Windows NT 10.0; WOW64) AppleWebKit/537.36 (KHTML, like Gecko) Chrome/52.0.2743.116 YaBrowser/16.9.1.1131 (dfl2nc9ks) Yowser/2.5 Safari/537.36"
crawl-66-249-66-186.googlebot.com - - [27/Sep/2016:01:51:33 +0300] "GET /cinemaTicket/hall/48642 HTTP/1.0" 200 39415 "-" "Mozilla/5.0 (compatible; Googlebot/2.1; +http://www.google.com/bot.html)"
crawl-66-249-66-186.googlebot.com - - [27/Sep/2016:01:51:35 +0300] "GET /cinemaTicket/hall/48646 HTTP/1.0" 200 38411 "-" "Mozilla/5.0 (compatible; Googlebot/2.1; +http://www.google.com/bot.html)"
crawl-66-249-66-186.googlebot.com - - [27/Sep/2016:01:51:37 +0300] "GET /cinemaTicket/hall/48630 HTTP/1.0" 200 24176 "-" "Mozilla/5.0 (compatible; Googlebot/2.1; +http://www.google.com/bot.html)"
crawl-66-249-66-186.googlebot.com - - [27/Sep/2016:01:51:39 +0300] "GET /cinemaTicket/hall/48648 HTTP/1.0" 200 27062 "-" "Mozilla/5.0 (compatible; Googlebot/2.1; +http://www.google.com/bot.html)"
crawl-66-249-66-186.googlebot.com - - [27/Sep/2016:01:51:40 +0300] "GET /cinemaTicket/hall/48637 HTTP/1.0" 200 27062 "-" "Mozilla/5.0 (compatible; Googlebot/2.1; +http://www.google.com/bot.html)"
crawl-66-249-66-186.googlebot.com - - [27/Sep/2016:01:51:43 +0300] "GET /cinemaTicket/hall/48636 HTTP/1.0" 200 27098 "-" "Mozilla/5.0 (compatible; Googlebot/2.1; +http://www.google.com/bot.html)"
crawl-66-249-66-186.googlebot.com - - [27/Sep/2016:01:51:45 +0300] "GET /cinemaTicket/hall/48645 HTTP/1.0" 200 39381 "-" "Mozilla/5.0 (compatible; Googlebot/2.1; +http://www.google.com/bot.html)"
crawl-66-249-66-186.googlebot.com - - [27/Sep/2016:01:51:46 +0300] "GET /cinemaTicket/hall/48633 HTTP/1.0" 200 23289 "-" "Mozilla/5.0 (compatible; Googlebot/2.1; +http://www.google.com/bot.html)"
crawl-66-249-66-186.googlebot.com - - [27/Sep/2016:01:51:48 +0300] "GET /cinemaTicket/hall/48626 HTTP/1.0" 200 24192 "-" "Mozilla/5.0 (compatible; Googlebot/2.1; +http://www.google.com/bot.html)"
crawl-66-249-66-186.googlebot.com - - [27/Sep/2016:01:51:49 +0300] "GET /cinemaTicket/hall/48627 HTTP/1.0" 200 24130 "-" "Mozilla/5.0 (compatible; Googlebot/2.1; +http://www.google.com/bot.html)"
crawl-66-249-66-186.googlebot.com - - [27/Sep/2016:01:51:51 +0300] "GET /cinemaTicket/hall/48638 HTTP/1.0" 200 27054 "-" "Mozilla/5.0 (compatible; Googlebot/2.1; +http://www.google.com/bot.html)"
crawl-66-249-66-186.googlebot.com - - [27/Sep/2016:01:51:53 +0300] "GET /cinemaTicket/hall/48641 HTTP/1.0" 200 24134 "-" "Mozilla/5.0 (compatible; Googlebot/2.1; +http://www.google.com/bot.html)"
crawl-66-249-66-186.googlebot.com - - [27/Sep/2016:01:51:54 +0300] "GET /cinemaTicket/hall/48647 HTTP/1.0" 200 24192 "-" "Mozilla/5.0 (compatible; Googlebot/2.1; +http://www.google.com/bot.html)"
crawl-66-249-66-186.googlebot.com - - [27/Sep/2016:01:51:57 +0300] "GET /cinemaTicket/hall/48628 HTTP/1.0" 200 27076 "-" "Mozilla/5.0 (compatible; Googlebot/2.1; +http://www.google.com/bot.html)"
crawl-66-249-66-186.googlebot.com - - [27/Sep/2016:01:51:58 +0300] "GET /cinemaTicket/hall/48625 HTTP/1.0" 200 24192 "-" "Mozilla/5.0 (compatible; Googlebot/2.1; +http://www.google.com/bot.html)"
crawl-66-249-66-186.googlebot.com - - [27/Sep/2016:01:52:00 +0300] "GET /cinemaTicket/hall/48635 HTTP/1.0" 200 27142 "-" "Mozilla/5.0 (compatible; Googlebot/2.1; +http://www.google.com/bot.html)"
host126.net176-62-76.bs-telecom.net - - [27/Sep/2016:01:52:01 +0300] "GET /favicon.ico HTTP/1.0" 404 6043 "-" "Mozilla/5.0 (Windows NT 10.0; WOW64) AppleWebKit/537.36 (KHTML, like Gecko) Chrome/52.0.2743.116 YaBrowser/16.9.1.1131 (dfl2nc9ks) Yowser/2.5 Safari/537.36"
crawl-66-249-66-186.googlebot.com - - [27/Sep/2016:01:52:03 +0300] "GET /cinemaTicket/hall/48643 HTTP/1.0" 200 39356 "-" "Mozilla/5.0 (compatible; Googlebot/2.1; +http://www.google.com/bot.html)"
crawl-66-249-66-186.googlebot.com - - [27/Sep/2016:01:52:04 +0300] "GET /cinemaTicket/hall/48631 HTTP/1.0" 200 24152 "-" "Mozilla/5.0 (compatible; Googlebot/2.1; +http://www.google.com/bot.html)"
crawl-66-249-66-186.googlebot.com - - [27/Sep/2016:01:52:06 +0300] "GET /cinemaTicket/hall/48644 HTTP/1.0" 200 39411 "-" "Mozilla/5.0 (compatible; Googlebot/2.1; +http://www.google.com/bot.html)"
crawl-66-249-66-186.googlebot.com - - [27/Sep/2016:01:52:07 +0300] "GET /cinemaTicket/hall/48629 HTTP/1.0" 200 39435 "-" "Mozilla/5.0 (compatible; Googlebot/2.1; +http://www.google.com/bot.html)"
crawl-66-249-66-186.googlebot.com - - [27/Sep/2016:01:52:10 +0300] "GET /cinemaTicket/hall/48634 HTTP/1.0" 200 27098 "-" "Mozilla/5.0 (compatible; Googlebot/2.1; +http://www.google.com/bot.html)"
crawl-66-249-66-186.googlebot.com - - [27/Sep/2016:01:52:13 +0300] "GET /cinemaTicket/hall/48649 HTTP/1.0" 200 39381 "-" "Mozilla/5.0 (compatible; Googlebot/2.1; +http://www.google.com/bot.html)"
crawl-66-249-66-186.googlebot.com - - [27/Sep/2016:01:52:16 +0300] "GET /cinemaTicket/hall/48632 HTTP/1.0" 200 26244 "-" "Mozilla/5.0 (compatible; Googlebot/2.1; +http://www.google.com/bot.html)"
crawl-66-249-66-186.googlebot.com - - [27/Sep/2016:01:52:17 +0300] "GET /cinemaTicket/hall/48639 HTTP/1.0" 200 39381 "-" "Mozilla/5.0 (compatible; Googlebot/2.1; +http://www.google.com/bot.html)"
crawl-66-249-66-186.googlebot.com - - [27/Sep/2016:01:52:19 +0300] "GET /cinemaTicket/hall/48640 HTTP/1.0" 200 39494 "-" "Mozilla/5.0 (compatible; Googlebot/2.1; +http://www.google.com/bot.html)"
crawl-66-249-66-186.googlebot.com - - [27/Sep/2016:01:52:23 +0300] "GET /cinemaTicket/showtimes/list/date/30.09.2016 HTTP/1.0" 200 25269 "-" "Mozilla/5.0 (compatible; Googlebot/2.1; +http://www.google.com/bot.html)"
crawl-66-249-66-186.googlebot.com - - [27/Sep/2016:01:52:26 +0300] "GET /cinemaTicket/showtimes/list/date/01.10.2016 HTTP/1.0" 200 25269 "-" "Mozilla/5.0 (compatible; Googlebot/2.1; +http://www.google.com/bot.html)"
crawl-66-249-66-186.googlebot.com - - [27/Sep/2016:01:52:28 +0300] "GET /cinemaTicket/showtimes/list/date/29.09.2016 HTTP/1.0" 200 24720 "-" "Mozilla/5.0 (compatible; Googlebot/2.1; +http://www.google.com/bot.html)"
crawl-66-249-66-186.googlebot.com - - [27/Sep/2016:01:52:31 +0300] "GET /cinemaTicket/showtimes/list/date/02.10.2016 HTTP/1.0" 200 24720 "-" "Mozilla/5.0 (compatible; Googlebot/2.1; +http://www.google.com/bot.html)"
host126.net176-62-76.bs-telecom.net - - [27/Sep/2016:01:53:01 +0300] "GET /favicon.ico HTTP/1.0" 404 6043 "-" "Mozilla/5.0 (Windows NT 10.0; WOW64) AppleWebKit/537.36 (KHTML, like Gecko) Chrome/52.0.2743.116 YaBrowser/16.9.1.1131 (dfl2nc9ks) Yowser/2.5 Safari/537.36"
host126.net176-62-76.bs-telecom.net - - [27/Sep/2016:01:54:01 +0300] "GET /favicon.ico HTTP/1.0" 404 6043 "-" "Mozilla/5.0 (Windows NT 10.0; WOW64) AppleWebKit/537.36 (KHTML, like Gecko) Chrome/52.0.2743.116 YaBrowser/16.9.1.1131 (dfl2nc9ks) Yowser/2.5 Safari/537.36"
host126.net176-62-76.bs-telecom.net - - [27/Sep/2016:01:55:01 +0300] "GET /favicon.ico HTTP/1.0" 404 6043 "-" "Mozilla/5.0 (Windows NT 10.0; WOW64) AppleWebKit/537.36 (KHTML, like Gecko) Chrome/52.0.2743.116 YaBrowser/16.9.1.1131 (dfl2nc9ks) Yowser/2.5 Safari/537.36"
host126.net176-62-76.bs-telecom.net - - [27/Sep/2016:01:56:02 +0300] "GET /favicon.ico HTTP/1.0" 404 6043 "-" "Mozilla/5.0 (Windows NT 10.0; WOW64) AppleWebKit/537.36 (KHTML, like Gecko) Chrome/52.0.2743.116 YaBrowser/16.9.1.1131 (dfl2nc9ks) Yowser/2.5 Safari/537.36"
host126.net176-62-76.bs-telecom.net - - [27/Sep/2016:01:57:01 +0300] "GET /favicon.ico HTTP/1.0" 404 6043 "-" "Mozilla/5.0 (Windows NT 10.0; WOW64) AppleWebKit/537.36 (KHTML, like Gecko) Chrome/52.0.2743.116 YaBrowser/16.9.1.1131 (dfl2nc9ks) Yowser/2.5 Safari/537.36"
host126.net176-62-76.bs-telecom.net - - [27/Sep/2016:01:58:01 +0300] "GET /favicon.ico HTTP/1.0" 404 6043 "-" "Mozilla/5.0 (Windows NT 10.0; WOW64) AppleWebKit/537.36 (KHTML, like Gecko) Chrome/52.0.2743.116 YaBrowser/16.9.1.1131 (dfl2nc9ks) Yowser/2.5 Safari/537.36"
ip-176-193-196-24.bb.netbynet.ru - - [27/Sep/2016:01:58:35 +0300] "GET / HTTP/1.0" 200 11522 "http://yandex.ru/clck/jsredir?from=yandex.ru%3Bsearch%3Bweb%3B%3B&text=&etext=1190.Wh7uAOh5UjffQJn6emDMgTavpuZoCb_obiBII5MDFH-A-2jIByFApdWheaRG_pLd.f7a853a0fd91b6d33c4d19cde49aab1f176fdaea&uuid=&state=_BLhILn4SxNIvvL0W45KSic66uCIg23qh8iRG98qeIXmeppkgUc0YGHEttDsYq_w3pSJtejupWg&data=UlNrNmk5WktYejR0eWJFYk1LdmtxbEh6cGhfMWZWTWVzMzl0SXU5bjNkbXk1cHBsSkp6MDZnS3BsckpTSlBIWHhhdlU0VVNjdXA0Zm9EUHl2NUY1aTN0cXRDU2VfY0F5Ri05SVREZXhfYTg&b64e=2&sign=1fb67f7cb00aa8d37eff6187947069d6&keyno=0&cst=AiuY0DBWFJ7IXge4WdYJQe3IrxbPWIv4_dt-tiXdPvx8fCiTOeIYuTk33NwYLjxzepjpae86S7d7Arg4_HRg79G3RwIy1ax0mSqATwW7H4P2bgTOrCrroOxC7iflUJC-r2nUqxXymGAJjGGQrD0iYRD9O_dq_dlZ&ref=orjY4mGPRjk5boDnW0uvlrrd71vZw9kp5uQozpMtKCXboeqr305aICDx52HBL0_GM5HbKmIV6kU-OQbDJO1koS1DmqkMfSPN3siZ5BhoioXyoiLFVgvy8c5_hZ616Kdr&l10n=ru&cts=1474930047237&mc=6.28374962918" "Mozilla/4.0 (compatible; MSIE 8.0; Windows NT 5.1; Trident/4.0; GTB7.5)"
ip-176-193-196-24.bb.netbynet.ru - - [27/Sep/2016:01:58:38 +0300] "GET /flash/baner.swf HTTP/1.0" 200 5330 "http://www.kristall-kino.ru/" "Mozilla/4.0 (compatible; MSIE 8.0; Windows NT 5.1; Trident/4.0; GTB7.5)"
host126.net176-62-76.bs-telecom.net - - [27/Sep/2016:01:59:01 +0300] "GET /favicon.ico HTTP/1.0" 404 6043 "-" "Mozilla/5.0 (Windows NT 10.0; WOW64) AppleWebKit/537.36 (KHTML, like Gecko) Chrome/52.0.2743.116 YaBrowser/16.9.1.1131 (dfl2nc9ks) Yowser/2.5 Safari/537.36"
host-91-105-139-3.bbcustomer.zsttk.net - - [27/Sep/2016:01:59:21 +0300] "GET /cinemaTicket/showtimes HTTP/1.0" 200 26678 "-" "Mozilla/5.0 (Linux; Android 4.2.2; ZTE V808 Build/JDQ39) AppleWebKit/537.36 (KHTML, like Gecko) Chrome/51.0.2704.81 Mobile Safari/537.36"
host-91-105-139-3.bbcustomer.zsttk.net - - [27/Sep/2016:01:59:53 +0300] "GET /cinemaTicket/showtimes/list/date/28.09.2016 HTTP/1.0" 200 26678 "http://kristall-kino.ru/cinemaTicket/showtimes" "Mozilla/5.0 (Linux; Android 4.2.2; ZTE V808 Build/JDQ39) AppleWebKit/537.36 (KHTML, like Gecko) Chrome/51.0.2704.81 Mobile Safari/537.36"
host126.net176-62-76.bs-telecom.net - - [27/Sep/2016:02:00:01 +0300] "GET /favicon.ico HTTP/1.0" 404 6043 "-" "Mozilla/5.0 (Windows NT 10.0; WOW64) AppleWebKit/537.36 (KHTML, like Gecko) Chrome/52.0.2743.116 YaBrowser/16.9.1.1131 (dfl2nc9ks) Yowser/2.5 Safari/537.36"
91.105.139.3 - - [27/Sep/2016:02:00:05 +0300] "GET /cinemaTicket/showtimes/list/date/29.09.2016 HTTP/1.0" 200 24720 "http://kristall-kino.ru/cinemaTicket/showtimes/list/date/28.09.2016" "Mozilla/5.0 (Linux; Android 4.2.2; ZTE V808 Build/JDQ39) AppleWebKit/537.36 (KHTML, like Gecko) Chrome/51.0.2704.81 Mobile Safari/537.36"
91.105.139.3 - - [27/Sep/2016:02:00:13 +0300] "GET /cinemaTicket/hall/48700 HTTP/1.0" 200 38609 "http://kristall-kino.ru/cinemaTicket/showtimes/list/date/29.09.2016" "Mozilla/5.0 (Linux; Android 4.2.2; ZTE V808 Build/JDQ39) AppleWebKit/537.36 (KHTML, like Gecko) Chrome/51.0.2704.81 Mobile Safari/537.36"
91.105.139.3 - - [27/Sep/2016:02:00:20 +0300] "GET /cinemaTicket/hall/48701 HTTP/1.0" 200 39365 "http://kristall-kino.ru/cinemaTicket/showtimes/list/date/29.09.2016" "Mozilla/5.0 (Linux; Android 4.2.2; ZTE V808 Build/JDQ39) AppleWebKit/537.36 (KHTML, like Gecko) Chrome/51.0.2704.81 Mobile Safari/537.36"
91.105.139.3 - - [27/Sep/2016:02:00:27 +0300] "GET /cinemaTicket/hall/48702 HTTP/1.0" 200 39375 "http://kristall-kino.ru/cinemaTicket/showtimes/list/date/29.09.2016" "Mozilla/5.0 (Linux; Android 4.2.2; ZTE V808 Build/JDQ39) AppleWebKit/537.36 (KHTML, like Gecko) Chrome/51.0.2704.81 Mobile Safari/537.36"
91.105.139.3 - - [27/Sep/2016:02:00:34 +0300] "GET /cinemaTicket/hall/48703 HTTP/1.0" 200 39365 "http://kristall-kino.ru/cinemaTicket/showtimes/list/date/29.09.2016" "Mozilla/5.0 (Linux; Android 4.2.2; ZTE V808 Build/JDQ39) AppleWebKit/537.36 (KHTML, like Gecko) Chrome/51.0.2704.81 Mobile Safari/537.36"
91.105.139.3 - - [27/Sep/2016:02:00:44 +0300] "GET /cinemaTicket/hall/48704 HTTP/1.0" 200 39365 "http://kristall-kino.ru/cinemaTicket/showtimes/list/date/29.09.2016" "Mozilla/5.0 (Linux; Android 4.2.2; ZTE V808 Build/JDQ39) AppleWebKit/537.36 (KHTML, like Gecko) Chrome/51.0.2704.81 Mobile Safari/537.36"
91.105.139.3 - - [27/Sep/2016:02:00:51 +0300] "GET /cinemaTicket/hall/48705 HTTP/1.0" 200 39365 "http://kristall-kino.ru/cinemaTicket/showtimes/list/date/29.09.2016" "Mozilla/5.0 (Linux; Android 4.2.2; ZTE V808 Build/JDQ39) AppleWebKit/537.36 (KHTML, like Gecko) Chrome/51.0.2704.81 Mobile Safari/537.36"
91.105.139.3 - - [27/Sep/2016:02:00:58 +0300] "GET /cinemaTicket/hall/48706 HTTP/1.0" 200 39365 "http://kristall-kino.ru/cinemaTicket/showtimes/list/date/29.09.2016" "Mozilla/5.0 (Linux; Android 4.2.2; ZTE V808 Build/JDQ39) AppleWebKit/537.36 (KHTML, like Gecko) Chrome/51.0.2704.81 Mobile Safari/537.36"
176.62.76.126 - - [27/Sep/2016:02:01:01 +0300] "GET /favicon.ico HTTP/1.0" 404 6043 "-" "Mozilla/5.0 (Windows NT 10.0; WOW64) AppleWebKit/537.36 (KHTML, like Gecko) Chrome/52.0.2743.116 YaBrowser/16.9.1.1131 (dfl2nc9ks) Yowser/2.5 Safari/537.36"
91.105.139.3 - - [27/Sep/2016:02:01:04 +0300] "GET /cinemaTicket/hall/48707 HTTP/1.0" 200 39365 "http://kristall-kino.ru/cinemaTicket/showtimes/list/date/29.09.2016" "Mozilla/5.0 (Linux; Android 4.2.2; ZTE V808 Build/JDQ39) AppleWebKit/537.36 (KHTML, like Gecko) Chrome/51.0.2704.81 Mobile Safari/537.36"
91.105.139.3 - - [27/Sep/2016:02:01:11 +0300] "GET /cinemaTicket/hall/48696 HTTP/1.0" 200 26210 "http://kristall-kino.ru/cinemaTicket/showtimes/list/date/29.09.2016" "Mozilla/5.0 (Linux; Android 4.2.2; ZTE V808 Build/JDQ39) AppleWebKit/537.36 (KHTML, like Gecko) Chrome/51.0.2704.81 Mobile Safari/537.36"
91.105.139.3 - - [27/Sep/2016:02:01:17 +0300] "GET /cinemaTicket/hall/48694 HTTP/1.0" 200 27078 "http://kristall-kino.ru/cinemaTicket/showtimes/list/date/29.09.2016" "Mozilla/5.0 (Linux; Android 4.2.2; ZTE V808 Build/JDQ39) AppleWebKit/537.36 (KHTML, like Gecko) Chrome/51.0.2704.81 Mobile Safari/537.36"
91.105.139.3 - - [27/Sep/2016:02:01:22 +0300] "GET /cinemaTicket/hall/48689 HTTP/1.0" 200 27078 "http://kristall-kino.ru/cinemaTicket/showtimes/list/date/29.09.2016" "Mozilla/5.0 (Linux; Android 4.2.2; ZTE V808 Build/JDQ39) AppleWebKit/537.36 (KHTML, like Gecko) Chrome/51.0.2704.81 Mobile Safari/537.36"
91.105.139.3 - - [27/Sep/2016:02:01:33 +0300] "GET /cinemaTicket/hall/48708 HTTP/1.0" 200 23444 "http://kristall-kino.ru/cinemaTicket/showtimes/list/date/29.09.2016" "Mozilla/5.0 (Linux; Android 4.2.2; ZTE V808 Build/JDQ39) AppleWebKit/537.36 (KHTML, like Gecko) Chrome/51.0.2704.81 Mobile Safari/537.36"
91.105.139.3 - - [27/Sep/2016:02:01:39 +0300] "GET /cinemaTicket/hall/48709 HTTP/1.0" 200 27120 "http://kristall-kino.ru/cinemaTicket/showtimes/list/date/29.09.2016" "Mozilla/5.0 (Linux; Android 4.2.2; ZTE V808 Build/JDQ39) AppleWebKit/537.36 (KHTML, like Gecko) Chrome/51.0.2704.81 Mobile Safari/537.36"
91.105.139.3 - - [27/Sep/2016:02:01:46 +0300] "GET /cinemaTicket/hall/48710 HTTP/1.0" 200 24200 "http://kristall-kino.ru/cinemaTicket/showtimes/list/date/29.09.2016" "Mozilla/5.0 (Linux; Android 4.2.2; ZTE V808 Build/JDQ39) AppleWebKit/537.36 (KHTML, like Gecko) Chrome/51.0.2704.81 Mobile Safari/537.36"
91.105.139.3 - - [27/Sep/2016:02:01:52 +0300] "GET /cinemaTicket/hall/48712 HTTP/1.0" 200 24200 "http://kristall-kino.ru/cinemaTicket/showtimes/list/date/29.09.2016" "Mozilla/5.0 (Linux; Android 4.2.2; ZTE V808 Build/JDQ39) AppleWebKit/537.36 (KHTML, like Gecko) Chrome/51.0.2704.81 Mobile Safari/537.36"
91.105.139.3 - - [27/Sep/2016:02:01:58 +0300] "GET /cinemaTicket/hall/48713 HTTP/1.0" 200 27120 "http://kristall-kino.ru/cinemaTicket/showtimes/list/date/29.09.2016" "Mozilla/5.0 (Linux; Android 4.2.2; ZTE V808 Build/JDQ39) AppleWebKit/537.36 (KHTML, like Gecko) Chrome/51.0.2704.81 Mobile Safari/537.36"
176.62.76.126 - - [27/Sep/2016:02:02:01 +0300] "GET /favicon.ico HTTP/1.0" 404 6043 "-" "Mozilla/5.0 (Windows NT 10.0; WOW64) AppleWebKit/537.36 (KHTML, like Gecko) Chrome/52.0.2743.116 YaBrowser/16.9.1.1131 (dfl2nc9ks) Yowser/2.5 Safari/537.36"
91.105.139.3 - - [27/Sep/2016:02:02:04 +0300] "GET /cinemaTicket/hall/48678 HTTP/1.0" 200 27054 "http://kristall-kino.ru/cinemaTicket/showtimes/list/date/29.09.2016" "Mozilla/5.0 (Linux; Android 4.2.2; ZTE V808 Build/JDQ39) AppleWebKit/537.36 (KHTML, like Gecko) Chrome/51.0.2704.81 Mobile Safari/537.36"
91.105.139.3 - - [27/Sep/2016:02:02:10 +0300] "GET /cinemaTicket/hall/48685 HTTP/1.0" 200 27054 "http://kristall-kino.ru/cinemaTicket/showtimes/list/date/29.09.2016" "Mozilla/5.0 (Linux; Android 4.2.2; ZTE V808 Build/JDQ39) AppleWebKit/537.36 (KHTML, like Gecko) Chrome/51.0.2704.81 Mobile Safari/537.36"
91.105.139.3 - - [27/Sep/2016:02:02:18 +0300] "GET /cinemaTicket/hall/48711 HTTP/1.0" 200 24150 "http://kristall-kino.ru/cinemaTicket/showtimes/list/date/29.09.2016" "Mozilla/5.0 (Linux; Android 4.2.2; ZTE V808 Build/JDQ39) AppleWebKit/537.36 (KHTML, like Gecko) Chrome/51.0.2704.81 Mobile Safari/537.36"
91.105.139.3 - - [27/Sep/2016:02:02:23 +0300] "GET /cinemaTicket/hall/48681 HTTP/1.0" 200 24150 "http://kristall-kino.ru/cinemaTicket/showtimes/list/date/29.09.2016" "Mozilla/5.0 (Linux; Android 4.2.2; ZTE V808 Build/JDQ39) AppleWebKit/537.36 (KHTML, like Gecko) Chrome/51.0.2704.81 Mobile Safari/537.36"
91.105.139.3 - - [27/Sep/2016:02:02:30 +0300] "GET /cinemaTicket/hall/48688 HTTP/1.0" 200 24150 "http://kristall-kino.ru/cinemaTicket/showtimes/list/date/29.09.2016" "Mozilla/5.0 (Linux; Android 4.2.2; ZTE V808 Build/JDQ39) AppleWebKit/537.36 (KHTML, like Gecko) Chrome/51.0.2704.81 Mobile Safari/537.36"
91.105.139.3 - - [27/Sep/2016:02:02:38 +0300] "GET /cinemaTicket/hall/48676 HTTP/1.0" 200 24192 "http://kristall-kino.ru/cinemaTicket/showtimes/list/date/29.09.2016" "Mozilla/5.0 (Linux; Android 4.2.2; ZTE V808 Build/JDQ39) AppleWebKit/537.36 (KHTML, like Gecko) Chrome/51.0.2704.81 Mobile Safari/537.36"
91.105.139.3 - - [27/Sep/2016:02:02:44 +0300] "GET /cinemaTicket/hall/48679 HTTP/1.0" 200 27112 "http://kristall-kino.ru/cinemaTicket/showtimes/list/date/29.09.2016" "Mozilla/5.0 (Linux; Android 4.2.2; ZTE V808 Build/JDQ39) AppleWebKit/537.36 (KHTML, like Gecko) Chrome/51.0.2704.81 Mobile Safari/537.36"
91.105.139.3 - - [27/Sep/2016:02:02:51 +0300] "GET /cinemaTicket/hall/48687 HTTP/1.0" 200 24142 "http://kristall-kino.ru/cinemaTicket/showtimes/list/date/29.09.2016" "Mozilla/5.0 (Linux; Android 4.2.2; ZTE V808 Build/JDQ39) AppleWebKit/537.36 (KHTML, like Gecko) Chrome/51.0.2704.81 Mobile Safari/537.36"
176.62.76.126 - - [27/Sep/2016:02:03:01 +0300] "GET /favicon.ico HTTP/1.0" 404 6043 "-" "Mozilla/5.0 (Windows NT 10.0; WOW64) AppleWebKit/537.36 (KHTML, like Gecko) Chrome/52.0.2743.116 YaBrowser/16.9.1.1131 (dfl2nc9ks) Yowser/2.5 Safari/537.36"
91.105.139.3 - - [27/Sep/2016:02:03:32 +0300] "GET /cinemaTicket/showtimes/list/date/30.09.2016 HTTP/1.0" 200 25269 "http://kristall-kino.ru/cinemaTicket/showtimes/list/date/29.09.2016" "Mozilla/5.0 (Linux; Android 4.2.2; ZTE V808 Build/JDQ39) AppleWebKit/537.36 (KHTML, like Gecko) Chrome/51.0.2704.81 Mobile Safari/537.36"
176.62.76.126 - - [27/Sep/2016:02:04:01 +0300] "GET /favicon.ico HTTP/1.0" 404 6043 "-" "Mozilla/5.0 (Windows NT 10.0; WOW64) AppleWebKit/537.36 (KHTML, like Gecko) Chrome/52.0.2743.116 YaBrowser/16.9.1.1131 (dfl2nc9ks) Yowser/2.5 Safari/537.36"
178.154.149.7 - - [27/Sep/2016:02:04:17 +0300] "GET /cinema/film/798 HTTP/1.0" 200 8369 "-" "Mozilla/5.0 (compatible; YandexBot/3.0; +http://yandex.com/bots)"
207.46.13.69 - - [27/Sep/2016:02:04:29 +0300] "GET /cinemaTicket/hall/48441 HTTP/1.0" 404 6043 "-" "Mozilla/5.0 (compatible; bingbot/2.0; +http://www.bing.com/bingbot.htm)"
178.154.149.7 - - [27/Sep/2016:02:04:30 +0300] "GET /QYelQ/ HTTP/1.0" 404 6043 "-" "Mozilla/5.0 (compatible; YandexBot/3.0; +http://yandex.com/bots)"
178.154.149.7 - - [27/Sep/2016:02:04:34 +0300] "GET /pages/zaly HTTP/1.0" 200 7754 "-" "Mozilla/5.0 (compatible; YandexBot/3.0; +http://yandex.com/bots)"
178.154.149.7 - - [27/Sep/2016:02:04:44 +0300] "GET /pages/aktsii HTTP/1.0" 200 11115 "-" "Mozilla/5.0 (compatible; YandexBot/3.0; +http://yandex.com/bots)"
157.55.39.32 - - [27/Sep/2016:02:04:45 +0300] "GET /cinemaTicket/hall/48450 HTTP/1.0" 404 6043 "-" "Mozilla/5.0 (compatible; bingbot/2.0; +http://www.bing.com/bingbot.htm)"
178.154.149.7 - - [27/Sep/2016:02:04:48 +0300] "GET /XllNZ/cinemaTicket/showtimes HTTP/1.0" 404 6043 "-" "Mozilla/5.0 (compatible; YandexBot/3.0; +http://yandex.com/bots)"
176.62.76.126 - - [27/Sep/2016:02:05:01 +0300] "GET /favicon.ico HTTP/1.0" 404 6043 "-" "Mozilla/5.0 (Windows NT 10.0; WOW64) AppleWebKit/537.36 (KHTML, like Gecko) Chrome/52.0.2743.116 YaBrowser/16.9.1.1131 (dfl2nc9ks) Yowser/2.5 Safari/537.36"
176.62.76.126 - - [27/Sep/2016:02:06:01 +0300] "GET /favicon.ico HTTP/1.0" 404 6043 "-" "Mozilla/5.0 (Windows NT 10.0; WOW64) AppleWebKit/537.36 (KHTML, like Gecko) Chrome/52.0.2743.116 YaBrowser/16.9.1.1131 (dfl2nc9ks) Yowser/2.5 Safari/537.36"
66.249.66.189 - - [27/Sep/2016:02:06:39 +0300] "GET /cinema/film/771 HTTP/1.0" 200 7879 "-" "Mozilla/5.0 (compatible; Googlebot/2.1; +http://www.google.com/bot.html)"
176.62.76.126 - - [27/Sep/2016:02:07:01 +0300] "GET /favicon.ico HTTP/1.0" 404 6043 "-" "Mozilla/5.0 (Windows NT 10.0; WOW64) AppleWebKit/537.36 (KHTML, like Gecko) Chrome/52.0.2743.116 YaBrowser/16.9.1.1131 (dfl2nc9ks) Yowser/2.5 Safari/537.36"
176.62.76.126 - - [27/Sep/2016:02:08:01 +0300] "GET /favicon.ico HTTP/1.0" 404 6043 "-" "Mozilla/5.0 (Windows NT 10.0; WOW64) AppleWebKit/537.36 (KHTML, like Gecko) Chrome/52.0.2743.116 YaBrowser/16.9.1.1131 (dfl2nc9ks) Yowser/2.5 Safari/537.36"
176.62.76.126 - - [27/Sep/2016:02:09:01 +0300] "GET /favicon.ico HTTP/1.0" 404 6043 "-" "Mozilla/5.0 (Windows NT 10.0; WOW64) AppleWebKit/537.36 (KHTML, like Gecko) Chrome/52.0.2743.116 YaBrowser/16.9.1.1131 (dfl2nc9ks) Yowser/2.5 Safari/537.36"
176.62.76.126 - - [27/Sep/2016:02:10:01 +0300] "GET /favicon.ico HTTP/1.0" 404 6043 "-" "Mozilla/5.0 (Windows NT 10.0; WOW64) AppleWebKit/537.36 (KHTML, like Gecko) Chrome/52.0.2743.116 YaBrowser/16.9.1.1131 (dfl2nc9ks) Yowser/2.5 Safari/537.36"
176.62.76.126 - - [27/Sep/2016:02:11:01 +0300] "GET /favicon.ico HTTP/1.0" 404 6043 "-" "Mozilla/5.0 (Windows NT 10.0; WOW64) AppleWebKit/537.36 (KHTML, like Gecko) Chrome/52.0.2743.116 YaBrowser/16.9.1.1131 (dfl2nc9ks) Yowser/2.5 Safari/537.36"
176.62.76.126 - - [27/Sep/2016:02:12:01 +0300] "GET /favicon.ico HTTP/1.0" 404 6043 "-" "Mozilla/5.0 (Windows NT 10.0; WOW64) AppleWebKit/537.36 (KHTML, like Gecko) Chrome/52.0.2743.116 YaBrowser/16.9.1.1131 (dfl2nc9ks) Yowser/2.5 Safari/537.36"
176.62.76.126 - - [27/Sep/2016:02:13:01 +0300] "GET /favicon.ico HTTP/1.0" 404 6043 "-" "Mozilla/5.0 (Windows NT 10.0; WOW64) AppleWebKit/537.36 (KHTML, like Gecko) Chrome/52.0.2743.116 YaBrowser/16.9.1.1131 (dfl2nc9ks) Yowser/2.5 Safari/537.36"
176.62.76.126 - - [27/Sep/2016:02:14:01 +0300] "GET /favicon.ico HTTP/1.0" 404 6043 "-" "Mozilla/5.0 (Windows NT 10.0; WOW64) AppleWebKit/537.36 (KHTML, like Gecko) Chrome/52.0.2743.116 YaBrowser/16.9.1.1131 (dfl2nc9ks) Yowser/2.5 Safari/537.36"
176.62.76.126 - - [27/Sep/2016:02:15:01 +0300] "GET /favicon.ico HTTP/1.0" 404 6043 "-" "Mozilla/5.0 (Windows NT 10.0; WOW64) AppleWebKit/537.36 (KHTML, like Gecko) Chrome/52.0.2743.116 YaBrowser/16.9.1.1131 (dfl2nc9ks) Yowser/2.5 Safari/537.36"
176.62.76.126 - - [27/Sep/2016:02:16:01 +0300] "GET /favicon.ico HTTP/1.0" 404 6043 "-" "Mozilla/5.0 (Windows NT 10.0; WOW64) AppleWebKit/537.36 (KHTML, like Gecko) Chrome/52.0.2743.116 YaBrowser/16.9.1.1131 (dfl2nc9ks) Yowser/2.5 Safari/537.36"
176.62.76.126 - - [27/Sep/2016:02:17:01 +0300] "GET /favicon.ico HTTP/1.0" 404 6043 "-" "Mozilla/5.0 (Windows NT 10.0; WOW64) AppleWebKit/537.36 (KHTML, like Gecko) Chrome/52.0.2743.116 YaBrowser/16.9.1.1131 (dfl2nc9ks) Yowser/2.5 Safari/537.36"
176.62.76.126 - - [27/Sep/2016:02:18:01 +0300] "GET /favicon.ico HTTP/1.0" 404 6043 "-" "Mozilla/5.0 (Windows NT 10.0; WOW64) AppleWebKit/537.36 (KHTML, like Gecko) Chrome/52.0.2743.116 YaBrowser/16.9.1.1131 (dfl2nc9ks) Yowser/2.5 Safari/537.36"
176.62.76.126 - - [27/Sep/2016:02:19:01 +0300] "GET /favicon.ico HTTP/1.0" 404 6043 "-" "Mozilla/5.0 (Windows NT 10.0; WOW64) AppleWebKit/537.36 (KHTML, like Gecko) Chrome/52.0.2743.116 YaBrowser/16.9.1.1131 (dfl2nc9ks) Yowser/2.5 Safari/537.36"
188.232.224.55 - - [27/Sep/2016:02:19:51 +0300] "GET / HTTP/1.0" 200 11522 "-" "Mozilla/5.0 (iPhone; CPU iPhone OS 10_0_1 like Mac OS X) AppleWebKit/602.1.50 (KHTML, like Gecko) Version/10.0 Mobile/14A403 Safari/602.1"
176.62.76.126 - - [27/Sep/2016:02:20:01 +0300] "GET /favicon.ico HTTP/1.0" 404 6043 "-" "Mozilla/5.0 (Windows NT 10.0; WOW64) AppleWebKit/537.36 (KHTML, like Gecko) Chrome/52.0.2743.116 YaBrowser/16.9.1.1131 (dfl2nc9ks) Yowser/2.5 Safari/537.36"
176.62.76.126 - - [27/Sep/2016:02:21:01 +0300] "GET /favicon.ico HTTP/1.0" 404 6043 "-" "Mozilla/5.0 (Windows NT 10.0; WOW64) AppleWebKit/537.36 (KHTML, like Gecko) Chrome/52.0.2743.116 YaBrowser/16.9.1.1131 (dfl2nc9ks) Yowser/2.5 Safari/537.36"
