217.118.79.36 - - [27/Sep/2016:06:00:08 +0300] "GET / HTTP/1.0" 200 11522 "http://yandex.ru/clck/jsredir?from=yandex.ru%3Bsearch%2F%3Bweb%3B%3B&text=&etext=1190.a62zmU61m3ldoCunNkxLnyUo83ldYidptUw6l5rR3xCsVgS84GojgUE9CJTlBS1-txx51XWa7qs3hlmwM3WzvwiVl-Y0Sg6NolTQEN7x3ug.e5b1bca104b5b37a67333281c82fa95a64c65649&uuid=&state=PEtFfuTeVD5kpHnK9lio9QkU1tHIaqSGmpn3NHuF9Zj6Zigwt1v0L4VbHI_8F51tJnbAghhv4pT9RExTVuyOFqeLt9lgy1Bo&data=UlNrNmk5WktYejR0eWJFYk1LdmtxbEh6cGhfMWZWTWVzMzl0SXU5bjNkbXk1cHBsSkp6MDZnS3BsckpTSlBIWFY4NHhhRjRtYVNpWmhCWjk1ZkxSSEM0Q3NFd2RvVkR0dV9EWmVtajdIYUk&b64e=2&sign=0031e16dda47ee599c5e4d8154c910bd&keyno=0&cst=AiuY0DBWFJ7q0qcCggtsKQFUJcgcgdd-VKv-yvV6gAY6QeO5_s4mIRSn_RJgPj0FveQG4TN4hsJAuOde57OsoA4m9gG4RvzSbYkrzBRzLMCJRyAEHjdFkVDayte7_B88QZ-Slp9pEoviGWSpK8jLLls_1Dlvznijrey_ZY6UNfJmzyU2pobkgE5LSz0jfHQf_6kQQY3karzly1K-qBEQZwQPoAelrIBnwUIvCcgas9RII5OqxoePAqHL1DUZS09vVPRq-ebfsstFhOoBRvhgz4LSuMmDQNO_GfrbItKoDvEoDrN7nj62T8eDPwyP3LwLr4UmUVqN6fTR5UAKRs-DNnpWZUMpHIITiO4Mzj9e1BhkUuM6K_0ibqedVoH6GFQDiye5aReCTuQTpY0snLLQOUnOE29GE-JqfzqBAI0bMNnZTIDOQp9R1wm3KDcMaCAsoFQMNQsoV1OxIO718XEk8CHMjzdPaGuYKghtgjy8fnbi4Xb_0VhZo-lUwYk6Vz2EDhERJLooayopNLufkccybX2TFWmvDN5sO9YQrrN0aVKiIaIQTRlVSgc6xjnc0yQn7_v-Z4CBf6cDERgQrZY76scH2WxjKWWYkhz0E1H2s2yhzR2L16a65e-MfLfT88215e3SCLy-OdyNmduBnAMMQA&ref=orjY4mGPRjk5boDnW0uvlrrd71vZw9kpdzCia4ettjd1AyLXLyQIrSiuNyjFc-DYkUVCszIhhYE4lZ3XtneSkDAcn1ZHxPnFArWt_cHQgxx7jDCJRmXNNppXCARBLilsNmGPojJOaHqWzROyvQZ1U85XykXnflEd50U_QWC08H_xXy0AhxbjugUdAsh8jAoeUBWxuiS4ekWdTvVg513jcq2mmgicLjA0qsfBJRwJS5AHWDFUr756zkoTRQUN7DfPH4N0QAxDsRM&l10n=ru&cts=1474945205188&mc=2.3219280948873626" "Mozilla/5.0 (Windows NT 10.0; WOW64) AppleWebKit/537.36 (KHTML, like Gecko) Chrome/53.0.2785.116 Safari/537.36"
176.62.87.3 - - [27/Sep/2016:06:00:09 +0300] "GET / HTTP/1.0" 200 11522 "-" "Mozilla/5.0 (Windows NT 6.1) AppleWebKit/537.36 (KHTML, like Gecko) Chrome/53.0.2785.116 Safari/537.36"
188.232.230.118 - - [27/Sep/2016:06:00:09 +0300] "GET /favicon.ico HTTP/1.0" 404 6043 "-" "Mozilla/5.0 (Windows NT 6.1; WOW64) AppleWebKit/537.36 (KHTML, like Gecko) Chrome/52.0.2743.116 YaBrowser/16.9.1.1131 Yowser/2.5 Safari/537.36"
217.118.79.36 - - [27/Sep/2016:06:00:11 +0300] "GET /flash/baner.swf HTTP/1.0" 200 5330 "http://www.kristall-kino.ru/" "Mozilla/5.0 (Windows NT 10.0; WOW64) AppleWebKit/537.36 (KHTML, like Gecko) Chrome/53.0.2785.116 Safari/537.36"
217.118.79.36 - - [27/Sep/2016:06:00:12 +0300] "GET /images/favicon.ico HTTP/1.0" 200 1150 "http://www.kristall-kino.ru/" "Mozilla/5.0 (Windows NT 10.0; WOW64) AppleWebKit/537.36 (KHTML, like Gecko) Chrome/53.0.2785.116 Safari/537.36"
176.62.87.3 - - [27/Sep/2016:06:00:13 +0300] "GET /cinemaTicket/showtimes HTTP/1.0" 200 26130 "http://kristall-kino.ru/" "Mozilla/5.0 (Windows NT 6.1) AppleWebKit/537.36 (KHTML, like Gecko) Chrome/53.0.2785.116 Safari/537.36"
46.233.203.65 - - [27/Sep/2016:06:00:15 +0300] "GET /cinema/film/783 HTTP/1.0" 200 8634 "http://kristall-kino.ru/" "Mozilla/5.0 (iPhone; CPU iPhone OS 10_0_1 like Mac OS X) AppleWebKit/601.1 (KHTML, like Gecko) CriOS/53.0.2785.109 Mobile/14A403 Safari/601.1.46"
66.102.9.144 - - [27/Sep/2016:06:00:16 +0300] "GET /cinema/film/791 HTTP/1.0" 200 9226 "http://kristall-kino.ru/" "Mozilla/5.0 (Linux; Android 5.1.1; D2403 Build/18.6.A.0.182) AppleWebKit/537.36 (KHTML, like Gecko) Chrome/52.0.2743.98 Mobile Safari/537.36"
46.233.203.65 - - [27/Sep/2016:06:00:23 +0300] "GET /cinema/film/783 HTTP/1.0" 200 8634 "http://kristall-kino.ru/" "Mozilla/5.0 (iPhone; CPU iPhone OS 10_0_1 like Mac OS X) AppleWebKit/601.1 (KHTML, like Gecko) CriOS/53.0.2785.109 Mobile/14A403 Safari/601.1.46"
217.118.79.36 - - [27/Sep/2016:06:00:24 +0300] "GET / HTTP/1.0" 200 11522 "http://www.kristall-kino.ru/" "Mozilla/5.0 (Windows NT 10.0; WOW64) AppleWebKit/537.36 (KHTML, like Gecko) Chrome/53.0.2785.116 Safari/537.36"
94.137.21.109 - - [27/Sep/2016:06:00:26 +0300] "GET /cinemaTicket/showtimes HTTP/1.0" 200 26130 "http://yandex.ru/clck/jsredir?from=yandex.ru%3Bsearch%2F%3Bweb%3B%3B&text=&etext=1190.it9VtKKJv00l3vCnqNZAgwZFgL1cZAjqRKsCmHesKmVWHEhTOOuGwtaEEKr2J2YdM4zZrs8rmBx2kEBiLA0NHRmInQYSsrrNYWMkRfQj0tQ.c9c855564de57e4a3ce87f5961b4f4cb2903fff1&uuid=&state=PEtFfuTeVD5kpHnK9lio9aJ2gf1Q1OEQHP1rbfzHEMvZEAs4QuMnSA&data=UlNrNmk5WktYejR0eWJFYk1LdmtxbEh6cGhfMWZWTWVzMzl0SXU5bjNkbXk1cHBsSkp6MDZvT0ZVcjdjOE9tQUlZYWt4NVNZeUtGeEVSQnVvNWZmblNxSGY5TGJ4SVd3QjEtOFlkWUNIZGhoZWUwR3NQdXlyb2Y4cFlyX3Z5aGdlcE45azNnMFlPUQ&b64e=2&sign=79307c05413d7a0fd74e916f445e87fd&keyno=0&cst=AiuY0DBWFJ7q0qcCggtsKY4TjjRgAKPqTqQMdpMq7QIx5qz4ky6cCucqq-ZFIzQZcoE722WN6lfdP1ICZEK5zZkIr3ASTNXTovsbJblNeReJ4g2p764T__qGcBLPf2bLh9XwsCmd4--Ce8VCs5Eje5yGNdHUjIXVplFBCiSMLsri4UZEQqBSlQf8BKwCEHf9KaXCjir0jl1fBdLIsIHSmTFDdUU_DSBiJ2m54V4xKj_r8x2OBXTpTr7zvEo7Hv3B2hmfY-NEJk50kGq1bBGk8bXZzoILgy_F-2jc_MVAttc&ref=orjY4mGPRjk5boDnW0uvlrrd71vZw9kpdzCia4ettjd1AyLXLyQIrdVxs4h06ww6qVzuoY3bDDgIo0jIzV97HGSjVnNhtzQuZAPtV0oQ4UlZOKwWEdAtWo8slF5Pg9DfPjtE5Vjwd5Gl6GsEX-e39R1wglEn-oojBAEBdAd7NE-6EZSkyFPTDzVJCuQVW5TB7-tGjiqCcoepFL6fE2QmEsU0lXGqCaEog9dKfiYZFN-6MNaJ0_DsDfetqm4exYe9ZKHdDkH5DfY&l10n=ru&cts=1474945225438&mc=4.7362162033498425" "Mozilla/5.0 (Windows NT 10.0; Win64; x64) AppleWebKit/537.36 (KHTML, like Gecko) Chrome/42.0.2311.135 Safari/537.36 Edge/12.10240"
94.137.21.109 - - [27/Sep/2016:06:00:28 +0300] "GET /flash/baner.swf HTTP/1.0" 200 5330 "http://www.kristall-kino.ru/cinemaTicket/showtimes" "Mozilla/5.0 (Windows NT 10.0; Win64; x64) AppleWebKit/537.36 (KHTML, like Gecko) Chrome/42.0.2311.135 Safari/537.36 Edge/12.10240"
94.137.21.109 - - [27/Sep/2016:06:00:28 +0300] "GET /images/favicon.ico HTTP/1.0" 200 1150 "-" "Mozilla/5.0 (Windows NT 10.0; Win64; x64) AppleWebKit/537.36 (KHTML, like Gecko) Chrome/42.0.2311.135 Safari/537.36 Edge/12.10240"
46.233.203.65 - - [27/Sep/2016:06:00:34 +0300] "GET /cinema/film/786 HTTP/1.0" 200 9091 "http://kristall-kino.ru/" "Mozilla/5.0 (iPhone; CPU iPhone OS 10_0_1 like Mac OS X) AppleWebKit/601.1 (KHTML, like Gecko) CriOS/53.0.2785.109 Mobile/14A403 Safari/601.1.46"
66.102.9.144 - - [27/Sep/2016:06:00:38 +0300] "GET /news/news/read/url/prodazha-biletov-onlajn HTTP/1.0" 200 5933 "http://kristall-kino.ru/cinema/film/791" "Mozilla/5.0 (Linux; Android 5.1.1; D2403 Build/18.6.A.0.182) AppleWebKit/537.36 (KHTML, like Gecko) Chrome/52.0.2743.98 Mobile Safari/537.36"
94.137.21.109 - - [27/Sep/2016:06:00:38 +0300] "GET /cinema/film/794 HTTP/1.0" 200 9439 "http://www.kristall-kino.ru/cinemaTicket/showtimes" "Mozilla/5.0 (Windows NT 10.0; Win64; x64) AppleWebKit/537.36 (KHTML, like Gecko) Chrome/42.0.2311.135 Safari/537.36 Edge/12.10240"
94.137.21.109 - - [27/Sep/2016:06:00:40 +0300] "GET /flash/player.swf HTTP/1.0" 200 91375 "http://www.kristall-kino.ru/cinema/film/794" "Mozilla/5.0 (Windows NT 10.0; Win64; x64) AppleWebKit/537.36 (KHTML, like Gecko) Chrome/42.0.2311.135 Safari/537.36 Edge/12.10240"
66.102.9.144 - - [27/Sep/2016:06:00:45 +0300] "GET /cinemaTicket/showtimes HTTP/1.0" 200 26130 "http://kristall-kino.ru/news/news/read/url/prodazha-biletov-onlajn" "Mozilla/5.0 (Linux; Android 5.1.1; D2403 Build/18.6.A.0.182) AppleWebKit/537.36 (KHTML, like Gecko) Chrome/52.0.2743.98 Mobile Safari/537.36"
62.182.198.76 - - [27/Sep/2016:06:00:50 +0300] "GET /favicon.ico HTTP/1.0" 404 6043 "-" "Mozilla/5.0 (Windows NT 6.1; WOW64) AppleWebKit/537.36 (KHTML, like Gecko) Chrome/52.0.2743.116 YaBrowser/16.9.1.1131 Yowser/2.5 Safari/537.36"
217.118.79.36 - - [27/Sep/2016:06:00:55 +0300] "GET /cinema/film/789 HTTP/1.0" 200 8650 "http://www.kristall-kino.ru/" "Mozilla/5.0 (Windows NT 10.0; WOW64) AppleWebKit/537.36 (KHTML, like Gecko) Chrome/53.0.2785.116 Safari/537.36"
217.118.79.36 - - [27/Sep/2016:06:00:56 +0300] "GET /flash/player.swf HTTP/1.0" 200 91375 "http://www.kristall-kino.ru/cinema/film/789" "Mozilla/5.0 (Windows NT 10.0; WOW64) AppleWebKit/537.36 (KHTML, like Gecko) Chrome/53.0.2785.116 Safari/537.36"
188.232.230.118 - - [27/Sep/2016:06:01:09 +0300] "GET /favicon.ico HTTP/1.0" 404 6043 "-" "Mozilla/5.0 (Windows NT 6.1; WOW64) AppleWebKit/537.36 (KHTML, like Gecko) Chrome/52.0.2743.116 YaBrowser/16.9.1.1131 Yowser/2.5 Safari/537.36"
217.118.79.36 - - [27/Sep/2016:06:01:25 +0300] "GET / HTTP/1.0" 200 11522 "http://www.kristall-kino.ru/" "Mozilla/5.0 (Windows NT 10.0; WOW64) AppleWebKit/537.36 (KHTML, like Gecko) Chrome/53.0.2785.116 Safari/537.36"
66.102.9.144 - - [27/Sep/2016:06:01:33 +0300] "GET /cinemaTicket/hall/48643 HTTP/1.0" 200 39356 "http://kristall-kino.ru/cinemaTicket/showtimes" "Mozilla/5.0 (Linux; Android 5.1.1; D2403 Build/18.6.A.0.182) AppleWebKit/537.36 (KHTML, like Gecko) Chrome/52.0.2743.98 Mobile Safari/537.36"
217.118.79.36 - - [27/Sep/2016:06:01:38 +0300] "GET /cinema/film/788 HTTP/1.0" 200 8313 "http://www.kristall-kino.ru/" "Mozilla/5.0 (Windows NT 10.0; WOW64) AppleWebKit/537.36 (KHTML, like Gecko) Chrome/53.0.2785.116 Safari/537.36"
66.249.66.189 - - [27/Sep/2016:06:01:42 +0300] "GET /cinemaTicket/hall/48535 HTTP/1.0" 404 6043 "-" "Mozilla/5.0 (Linux; Android 6.0.1; Nexus 5X Build/MMB29P) AppleWebKit/537.36 (KHTML, like Gecko) Chrome/41.0.2272.96 Mobile Safari/537.36 (compatible; Googlebot/2.1; +http://www.google.com/bot.html)"
176.59.133.78 - - [27/Sep/2016:06:01:42 +0300] "GET /cinema/film/786 HTTP/1.0" 200 9091 "http://kristall-kino.ru/" "Mozilla/5.0 (Linux; Android 5.1.1; SM-J320F Build/LMY47V) AppleWebKit/537.36 (KHTML, like Gecko) Chrome/53.0.2785.124 Mobile Safari/537.36"
62.182.198.76 - - [27/Sep/2016:06:01:50 +0300] "GET /favicon.ico HTTP/1.0" 404 6043 "-" "Mozilla/5.0 (Windows NT 6.1; WOW64) AppleWebKit/537.36 (KHTML, like Gecko) Chrome/52.0.2743.116 YaBrowser/16.9.1.1131 Yowser/2.5 Safari/537.36"
217.118.79.36 - - [27/Sep/2016:06:02:00 +0300] "GET / HTTP/1.0" 200 11522 "http://www.kristall-kino.ru/" "Mozilla/5.0 (Windows NT 10.0; WOW64) AppleWebKit/537.36 (KHTML, like Gecko) Chrome/53.0.2785.116 Safari/537.36"
188.232.230.118 - - [27/Sep/2016:06:02:09 +0300] "GET /favicon.ico HTTP/1.0" 404 6043 "-" "Mozilla/5.0 (Windows NT 6.1; WOW64) AppleWebKit/537.36 (KHTML, like Gecko) Chrome/52.0.2743.116 YaBrowser/16.9.1.1131 Yowser/2.5 Safari/537.36"
66.102.9.144 - - [27/Sep/2016:06:02:09 +0300] "GET /cinemaTicket/hall/48644 HTTP/1.0" 200 39411 "http://kristall-kino.ru/cinemaTicket/showtimes" "Mozilla/5.0 (Linux; Android 5.1.1; D2403 Build/18.6.A.0.182) AppleWebKit/537.36 (KHTML, like Gecko) Chrome/52.0.2743.98 Mobile Safari/537.36"
176.59.148.210 - - [27/Sep/2016:06:02:17 +0300] "GET / HTTP/1.0" 200 11522 "https://www.google.ru/" "Mozilla/5.0 (iPhone; CPU iPhone OS 10_0_2 like Mac OS X) AppleWebKit/602.1.50 (KHTML, like Gecko) Version/10.0 Mobile/14A456 Safari/602.1"
217.118.79.36 - - [27/Sep/2016:06:02:35 +0300] "GET /cinema/film/785 HTTP/1.0" 200 9511 "http://www.kristall-kino.ru/" "Mozilla/5.0 (Windows NT 10.0; WOW64) AppleWebKit/537.36 (KHTML, like Gecko) Chrome/53.0.2785.116 Safari/537.36"
62.182.198.76 - - [27/Sep/2016:06:02:50 +0300] "GET /favicon.ico HTTP/1.0" 404 6043 "-" "Mozilla/5.0 (Windows NT 6.1; WOW64) AppleWebKit/537.36 (KHTML, like Gecko) Chrome/52.0.2743.116 YaBrowser/16.9.1.1131 Yowser/2.5 Safari/537.36"
176.59.148.210 - - [27/Sep/2016:06:03:00 +0300] "GET /cinema/film/788 HTTP/1.0" 200 8309 "http://kristall-kino.ru/" "Mozilla/5.0 (iPhone; CPU iPhone OS 10_0_2 like Mac OS X) AppleWebKit/602.1.50 (KHTML, like Gecko) Version/10.0 Mobile/14A456 Safari/602.1"
66.102.9.148 - - [27/Sep/2016:06:03:01 +0300] "GET /cinemaTicket/hall/48644 HTTP/1.0" 200 39411 "http://kristall-kino.ru/cinemaTicket/showtimes" "Mozilla/5.0 (Linux; Android 5.1.1; D2403 Build/18.6.A.0.182) AppleWebKit/537.36 (KHTML, like Gecko) Chrome/52.0.2743.98 Mobile Safari/537.36"
217.118.79.36 - - [27/Sep/2016:06:03:05 +0300] "GET / HTTP/1.0" 200 11522 "http://www.kristall-kino.ru/" "Mozilla/5.0 (Windows NT 10.0; WOW64) AppleWebKit/537.36 (KHTML, like Gecko) Chrome/53.0.2785.116 Safari/537.36"
188.232.230.118 - - [27/Sep/2016:06:03:09 +0300] "GET /favicon.ico HTTP/1.0" 404 6043 "-" "Mozilla/5.0 (Windows NT 6.1; WOW64) AppleWebKit/537.36 (KHTML, like Gecko) Chrome/52.0.2743.116 YaBrowser/16.9.1.1131 Yowser/2.5 Safari/537.36"
66.102.9.148 - - [27/Sep/2016:06:03:24 +0300] "GET /user/login HTTP/1.0" 200 10204 "http://kristall-kino.ru/cinemaTicket/hall/48644" "Mozilla/5.0 (Linux; Android 5.1.1; D2403 Build/18.6.A.0.182) AppleWebKit/537.36 (KHTML, like Gecko) Chrome/52.0.2743.98 Mobile Safari/537.36"
176.59.148.210 - - [27/Sep/2016:06:03:28 +0300] "GET /cinema/film/785 HTTP/1.0" 200 9507 "http://kristall-kino.ru/" "Mozilla/5.0 (iPhone; CPU iPhone OS 10_0_2 like Mac OS X) AppleWebKit/602.1.50 (KHTML, like Gecko) Version/10.0 Mobile/14A456 Safari/602.1"
66.102.9.146 - - [27/Sep/2016:06:03:31 +0300] "GET /hybridauth/default/login/?provider=Vkontakte HTTP/1.0" 302 - "http://kristall-kino.ru/user/login" "Mozilla/5.0 (Linux; Android 5.1.1; D2403 Build/18.6.A.0.182) AppleWebKit/537.36 (KHTML, like Gecko) Chrome/52.0.2743.98 Mobile Safari/537.36"
66.102.9.146 - - [27/Sep/2016:06:03:31 +0300] "GET /hybridauth/default/callback?hauth.start=Vkontakte&hauth.time=1474945411 HTTP/1.0" 302 - "http://kristall-kino.ru/user/login" "Mozilla/5.0 (Linux; Android 5.1.1; D2403 Build/18.6.A.0.182) AppleWebKit/537.36 (KHTML, like Gecko) Chrome/52.0.2743.98 Mobile Safari/537.36"
66.102.9.146 - - [27/Sep/2016:06:03:37 +0300] "GET /user/login HTTP/1.0" 200 10204 "http://kristall-kino.ru/cinemaTicket/hall/48644" "Mozilla/5.0 (Linux; Android 5.1.1; D2403 Build/18.6.A.0.182) AppleWebKit/537.36 (KHTML, like Gecko) Chrome/52.0.2743.98 Mobile Safari/537.36"
46.233.219.133 - - [27/Sep/2016:06:03:38 +0300] "GET / HTTP/1.0" 200 11522 "https://www.google.ru/" "Mozilla/5.0 (iPhone; CPU iPhone OS 9_3_2 like Mac OS X) AppleWebKit/601.1.46 (KHTML, like Gecko) Version/9.0 Mobile/13F69 Safari/601.1"
217.118.79.34 - - [27/Sep/2016:06:03:41 +0300] "GET / HTTP/1.0" 200 11522 "-" "Mozilla/5.0 (Linux; Android 4.2.1; X-tremer Build/JOP40D) AppleWebKit/537.36 (KHTML, like Gecko) Chrome/51.0.2704.106 YaBrowser/16.7.1.2924.00 Mobile Safari/537.36"
66.102.9.148 - - [27/Sep/2016:06:03:43 +0300] "GET /user/registration HTTP/1.0" 200 10838 "http://kristall-kino.ru/user/login" "Mozilla/5.0 (Linux; Android 5.1.1; D2403 Build/18.6.A.0.182) AppleWebKit/537.36 (KHTML, like Gecko) Chrome/52.0.2743.98 Mobile Safari/537.36"
66.102.9.148 - - [27/Sep/2016:06:03:43 +0300] "GET /user/registration/captcha/v/57e9e18f1d840 HTTP/1.0" 200 5783 "http://kristall-kino.ru/user/registration" "Mozilla/5.0 (Linux; Android 5.1.1; D2403 Build/18.6.A.0.182) AppleWebKit/537.36 (KHTML, like Gecko) Chrome/52.0.2743.98 Mobile Safari/537.36"
62.182.198.76 - - [27/Sep/2016:06:03:50 +0300] "GET /favicon.ico HTTP/1.0" 404 6043 "-" "Mozilla/5.0 (Windows NT 6.1; WOW64) AppleWebKit/537.36 (KHTML, like Gecko) Chrome/52.0.2743.116 YaBrowser/16.9.1.1131 Yowser/2.5 Safari/537.36"
217.118.79.34 - - [27/Sep/2016:06:04:02 +0300] "GET /cinema/film/794 HTTP/1.0" 200 9439 "http://www.kristall-kino.ru/" "Mozilla/5.0 (Linux; Android 4.2.1; X-tremer Build/JOP40D) AppleWebKit/537.36 (KHTML, like Gecko) Chrome/51.0.2704.106 YaBrowser/16.7.1.2924.00 Mobile Safari/537.36"
46.233.219.133 - - [27/Sep/2016:06:04:07 +0300] "GET /cinemaTicket/showtimes HTTP/1.0" 200 25856 "http://kristall-kino.ru/" "Mozilla/5.0 (iPhone; CPU iPhone OS 9_3_2 like Mac OS X) AppleWebKit/601.1.46 (KHTML, like Gecko) Version/9.0 Mobile/13F69 Safari/601.1"
217.118.79.34 - - [27/Sep/2016:06:04:09 +0300] "GET /cinemaTicket/showtimes HTTP/1.0" 200 25856 "http://www.kristall-kino.ru/cinema/film/794" "Mozilla/5.0 (Linux; Android 4.2.1; X-tremer Build/JOP40D) AppleWebKit/537.36 (KHTML, like Gecko) Chrome/51.0.2704.106 YaBrowser/16.7.1.2924.00 Mobile Safari/537.36"
188.232.230.118 - - [27/Sep/2016:06:04:09 +0300] "GET /favicon.ico HTTP/1.0" 404 6043 "-" "Mozilla/5.0 (Windows NT 6.1; WOW64) AppleWebKit/537.36 (KHTML, like Gecko) Chrome/52.0.2743.116 YaBrowser/16.9.1.1131 Yowser/2.5 Safari/537.36"
176.59.148.210 - - [27/Sep/2016:06:04:45 +0300] "GET /cinema/film/792 HTTP/1.0" 200 9753 "http://kristall-kino.ru/" "Mozilla/5.0 (iPhone; CPU iPhone OS 10_0_2 like Mac OS X) AppleWebKit/602.1.50 (KHTML, like Gecko) Version/10.0 Mobile/14A456 Safari/602.1"
62.182.198.76 - - [27/Sep/2016:06:04:50 +0300] "GET /favicon.ico HTTP/1.0" 404 6043 "-" "Mozilla/5.0 (Windows NT 6.1; WOW64) AppleWebKit/537.36 (KHTML, like Gecko) Chrome/52.0.2743.116 YaBrowser/16.9.1.1131 Yowser/2.5 Safari/537.36"
188.232.230.118 - - [27/Sep/2016:06:05:09 +0300] "GET /favicon.ico HTTP/1.0" 404 6043 "-" "Mozilla/5.0 (Windows NT 6.1; WOW64) AppleWebKit/537.36 (KHTML, like Gecko) Chrome/52.0.2743.116 YaBrowser/16.9.1.1131 Yowser/2.5 Safari/537.36"
66.102.9.146 - - [27/Sep/2016:06:05:17 +0300] "GET / HTTP/1.0" 200 11522 "-" "Mozilla/5.0 (Linux; Android 5.1.1; D2403 Build/18.6.A.0.182) AppleWebKit/537.36 (KHTML, like Gecko) Chrome/52.0.2743.98 Mobile Safari/537.36"
66.102.9.148 - - [27/Sep/2016:06:05:28 +0300] "GET /cinema/film/791 HTTP/1.0" 200 9226 "http://kristall-kino.ru/" "Mozilla/5.0 (Linux; Android 5.1.1; D2403 Build/18.6.A.0.182) AppleWebKit/537.36 (KHTML, like Gecko) Chrome/52.0.2743.98 Mobile Safari/537.36"
141.0.12.236 - - [27/Sep/2016:06:05:32 +0300] "GET /images/favicon.ico HTTP/1.0" 200 1150 "-" "Opera/9.80 (Android; Opera Mini/7.5.33725/37.8923; U; ru) Presto/2.12.423 Version/12.16"
66.102.9.148 - - [27/Sep/2016:06:05:37 +0300] "GET /pages/aktsii HTTP/1.0" 304 - "http://kristall-kino.ru/cinema/film/791" "Mozilla/5.0 (Linux; Android 5.1.1; D2403 Build/18.6.A.0.182) AppleWebKit/537.36 (KHTML, like Gecko) Chrome/52.0.2743.98 Mobile Safari/537.36"
62.182.198.76 - - [27/Sep/2016:06:05:50 +0300] "GET /favicon.ico HTTP/1.0" 404 6043 "-" "Mozilla/5.0 (Windows NT 6.1; WOW64) AppleWebKit/537.36 (KHTML, like Gecko) Chrome/52.0.2743.116 YaBrowser/16.9.1.1131 Yowser/2.5 Safari/537.36"
176.59.148.210 - - [27/Sep/2016:06:05:56 +0300] "GET / HTTP/1.0" 200 11522 "https://www.google.ru/" "Mozilla/5.0 (iPhone; CPU iPhone OS 10_0_2 like Mac OS X) AppleWebKit/602.1.50 (KHTML, like Gecko) Version/10.0 Mobile/14A456 Safari/602.1"
66.102.9.144 - - [27/Sep/2016:06:06:08 +0300] "GET /cinema/film/791 HTTP/1.0" 200 9226 "http://kristall-kino.ru/" "Mozilla/5.0 (Linux; Android 5.1.1; D2403 Build/18.6.A.0.182) AppleWebKit/537.36 (KHTML, like Gecko) Chrome/52.0.2743.98 Mobile Safari/537.36"
188.232.230.118 - - [27/Sep/2016:06:06:09 +0300] "GET /favicon.ico HTTP/1.0" 404 6043 "-" "Mozilla/5.0 (Windows NT 6.1; WOW64) AppleWebKit/537.36 (KHTML, like Gecko) Chrome/52.0.2743.116 YaBrowser/16.9.1.1131 Yowser/2.5 Safari/537.36"
66.102.9.146 - - [27/Sep/2016:06:06:11 +0300] "GET /cinemaTicket/showtimes HTTP/1.0" 200 25856 "http://kristall-kino.ru/cinema/film/791" "Mozilla/5.0 (Linux; Android 5.1.1; D2403 Build/18.6.A.0.182) AppleWebKit/537.36 (KHTML, like Gecko) Chrome/52.0.2743.98 Mobile Safari/537.36"
176.59.148.210 - - [27/Sep/2016:06:06:38 +0300] "GET /cinemaTicket/showtimes HTTP/1.0" 200 25856 "http://kristall-kino.ru/" "Mozilla/5.0 (iPhone; CPU iPhone OS 10_0_2 like Mac OS X) AppleWebKit/602.1.50 (KHTML, like Gecko) Version/10.0 Mobile/14A456 Safari/602.1"
178.74.99.178 - - [27/Sep/2016:06:06:40 +0300] "GET / HTTP/1.0" 200 11522 "http://yandex.ru/clck/jsredir?from=yandex.ru%3Bsearch%2F%3Bweb%3B%3B&text=&etext=1191._2EQnKlxxYnYR_7dCQn0oQVlq3ioQoNiFctkRO5ZGk1CFhytanBYu4cWeH3iC6wPRCTtpQJZZSQDOjctVMfGmFN-tiXtv8Zy9A685NOPdhQ.c1da54406f9260347f53e1284236b0053cea1310&uuid=&state=PEtFfuTeVD5kpHnK9lio9QkU1tHIaqSGmpn3NHuF9Zj6Zigwt1v0L4VbHI_8F51tJnbAghhv4pT9RExTVuyOFqeLt9lgy1Bo&data=UlNrNmk5WktYejR0eWJFYk1LdmtxbEh6cGhfMWZWTWVzMzl0SXU5bjNkbXk1cHBsSkp6MDZnS3BsckpTSlBIWGd1NDhwTmpZVzRzQ3JWU0dXNzNieWVucVVOU21mdkd2eFhsREJUbHFsZ0E&b64e=2&sign=89d0db7418be71766d5801d5508f9292&keyno=0&cst=AiuY0DBWFJ7q0qcCggtsKQ6RXtyu8y2IgfKkuLVdo89l21Jnr4LWczjwiKyeEHLAfHBtL1ANI6rH5_QPBIUxpkPF-8kx8az5_qbadBoOwOrjYQe5Cl4RiztnTuJqiYSXYriPwW9oChdBflxN7VF2uiuJXuaZsdUsXD8ix_AAjkDBD-H-2GvXE1LuiTP6XISLaLmDyC5R-V1tC7TJjHVDdwkj4hKAI79z9czE0UPoDDy--hCWE1ibRePjDPOT2fzxd2JT6h9BHhEbTtDXZlm63ovNF9dnHwZZahcC2VMOZfsOTPa5IG8DmgzbtAe4O8SfiU02Q7qoYm1KoFL95hxioyeAeUhPWEUxlNNh3jt7GBziQi0TzwcTBZnLu8hq4kIheN57AOjcAVX9hZ5kZCxV5qExIE9gebWZrCEwzeK3jkdDDBmi-5L0xZjiHULFBe-Ev93r4siKNleltBajdeIdFuPHDwTFiJEZ7N3vLQzZMqbeewjV3cVUfX8wJ9TudRSCsKN5xcXo8tnu6fYJNa1iGkhovFNv6Ft2kkhtcuMMnApQ72AaakqRTB-4CF7iPR81g4942ydEOcKHxXrdq7Dhsw&ref=orjY4mGPRjk5boDnW0uvlrrd71vZw9kp4HK6yRs7yqbN7y2nEnW6KZQEKaqAquMSmCEguEJZbvh7FogCUYONhT7k9B1uI8JXpeXypmElJwiEoaRZPmLWCpHrhTASUpACqwHRkxfo6QGxA3wJhzBTTLZWGfMG-IYvKWVEJnwno9o3eH2HUPXVyPMMdywPACASKJDmS6CzfJMryZEvQYix4LTefiWBoGLWMFjqf-wI6v_ircuHyoVksJj7AkUlDPG4aYnOcSaQYbnYK2MQETSaKlQnW8C_eT1TYTKp46-p58I&l10n=ru&cts=1474941929638&mc=3.921928094887362" "Mozilla/5.0 (Windows NT 5.1; rv:49.0) Gecko/20100101 Firefox/49.0"
178.74.99.178 - - [27/Sep/2016:06:06:47 +0300] "GET /flash/baner.swf HTTP/1.0" 200 5330 "http://www.kristall-kino.ru/" "Mozilla/5.0 (Windows NT 5.1; rv:49.0) Gecko/20100101 Firefox/49.0"
178.74.99.178 - - [27/Sep/2016:06:06:48 +0300] "GET /images/favicon.ico HTTP/1.0" 200 1150 "-" "Mozilla/5.0 (Windows NT 5.1; rv:49.0) Gecko/20100101 Firefox/49.0"
62.182.198.76 - - [27/Sep/2016:06:06:50 +0300] "GET /favicon.ico HTTP/1.0" 404 6043 "-" "Mozilla/5.0 (Windows NT 6.1; WOW64) AppleWebKit/537.36 (KHTML, like Gecko) Chrome/52.0.2743.116 YaBrowser/16.9.1.1131 Yowser/2.5 Safari/537.36"
178.74.99.178 - - [27/Sep/2016:06:07:02 +0300] "GET /cinema/film/789 HTTP/1.0" 200 8650 "http://www.kristall-kino.ru/" "Mozilla/5.0 (Windows NT 5.1; rv:49.0) Gecko/20100101 Firefox/49.0"
178.74.99.178 - - [27/Sep/2016:06:07:03 +0300] "GET /flash/baner.swf HTTP/1.0" 200 5330 "http://www.kristall-kino.ru/cinema/film/789" "Mozilla/5.0 (Windows NT 5.1; rv:49.0) Gecko/20100101 Firefox/49.0"
178.74.99.178 - - [27/Sep/2016:06:07:03 +0300] "GET /flash/player.swf HTTP/1.0" 200 91375 "http://www.kristall-kino.ru/cinema/film/789" "Mozilla/5.0 (Windows NT 5.1; rv:49.0) Gecko/20100101 Firefox/49.0"
178.74.99.178 - - [27/Sep/2016:06:07:08 +0300] "GET /cinemaTicket/showtimes HTTP/1.0" 200 25856 "http://www.kristall-kino.ru/cinema/film/789" "Mozilla/5.0 (Windows NT 5.1; rv:49.0) Gecko/20100101 Firefox/49.0"
176.59.148.210 - - [27/Sep/2016:06:07:09 +0300] "GET /cinemaTicket/showtimes/list/date/01.10.2016 HTTP/1.0" 200 25269 "http://kristall-kino.ru/cinemaTicket/showtimes" "Mozilla/5.0 (iPhone; CPU iPhone OS 10_0_2 like Mac OS X) AppleWebKit/602.1.50 (KHTML, like Gecko) Version/10.0 Mobile/14A456 Safari/602.1"
178.74.99.178 - - [27/Sep/2016:06:07:09 +0300] "GET /flash/baner.swf HTTP/1.0" 200 5330 "http://www.kristall-kino.ru/cinemaTicket/showtimes" "Mozilla/5.0 (Windows NT 5.1; rv:49.0) Gecko/20100101 Firefox/49.0"
188.232.230.118 - - [27/Sep/2016:06:07:09 +0300] "GET /favicon.ico HTTP/1.0" 404 6043 "-" "Mozilla/5.0 (Windows NT 6.1; WOW64) AppleWebKit/537.36 (KHTML, like Gecko) Chrome/52.0.2743.116 YaBrowser/16.9.1.1131 Yowser/2.5 Safari/537.36"
81.23.194.234 - - [27/Sep/2016:06:07:22 +0300] "GET / HTTP/1.0" 200 11522 "https://www.google.ru/" "Mozilla/5.0 (Windows NT 5.1) AppleWebKit/537.36 (KHTML, like Gecko) Chrome/49.0.2623.112 Safari/537.36"
81.23.194.234 - - [27/Sep/2016:06:07:23 +0300] "GET /flash/baner.swf HTTP/1.0" 200 5330 "http://kristall-kino.ru/" "Mozilla/5.0 (Windows NT 5.1) AppleWebKit/537.36 (KHTML, like Gecko) Chrome/49.0.2623.112 Safari/537.36"
81.23.194.234 - - [27/Sep/2016:06:07:26 +0300] "GET /images/favicon.ico HTTP/1.0" 200 1150 "http://kristall-kino.ru/" "Mozilla/5.0 (Windows NT 5.1) AppleWebKit/537.36 (KHTML, like Gecko) Chrome/49.0.2623.112 Safari/537.36"
176.59.148.210 - - [27/Sep/2016:06:07:26 +0300] "GET /cinemaTicket/showtimes/list/date/02.10.2016 HTTP/1.0" 200 24720 "http://kristall-kino.ru/cinemaTicket/showtimes/list/date/01.10.2016" "Mozilla/5.0 (iPhone; CPU iPhone OS 10_0_2 like Mac OS X) AppleWebKit/602.1.50 (KHTML, like Gecko) Version/10.0 Mobile/14A456 Safari/602.1"
81.23.194.234 - - [27/Sep/2016:06:07:34 +0300] "GET /cinema/soon HTTP/1.0" 200 8534 "http://kristall-kino.ru/" "Mozilla/5.0 (Windows NT 5.1) AppleWebKit/537.36 (KHTML, like Gecko) Chrome/49.0.2623.112 Safari/537.36"
81.23.194.234 - - [27/Sep/2016:06:07:36 +0300] "GET /cinema/film/795 HTTP/1.0" 200 7628 "http://kristall-kino.ru/cinema/soon" "Mozilla/5.0 (Windows NT 5.1) AppleWebKit/537.36 (KHTML, like Gecko) Chrome/49.0.2623.112 Safari/537.36"
81.23.194.234 - - [27/Sep/2016:06:07:37 +0300] "GET /flash/player.swf HTTP/1.0" 200 91375 "http://kristall-kino.ru/cinema/film/795" "Mozilla/5.0 (Windows NT 5.1) AppleWebKit/537.36 (KHTML, like Gecko) Chrome/49.0.2623.112 Safari/537.36"
178.74.99.178 - - [27/Sep/2016:06:07:44 +0300] "GET /cinemaTicket/showtimes/list/date/28.09.2016 HTTP/1.0" 200 26678 "http://www.kristall-kino.ru/cinemaTicket/showtimes" "Mozilla/5.0 (Windows NT 5.1; rv:49.0) Gecko/20100101 Firefox/49.0"
178.74.99.178 - - [27/Sep/2016:06:07:46 +0300] "GET /flash/baner.swf HTTP/1.0" 200 5330 "http://www.kristall-kino.ru/cinemaTicket/showtimes/list/date/28.09.2016" "Mozilla/5.0 (Windows NT 5.1; rv:49.0) Gecko/20100101 Firefox/49.0"
62.182.198.76 - - [27/Sep/2016:06:07:50 +0300] "GET /favicon.ico HTTP/1.0" 404 6043 "-" "Mozilla/5.0 (Windows NT 6.1; WOW64) AppleWebKit/537.36 (KHTML, like Gecko) Chrome/52.0.2743.116 YaBrowser/16.9.1.1131 Yowser/2.5 Safari/537.36"
81.23.194.234 - - [27/Sep/2016:06:07:50 +0300] "GET /cinemaTicket/showtimes HTTP/1.0" 200 25856 "http://kristall-kino.ru/cinema/film/795" "Mozilla/5.0 (Windows NT 5.1) AppleWebKit/537.36 (KHTML, like Gecko) Chrome/49.0.2623.112 Safari/537.36"
46.233.219.133 - - [27/Sep/2016:06:07:51 +0300] "GET /cinema/film/785 HTTP/1.0" 200 9507 "http://kristall-kino.ru/cinemaTicket/showtimes" "Mozilla/5.0 (iPhone; CPU iPhone OS 9_3_2 like Mac OS X) AppleWebKit/601.1.46 (KHTML, like Gecko) Version/9.0 Mobile/13F69 Safari/601.1"
81.23.194.234 - - [27/Sep/2016:06:07:55 +0300] "GET /cinemaTicket/showtimes/list/date/29.09.2016 HTTP/1.0" 200 24720 "http://kristall-kino.ru/cinemaTicket/showtimes" "Mozilla/5.0 (Windows NT 5.1) AppleWebKit/537.36 (KHTML, like Gecko) Chrome/49.0.2623.112 Safari/537.36"
178.74.99.178 - - [27/Sep/2016:06:07:59 +0300] "GET /cinemaTicket/showtimes/list/date/30.09.2016 HTTP/1.0" 200 25269 "http://www.kristall-kino.ru/cinemaTicket/showtimes/list/date/28.09.2016" "Mozilla/5.0 (Windows NT 5.1; rv:49.0) Gecko/20100101 Firefox/49.0"
178.74.99.178 - - [27/Sep/2016:06:08:00 +0300] "GET /flash/baner.swf HTTP/1.0" 200 5330 "http://www.kristall-kino.ru/cinemaTicket/showtimes/list/date/30.09.2016" "Mozilla/5.0 (Windows NT 5.1; rv:49.0) Gecko/20100101 Firefox/49.0"
81.23.194.234 - - [27/Sep/2016:06:08:06 +0300] "GET /cinemaTicket/showtimes/list/date/01.10.2016 HTTP/1.0" 200 25269 "http://kristall-kino.ru/cinemaTicket/showtimes/list/date/29.09.2016" "Mozilla/5.0 (Windows NT 5.1) AppleWebKit/537.36 (KHTML, like Gecko) Chrome/49.0.2623.112 Safari/537.36"
188.232.230.118 - - [27/Sep/2016:06:08:09 +0300] "GET /favicon.ico HTTP/1.0" 404 6043 "-" "Mozilla/5.0 (Windows NT 6.1; WOW64) AppleWebKit/537.36 (KHTML, like Gecko) Chrome/52.0.2743.116 YaBrowser/16.9.1.1131 Yowser/2.5 Safari/537.36"
178.74.99.178 - - [27/Sep/2016:06:08:15 +0300] "GET /cinemaTicket/showtimes/list/date/01.10.2016 HTTP/1.0" 200 25269 "http://www.kristall-kino.ru/cinemaTicket/showtimes/list/date/30.09.2016" "Mozilla/5.0 (Windows NT 5.1; rv:49.0) Gecko/20100101 Firefox/49.0"
178.74.99.178 - - [27/Sep/2016:06:08:16 +0300] "GET /flash/baner.swf HTTP/1.0" 200 5330 "http://www.kristall-kino.ru/cinemaTicket/showtimes/list/date/01.10.2016" "Mozilla/5.0 (Windows NT 5.1; rv:49.0) Gecko/20100101 Firefox/49.0"
81.23.194.234 - - [27/Sep/2016:06:08:19 +0300] "GET /cinemaTicket/showtimes/list/date/30.09.2016 HTTP/1.0" 200 25269 "http://kristall-kino.ru/cinemaTicket/showtimes/list/date/01.10.2016" "Mozilla/5.0 (Windows NT 5.1) AppleWebKit/537.36 (KHTML, like Gecko) Chrome/49.0.2623.112 Safari/537.36"
178.74.99.178 - - [27/Sep/2016:06:08:28 +0300] "GET /cinemaTicket/showtimes/list/date/02.10.2016 HTTP/1.0" 200 24720 "http://www.kristall-kino.ru/cinemaTicket/showtimes/list/date/01.10.2016" "Mozilla/5.0 (Windows NT 5.1; rv:49.0) Gecko/20100101 Firefox/49.0"
178.74.99.178 - - [27/Sep/2016:06:08:29 +0300] "GET /flash/baner.swf HTTP/1.0" 200 5330 "http://www.kristall-kino.ru/cinemaTicket/showtimes/list/date/02.10.2016" "Mozilla/5.0 (Windows NT 5.1; rv:49.0) Gecko/20100101 Firefox/49.0"
178.74.99.178 - - [27/Sep/2016:06:08:39 +0300] "GET /cinema/soon HTTP/1.0" 200 8534 "http://www.kristall-kino.ru/cinemaTicket/showtimes/list/date/02.10.2016" "Mozilla/5.0 (Windows NT 5.1; rv:49.0) Gecko/20100101 Firefox/49.0"
46.233.254.123 - - [27/Sep/2016:06:08:39 +0300] "GET /cinemaTicket/showtimes HTTP/1.0" 200 25856 "https://www.google.ru/" "Mozilla/5.0 (iPhone; CPU iPhone OS 9_3_5 like Mac OS X) AppleWebKit/601.1.46 (KHTML, like Gecko) Version/9.0 Mobile/13G36 Safari/601.1"
178.74.99.178 - - [27/Sep/2016:06:08:40 +0300] "GET /flash/baner.swf HTTP/1.0" 200 5330 "http://www.kristall-kino.ru/cinema/soon" "Mozilla/5.0 (Windows NT 5.1; rv:49.0) Gecko/20100101 Firefox/49.0"
62.182.198.76 - - [27/Sep/2016:06:08:50 +0300] "GET /favicon.ico HTTP/1.0" 404 6043 "-" "Mozilla/5.0 (Windows NT 6.1; WOW64) AppleWebKit/537.36 (KHTML, like Gecko) Chrome/52.0.2743.116 YaBrowser/16.9.1.1131 Yowser/2.5 Safari/537.36"
178.74.99.178 - - [27/Sep/2016:06:08:51 +0300] "GET /cinema/film/800 HTTP/1.0" 200 8343 "http://www.kristall-kino.ru/cinema/soon" "Mozilla/5.0 (Windows NT 5.1; rv:49.0) Gecko/20100101 Firefox/49.0"
81.23.194.234 - - [27/Sep/2016:06:08:51 +0300] "GET /cinemaTicket/hall/48729 HTTP/1.0" 200 39365 "http://kristall-kino.ru/cinemaTicket/showtimes/list/date/30.09.2016" "Mozilla/5.0 (Windows NT 5.1) AppleWebKit/537.36 (KHTML, like Gecko) Chrome/49.0.2623.112 Safari/537.36"
178.74.99.178 - - [27/Sep/2016:06:08:52 +0300] "GET /flash/baner.swf HTTP/1.0" 200 5330 "http://www.kristall-kino.ru/cinema/film/800" "Mozilla/5.0 (Windows NT 5.1; rv:49.0) Gecko/20100101 Firefox/49.0"
188.232.230.118 - - [27/Sep/2016:06:09:09 +0300] "GET /favicon.ico HTTP/1.0" 404 6043 "-" "Mozilla/5.0 (Windows NT 6.1; WOW64) AppleWebKit/537.36 (KHTML, like Gecko) Chrome/52.0.2743.116 YaBrowser/16.9.1.1131 Yowser/2.5 Safari/537.36"
176.59.148.210 - - [27/Sep/2016:06:09:29 +0300] "GET /cinemaTicket/showtimes/list/date/29.09.2016 HTTP/1.0" 200 24720 "http://kristall-kino.ru/cinemaTicket/showtimes/list/date/02.10.2016" "Mozilla/5.0 (iPhone; CPU iPhone OS 10_0_2 like Mac OS X) AppleWebKit/602.1.50 (KHTML, like Gecko) Version/10.0 Mobile/14A456 Safari/602.1"
176.59.148.210 - - [27/Sep/2016:06:09:37 +0300] "GET /cinemaTicket/showtimes/list/date/28.09.2016 HTTP/1.0" 200 26678 "http://kristall-kino.ru/cinemaTicket/showtimes/list/date/29.09.2016" "Mozilla/5.0 (iPhone; CPU iPhone OS 10_0_2 like Mac OS X) AppleWebKit/602.1.50 (KHTML, like Gecko) Version/10.0 Mobile/14A456 Safari/602.1"
176.59.148.210 - - [27/Sep/2016:06:09:48 +0300] "GET /cinemaTicket/showtimes/list/date/02.10.2016 HTTP/1.0" 200 24720 "http://kristall-kino.ru/cinemaTicket/showtimes/list/date/28.09.2016" "Mozilla/5.0 (iPhone; CPU iPhone OS 10_0_2 like Mac OS X) AppleWebKit/602.1.50 (KHTML, like Gecko) Version/10.0 Mobile/14A456 Safari/602.1"
62.182.198.76 - - [27/Sep/2016:06:09:50 +0300] "GET /favicon.ico HTTP/1.0" 404 6043 "-" "Mozilla/5.0 (Windows NT 6.1; WOW64) AppleWebKit/537.36 (KHTML, like Gecko) Chrome/52.0.2743.116 YaBrowser/16.9.1.1131 Yowser/2.5 Safari/537.36"
188.232.230.118 - - [27/Sep/2016:06:10:09 +0300] "GET /favicon.ico HTTP/1.0" 404 6043 "-" "Mozilla/5.0 (Windows NT 6.1; WOW64) AppleWebKit/537.36 (KHTML, like Gecko) Chrome/52.0.2743.116 YaBrowser/16.9.1.1131 Yowser/2.5 Safari/537.36"
176.59.148.210 - - [27/Sep/2016:06:10:10 +0300] "GET /cinema/film/795 HTTP/1.0" 200 7628 "http://kristall-kino.ru/cinemaTicket/showtimes/list/date/02.10.2016" "Mozilla/5.0 (iPhone; CPU iPhone OS 10_0_2 like Mac OS X) AppleWebKit/602.1.50 (KHTML, like Gecko) Version/10.0 Mobile/14A456 Safari/602.1"
46.118.155.156 - - [27/Sep/2016:06:10:11 +0300] "GET / HTTP/1.0" 200 11522 "https://takeitdumps.com/" "Mozilla/4.0 (compatible; MSIE 6.0; Windows NT 5.1) Netscape/8.0.4"
46.118.155.156 - - [27/Sep/2016:06:10:12 +0300] "GET / HTTP/1.0" 200 11522 "http://dnepropetrovsk.mistr-x.org/" "Mozilla/4.0 (compatible; MSIE 6.0; Windows NT 5.1) Netscape/8.0.4"
46.118.155.156 - - [27/Sep/2016:06:10:12 +0300] "GET / HTTP/1.0" 200 11522 "https://takeitdumps.com/" "Mozilla/4.0 (compatible; MSIE 6.0; Windows NT 5.1) Netscape/8.0.4"
46.118.155.156 - - [27/Sep/2016:06:10:13 +0300] "GET / HTTP/1.0" 200 11522 "https://takeitdumps.com/" "Mozilla/4.0 (compatible; MSIE 6.0; Windows NT 5.1) Netscape/8.0.4"
46.118.155.156 - - [27/Sep/2016:06:10:17 +0300] "GET / HTTP/1.0" 200 11522 "http://dnepropetrovsk.mistr-x.org/" "Mozilla/4.0 (compatible; MSIE 6.0; Windows NT 5.1) Netscape/8.0.4"
62.182.198.76 - - [27/Sep/2016:06:10:50 +0300] "GET /favicon.ico HTTP/1.0" 404 6043 "-" "Mozilla/5.0 (Windows NT 6.1; WOW64) AppleWebKit/537.36 (KHTML, like Gecko) Chrome/52.0.2743.116 YaBrowser/16.9.1.1131 Yowser/2.5 Safari/537.36"
176.59.151.94 - - [27/Sep/2016:06:10:54 +0300] "GET /cinemaTicket/showtimes HTTP/1.0" 200 25856 "-" "Mozilla/5.0 (iPhone; CPU iPhone OS 10_0_2 like Mac OS X) AppleWebKit/602.1.50 (KHTML, like Gecko) Version/10.0 Mobile/14A456 Safari/602.1"
80.83.238.18 - - [27/Sep/2016:06:11:06 +0300] "GET /cinemaTicket/showtimes HTTP/1.0" 200 25856 "https://www.google.ru/" "Mozilla/5.0 (iPhone; CPU iPhone OS 7_1_2 like Mac OS X) AppleWebKit/537.51.2 (KHTML, like Gecko) Version/7.0 Mobile/11D257 Safari/9537.53"
66.249.66.129 - - [27/Sep/2016:06:11:07 +0300] "GET /cinema/film/735 HTTP/1.0" 200 7674 "-" "Mozilla/5.0 (compatible; Googlebot/2.1; +http://www.google.com/bot.html)"
188.232.230.118 - - [27/Sep/2016:06:11:09 +0300] "GET /favicon.ico HTTP/1.0" 404 6043 "-" "Mozilla/5.0 (Windows NT 6.1; WOW64) AppleWebKit/537.36 (KHTML, like Gecko) Chrome/52.0.2743.116 YaBrowser/16.9.1.1131 Yowser/2.5 Safari/537.36"
31.173.242.108 - - [27/Sep/2016:06:11:28 +0300] "GET / HTTP/1.0" 200 11522 "https://yandex.ru/search/touch/?text=%D0%BA%D1%80%D0%B8%D1%81%D1%82%D0%B0%D0%BB%D0%BB%20%D0%BE%D0%BC%D1%81%D0%BA%20&lr=66&clid=2172941" "Mozilla/5.0 (Linux; Android 4.4.2; ARK Benefit M5 Build/KOT49H) AppleWebKit/537.36 (KHTML, like Gecko) Version/4.0 Chrome/30.0.0.0 Mobile Safari/537.36"
31.173.242.108 - - [27/Sep/2016:06:11:34 +0300] "GET /images/favicon.ico HTTP/1.0" 200 1150 "-" "Mozilla/5.0 (Linux; Android 4.4.2; ARK Benefit M5 Build/KOT49H) AppleWebKit/537.36 (KHTML, like Gecko) Version/4.0 Chrome/30.0.0.0 Mobile Safari/537.36"
62.182.198.76 - - [27/Sep/2016:06:11:50 +0300] "GET /favicon.ico HTTP/1.0" 404 6043 "-" "Mozilla/5.0 (Windows NT 6.1; WOW64) AppleWebKit/537.36 (KHTML, like Gecko) Chrome/52.0.2743.116 YaBrowser/16.9.1.1131 Yowser/2.5 Safari/537.36"
176.59.139.184 - - [27/Sep/2016:06:11:59 +0300] "GET / HTTP/1.0" 200 11522 "http://www.kristall-kino.ru/cinema/film/765" "Mozilla/5.0 (iPhone; CPU iPhone OS 9_3_4 like Mac OS X) AppleWebKit/601.1.46 (KHTML, like Gecko) Version/9.0 Mobile/13G35 Safari/601.1"
188.232.230.118 - - [27/Sep/2016:06:12:09 +0300] "GET /favicon.ico HTTP/1.0" 404 6043 "-" "Mozilla/5.0 (Windows NT 6.1; WOW64) AppleWebKit/537.36 (KHTML, like Gecko) Chrome/52.0.2743.116 YaBrowser/16.9.1.1131 Yowser/2.5 Safari/537.36"
31.173.242.108 - - [27/Sep/2016:06:12:10 +0300] "GET /cinema/film/792 HTTP/1.0" 200 9757 "http://www.kristall-kino.ru/" "Mozilla/5.0 (Linux; Android 4.4.2; ARK Benefit M5 Build/KOT49H) AppleWebKit/537.36 (KHTML, like Gecko) Version/4.0 Chrome/30.0.0.0 Mobile Safari/537.36"
80.83.238.18 - - [27/Sep/2016:06:12:22 +0300] "GET /cinema/film/794 HTTP/1.0" 200 9435 "http://kristall-kino.ru/cinemaTicket/showtimes" "Mozilla/5.0 (iPhone; CPU iPhone OS 7_1_2 like Mac OS X) AppleWebKit/537.51.2 (KHTML, like Gecko) Version/7.0 Mobile/11D257 Safari/9537.53"
31.173.242.108 - - [27/Sep/2016:06:12:42 +0300] "GET / HTTP/1.0" 200 11522 "https://yandex.ru/search/touch/?text=%D0%BA%D1%80%D0%B8%D1%81%D1%82%D0%B0%D0%BB%D0%BB%20%D0%BE%D0%BC%D1%81%D0%BA%20&lr=66&clid=2172941" "Mozilla/5.0 (Linux; Android 4.4.2; ARK Benefit M5 Build/KOT49H) AppleWebKit/537.36 (KHTML, like Gecko) Version/4.0 Chrome/30.0.0.0 Mobile Safari/537.36"
31.173.242.108 - - [27/Sep/2016:06:12:50 +0300] "GET /cinema/film/765 HTTP/1.0" 200 7765 "http://www.kristall-kino.ru/" "Mozilla/5.0 (Linux; Android 4.4.2; ARK Benefit M5 Build/KOT49H) AppleWebKit/537.36 (KHTML, like Gecko) Version/4.0 Chrome/30.0.0.0 Mobile Safari/537.36"
62.182.198.76 - - [27/Sep/2016:06:12:50 +0300] "GET /favicon.ico HTTP/1.0" 404 6043 "-" "Mozilla/5.0 (Windows NT 6.1; WOW64) AppleWebKit/537.36 (KHTML, like Gecko) Chrome/52.0.2743.116 YaBrowser/16.9.1.1131 Yowser/2.5 Safari/537.36"
188.232.230.118 - - [27/Sep/2016:06:13:09 +0300] "GET /favicon.ico HTTP/1.0" 404 6043 "-" "Mozilla/5.0 (Windows NT 6.1; WOW64) AppleWebKit/537.36 (KHTML, like Gecko) Chrome/52.0.2743.116 YaBrowser/16.9.1.1131 Yowser/2.5 Safari/537.36"
31.173.242.108 - - [27/Sep/2016:06:13:19 +0300] "GET / HTTP/1.0" 200 11522 "https://yandex.ru/search/touch/?text=%D0%BA%D1%80%D0%B8%D1%81%D1%82%D0%B0%D0%BB%D0%BB%20%D0%BE%D0%BC%D1%81%D0%BA%20&lr=66&clid=2172941" "Mozilla/5.0 (Linux; Android 4.4.2; ARK Benefit M5 Build/KOT49H) AppleWebKit/537.36 (KHTML, like Gecko) Version/4.0 Chrome/30.0.0.0 Mobile Safari/537.36"
31.173.242.108 - - [27/Sep/2016:06:13:35 +0300] "GET /cinema/film/765 HTTP/1.0" 200 7765 "http://www.kristall-kino.ru/" "Mozilla/5.0 (Linux; Android 4.4.2; ARK Benefit M5 Build/KOT49H) AppleWebKit/537.36 (KHTML, like Gecko) Version/4.0 Chrome/30.0.0.0 Mobile Safari/537.36"
66.249.66.129 - - [27/Sep/2016:06:13:43 +0300] "GET /cinema/film/771 HTTP/1.0" 200 7879 "-" "Mozilla/5.0 (Linux; Android 6.0.1; Nexus 5X Build/MMB29P) AppleWebKit/537.36 (KHTML, like Gecko) Chrome/41.0.2272.96 Mobile Safari/537.36 (compatible; Googlebot/2.1; +http://www.google.com/bot.html)"
62.182.198.76 - - [27/Sep/2016:06:13:50 +0300] "GET /favicon.ico HTTP/1.0" 404 6043 "-" "Mozilla/5.0 (Windows NT 6.1; WOW64) AppleWebKit/537.36 (KHTML, like Gecko) Chrome/52.0.2743.116 YaBrowser/16.9.1.1131 Yowser/2.5 Safari/537.36"
31.173.242.108 - - [27/Sep/2016:06:13:53 +0300] "GET /news/news/read/url/prodazha-biletov-onlajn HTTP/1.0" 200 5937 "http://www.kristall-kino.ru/cinema/film/765" "Mozilla/5.0 (Linux; Android 4.4.2; ARK Benefit M5 Build/KOT49H) AppleWebKit/537.36 (KHTML, like Gecko) Version/4.0 Chrome/30.0.0.0 Mobile Safari/537.36"
31.173.242.108 - - [27/Sep/2016:06:14:09 +0300] "GET /cinema/film/765 HTTP/1.0" 200 7765 "http://www.kristall-kino.ru/" "Mozilla/5.0 (Linux; Android 4.4.2; ARK Benefit M5 Build/KOT49H) AppleWebKit/537.36 (KHTML, like Gecko) Version/4.0 Chrome/30.0.0.0 Mobile Safari/537.36"
188.232.230.118 - - [27/Sep/2016:06:14:09 +0300] "GET /favicon.ico HTTP/1.0" 404 6043 "-" "Mozilla/5.0 (Windows NT 6.1; WOW64) AppleWebKit/537.36 (KHTML, like Gecko) Chrome/52.0.2743.116 YaBrowser/16.9.1.1131 Yowser/2.5 Safari/537.36"
95.189.158.60 - - [27/Sep/2016:06:14:20 +0300] "GET / HTTP/1.0" 200 11522 "http://www.google.ru/search?hl=ru-RU&ie=UTF-8&source=android-browser&q=%D0%BA%D1%80%D0%B8%D1%81%D1%82%D0%B0%D0%BB%D0%BB+%D0%BE%D0%BC%D1%81%D0%BA&gws_rd=cr&ei=A-TpV4ueNYmSsAGlv6zoBQ" "Mozilla/5.0 (Linux; U; Android 4.2.2; ru-ru; Fly IQ4403 Build/JDQ39) AppleWebKit/534.30 (KHTML, like Gecko) Version/4.0 Mobile Safari/534.30"
95.189.158.60 - - [27/Sep/2016:06:14:24 +0300] "GET /images/favicon.ico HTTP/1.0" 200 1150 "http://kristall-kino.ru/" "Mozilla/5.0 (Linux; U; Android 4.2.2; ru-ru; Fly IQ4403 Build/JDQ39) AppleWebKit/534.30 (KHTML, like Gecko) Version/4.0 Mobile Safari/534.30"
62.182.198.76 - - [27/Sep/2016:06:14:50 +0300] "GET /favicon.ico HTTP/1.0" 404 6043 "-" "Mozilla/5.0 (Windows NT 6.1; WOW64) AppleWebKit/537.36 (KHTML, like Gecko) Chrome/52.0.2743.116 YaBrowser/16.9.1.1131 Yowser/2.5 Safari/537.36"
188.232.230.118 - - [27/Sep/2016:06:15:09 +0300] "GET /favicon.ico HTTP/1.0" 404 6043 "-" "Mozilla/5.0 (Windows NT 6.1; WOW64) AppleWebKit/537.36 (KHTML, like Gecko) Chrome/52.0.2743.116 YaBrowser/16.9.1.1131 Yowser/2.5 Safari/537.36"
66.249.66.189 - - [27/Sep/2016:06:15:18 +0300] "GET /user/registration/captcha/v/57ddd1e531a07 HTTP/1.0" 200 6233 "-" "Googlebot-Image/1.0"
62.182.198.76 - - [27/Sep/2016:06:15:50 +0300] "GET /favicon.ico HTTP/1.0" 404 6043 "-" "Mozilla/5.0 (Windows NT 6.1; WOW64) AppleWebKit/537.36 (KHTML, like Gecko) Chrome/52.0.2743.116 YaBrowser/16.9.1.1131 Yowser/2.5 Safari/537.36"
188.232.230.118 - - [27/Sep/2016:06:16:09 +0300] "GET /favicon.ico HTTP/1.0" 404 6043 "-" "Mozilla/5.0 (Windows NT 6.1; WOW64) AppleWebKit/537.36 (KHTML, like Gecko) Chrome/52.0.2743.116 YaBrowser/16.9.1.1131 Yowser/2.5 Safari/537.36"
5.167.64.225 - - [27/Sep/2016:06:16:10 +0300] "GET / HTTP/1.0" 200 11522 "-" "Mozilla/5.0 (Windows NT 5.1) AppleWebKit/537.36 (KHTML, like Gecko) Chrome/49.0.2623.112 Safari/537.36"
5.167.64.225 - - [27/Sep/2016:06:16:12 +0300] "GET /flash/baner.swf HTTP/1.0" 200 5330 "http://kristall-kino.ru/" "Mozilla/5.0 (Windows NT 5.1) AppleWebKit/537.36 (KHTML, like Gecko) Chrome/49.0.2623.112 Safari/537.36"
5.167.64.225 - - [27/Sep/2016:06:16:12 +0300] "GET /images/favicon.ico HTTP/1.0" 200 1150 "http://kristall-kino.ru/" "Mozilla/5.0 (Windows NT 5.1) AppleWebKit/537.36 (KHTML, like Gecko) Chrome/49.0.2623.112 Safari/537.36"
5.167.64.225 - - [27/Sep/2016:06:16:13 +0300] "GET /cinemaTicket/showtimes HTTP/1.0" 200 25856 "http://kristall-kino.ru/" "Mozilla/5.0 (Windows NT 5.1) AppleWebKit/537.36 (KHTML, like Gecko) Chrome/49.0.2623.112 Safari/537.36"
62.182.198.76 - - [27/Sep/2016:06:16:50 +0300] "GET /favicon.ico HTTP/1.0" 404 6043 "-" "Mozilla/5.0 (Windows NT 6.1; WOW64) AppleWebKit/537.36 (KHTML, like Gecko) Chrome/52.0.2743.116 YaBrowser/16.9.1.1131 Yowser/2.5 Safari/537.36"
40.77.167.92 - - [27/Sep/2016:06:16:54 +0300] "GET /cinema/film/657 HTTP/1.0" 200 7808 "-" "Mozilla/5.0 (compatible; bingbot/2.0; +http://www.bing.com/bingbot.htm)"
188.232.230.118 - - [27/Sep/2016:06:17:09 +0300] "GET /favicon.ico HTTP/1.0" 404 6043 "-" "Mozilla/5.0 (Windows NT 6.1; WOW64) AppleWebKit/537.36 (KHTML, like Gecko) Chrome/52.0.2743.116 YaBrowser/16.9.1.1131 Yowser/2.5 Safari/537.36"
92.126.196.222 - - [27/Sep/2016:06:17:35 +0300] "GET / HTTP/1.0" 200 11522 "-" "Mozilla/5.0 (Windows NT 6.1; WOW64) AppleWebKit/537.36 (KHTML, like Gecko) Chrome/53.0.2785.116 Safari/537.36"
92.255.190.225 - - [27/Sep/2016:06:17:35 +0300] "GET / HTTP/1.0" 200 11522 "http://www.bing.com/search?q=%D0%BA%D0%B8%D0%BD%D0%BE%D1%82%D0%B5%D0%B0%D1%82%D1%80+%D0%9A%D1%80%D0%B8%D1%81%D1%82%D0%B0%D0%BB%D0%BB&src=IE-TopResult&FORM=IE11TR&conversationid=" "Mozilla/5.0 (Windows NT 6.1; Trident/7.0; rv:11.0) like Gecko"
92.126.196.222 - - [27/Sep/2016:06:17:37 +0300] "GET /flash/baner.swf HTTP/1.0" 200 5330 "http://www.kristall-kino.ru/" "Mozilla/5.0 (Windows NT 6.1; WOW64) AppleWebKit/537.36 (KHTML, like Gecko) Chrome/53.0.2785.116 Safari/537.36"
92.126.196.222 - - [27/Sep/2016:06:17:37 +0300] "GET /images/favicon.ico HTTP/1.0" 200 1150 "http://www.kristall-kino.ru/" "Mozilla/5.0 (Windows NT 6.1; WOW64) AppleWebKit/537.36 (KHTML, like Gecko) Chrome/53.0.2785.116 Safari/537.36"
94.137.61.12 - - [27/Sep/2016:06:17:38 +0300] "GET / HTTP/1.0" 200 11522 "https://yandex.ru/search/touch/?lr=66&msid=1474610054.52342.20944.30823&text=%D0%BA%D1%80%D0%B8%D1%81%D1%82%D0%B0%D0%BB%D0%BB%20%D0%BA%D0%B8%D0%BD%D0%BE%D1%82%D0%B5%D0%B0%D1%82%D1%80%20" "Mozilla/5.0 (Linux; Android 5.1.1; SM-G531H Build/LMY48B) AppleWebKit/537.36 (KHTML, like Gecko) Chrome/49.0.2623.105 Mobile Safari/537.36"
92.255.190.225 - - [27/Sep/2016:06:17:40 +0300] "GET /flash/baner.swf HTTP/1.0" 304 - "http://kristall-kino.ru/" "Mozilla/5.0 (Windows NT 6.1; Trident/7.0; rv:11.0) like Gecko"
92.255.190.225 - - [27/Sep/2016:06:17:41 +0300] "GET /images/favicon.ico HTTP/1.0" 304 - "-" "Mozilla/5.0 (Windows NT 6.1; Trident/7.0; rv:11.0) like Gecko"
62.182.198.76 - - [27/Sep/2016:06:17:50 +0300] "GET /favicon.ico HTTP/1.0" 404 6043 "-" "Mozilla/5.0 (Windows NT 6.1; WOW64) AppleWebKit/537.36 (KHTML, like Gecko) Chrome/52.0.2743.116 YaBrowser/16.9.1.1131 Yowser/2.5 Safari/537.36"
92.126.196.222 - - [27/Sep/2016:06:17:50 +0300] "GET /cinemaTicket/showtimes HTTP/1.0" 200 25856 "http://www.kristall-kino.ru/" "Mozilla/5.0 (Windows NT 6.1; WOW64) AppleWebKit/537.36 (KHTML, like Gecko) Chrome/53.0.2785.116 Safari/537.36"
77.221.219.199 - - [27/Sep/2016:06:17:56 +0300] "GET / HTTP/1.0" 200 11522 "-" "Mozilla/5.0 (Windows NT 6.1; rv:49.0) Gecko/20100101 Firefox/49.0"
77.221.219.199 - - [27/Sep/2016:06:18:00 +0300] "GET /images/favicon.ico HTTP/1.0" 200 1150 "-" "Mozilla/5.0 (Windows NT 6.1; rv:49.0) Gecko/20100101 Firefox/49.0"
92.126.196.222 - - [27/Sep/2016:06:18:05 +0300] "GET /cinemaTicket/showtimes/list/date/01.10.2016 HTTP/1.0" 200 25269 "http://www.kristall-kino.ru/cinemaTicket/showtimes" "Mozilla/5.0 (Windows NT 6.1; WOW64) AppleWebKit/537.36 (KHTML, like Gecko) Chrome/53.0.2785.116 Safari/537.36"
92.255.190.225 - - [27/Sep/2016:06:18:07 +0300] "GET /cinema/film/792 HTTP/1.0" 200 9753 "http://kristall-kino.ru/" "Mozilla/5.0 (Windows NT 6.1; Trident/7.0; rv:11.0) like Gecko"
92.255.190.225 - - [27/Sep/2016:06:18:08 +0300] "GET /flash/player.swf HTTP/1.0" 304 - "http://kristall-kino.ru/cinema/film/792" "Mozilla/5.0 (Windows NT 6.1; Trident/7.0; rv:11.0) like Gecko"
188.232.230.118 - - [27/Sep/2016:06:18:09 +0300] "GET /favicon.ico HTTP/1.0" 404 6043 "-" "Mozilla/5.0 (Windows NT 6.1; WOW64) AppleWebKit/537.36 (KHTML, like Gecko) Chrome/52.0.2743.116 YaBrowser/16.9.1.1131 Yowser/2.5 Safari/537.36"
62.182.198.76 - - [27/Sep/2016:06:18:50 +0300] "GET /favicon.ico HTTP/1.0" 404 6043 "-" "Mozilla/5.0 (Windows NT 6.1; WOW64) AppleWebKit/537.36 (KHTML, like Gecko) Chrome/52.0.2743.116 YaBrowser/16.9.1.1131 Yowser/2.5 Safari/537.36"
176.59.140.247 - - [27/Sep/2016:06:18:52 +0300] "GET / HTTP/1.0" 200 11522 "-" "Mozilla/5.0 (Linux; U; Android 2.3.6; ru-ru; GT-I9001 Build/GINGERBREAD) AppleWebKit/533.1 (KHTML, like Gecko) Version/4.0 Mobile Safari/533.1"
176.59.140.247 - - [27/Sep/2016:06:18:58 +0300] "GET /flash/baner.swf HTTP/1.0" 200 5330 "http://www.kristall-kino.ru/" "Mozilla/5.0 (Linux; U; Android 2.3.6; ru-ru; GT-I9001 Build/GINGERBREAD) AppleWebKit/533.1 (KHTML, like Gecko) Version/4.0 Mobile Safari/533.1"
176.59.140.247 - - [27/Sep/2016:06:19:00 +0300] "GET /images/favicon.ico HTTP/1.0" 200 1150 "http://www.kristall-kino.ru/" "Mozilla/5.0 (Linux; U; Android 2.3.6; ru-ru; GT-I9001 Build/GINGERBREAD) AppleWebKit/533.1 (KHTML, like Gecko) Version/4.0 Mobile Safari/533.1"
176.59.140.247 - - [27/Sep/2016:06:19:02 +0300] "GET /cinemaTicket/showtimes HTTP/1.0" 200 25856 "http://www.kristall-kino.ru/" "Mozilla/5.0 (Linux; U; Android 2.3.6; ru-ru; GT-I9001 Build/GINGERBREAD) AppleWebKit/533.1 (KHTML, like Gecko) Version/4.0 Mobile Safari/533.1"
188.232.230.118 - - [27/Sep/2016:06:19:09 +0300] "GET /favicon.ico HTTP/1.0" 404 6043 "-" "Mozilla/5.0 (Windows NT 6.1; WOW64) AppleWebKit/537.36 (KHTML, like Gecko) Chrome/52.0.2743.116 YaBrowser/16.9.1.1131 Yowser/2.5 Safari/537.36"
176.59.140.247 - - [27/Sep/2016:06:19:33 +0300] "GET /cinemaTicket/showtimes/list/date/01.10.2016 HTTP/1.0" 200 25269 "http://www.kristall-kino.ru/cinemaTicket/showtimes" "Mozilla/5.0 (Linux; U; Android 2.3.6; ru-ru; GT-I9001 Build/GINGERBREAD) AppleWebKit/533.1 (KHTML, like Gecko) Version/4.0 Mobile Safari/533.1"
37.115.184.191 - - [27/Sep/2016:06:19:33 +0300] "GET / HTTP/1.0" 200 11522 "http://avtolombard-krasnodar.ru/" "Mozilla/4.0 (compatible; MSIE 6.0; Windows NT 5.1) Netscape/8.0.4"
37.115.184.191 - - [27/Sep/2016:06:19:34 +0300] "GET / HTTP/1.0" 200 11522 "http://expresstoplivo.ru/" "Mozilla/4.0 (compatible; MSIE 6.0; Windows NT 5.1) Netscape/8.0.4"
37.115.184.191 - - [27/Sep/2016:06:19:34 +0300] "GET / HTTP/1.0" 200 11522 "http://brains2.biz/" "Mozilla/4.0 (compatible; MSIE 6.0; Windows NT 5.1) Netscape/8.0.4"
37.115.184.191 - - [27/Sep/2016:06:19:34 +0300] "GET / HTTP/1.0" 200 11522 "http://souvenir.cc/" "Mozilla/4.0 (compatible; MSIE 6.0; Windows NT 5.1) Netscape/8.0.4"
37.115.184.191 - - [27/Sep/2016:06:19:34 +0300] "GET / HTTP/1.0" 200 11522 "http://expresstoplivo.ru/" "Mozilla/4.0 (compatible; MSIE 6.0; Windows NT 5.1) Netscape/8.0.4"
37.115.184.191 - - [27/Sep/2016:06:19:34 +0300] "GET / HTTP/1.0" 200 11522 "http://souvenir.cc/" "Mozilla/4.0 (compatible; MSIE 6.0; Windows NT 5.1) Netscape/8.0.4"
37.115.184.191 - - [27/Sep/2016:06:19:34 +0300] "GET / HTTP/1.0" 200 11522 "http://brains2.biz/" "Mozilla/4.0 (compatible; MSIE 6.0; Windows NT 5.1) Netscape/8.0.4"
37.115.184.191 - - [27/Sep/2016:06:19:35 +0300] "GET / HTTP/1.0" 200 11522 "http://expresstoplivo.ru/" "Mozilla/4.0 (compatible; MSIE 6.0; Windows NT 5.1) Netscape/8.0.4"
37.115.184.191 - - [27/Sep/2016:06:19:35 +0300] "GET / HTTP/1.0" 200 11522 "http://souvenir.cc/" "Mozilla/4.0 (compatible; MSIE 6.0; Windows NT 5.1) Netscape/8.0.4"
37.115.184.191 - - [27/Sep/2016:06:19:36 +0300] "GET / HTTP/1.0" 200 11522 "http://brains2.biz/" "Mozilla/4.0 (compatible; MSIE 6.0; Windows NT 5.1) Netscape/8.0.4"
37.115.184.191 - - [27/Sep/2016:06:19:37 +0300] "GET / HTTP/1.0" 200 11522 "http://avtolombard-krasnodar.ru/" "Mozilla/4.0 (compatible; MSIE 6.0; Windows NT 5.1) Netscape/8.0.4"
37.115.184.191 - - [27/Sep/2016:06:19:37 +0300] "GET / HTTP/1.0" 200 11522 "http://avtolombard-krasnodar.ru/" "Mozilla/4.0 (compatible; MSIE 6.0; Windows NT 5.1) Netscape/8.0.4"
62.182.198.76 - - [27/Sep/2016:06:19:50 +0300] "GET /favicon.ico HTTP/1.0" 404 6043 "-" "Mozilla/5.0 (Windows NT 6.1; WOW64) AppleWebKit/537.36 (KHTML, like Gecko) Chrome/52.0.2743.116 YaBrowser/16.9.1.1131 Yowser/2.5 Safari/537.36"
176.59.140.247 - - [27/Sep/2016:06:19:54 +0300] "GET /favicon.ico HTTP/1.0" 404 6043 "-" "okhttp/2.3.0"
92.126.196.222 - - [27/Sep/2016:06:20:02 +0300] "GET /cinemaTicket/hall/48750 HTTP/1.0" 200 38609 "http://www.kristall-kino.ru/cinemaTicket/showtimes/list/date/01.10.2016" "Mozilla/5.0 (Windows NT 6.1; WOW64) AppleWebKit/537.36 (KHTML, like Gecko) Chrome/53.0.2785.116 Safari/537.36"
